******************************************************************************
                  TI ARM Linker PC v20.2.7                     
******************************************************************************
>> Linked Mon Apr 27 18:11:28 2026

OUTPUT FILE NAME:   <288FinalProj.out>
ENTRY POINT SYMBOL: "_c_int00_noargs"  address: 00007521


MEMORY CONFIGURATION

         name            origin    length      used     unused   attr    fill
----------------------  --------  ---------  --------  --------  ----  --------
  FLASH                 00000000   00040000  00007be7  00038419  R  X
  SRAM                  20000000   00008000  000024f3  00005b0d  RW X


SEGMENT ALLOCATION MAP

run origin  load origin   length   init length attrs members
----------  ----------- ---------- ----------- ----- -------
00000000    00000000    00007bf0   00007bf0    r-x
  00000000    00000000    0000026c   0000026c    r-- .intvecs
  0000026c    0000026c    00007508   00007508    r-x .text
  00007778    00007778    0000040b   0000040b    r-- .const
  00007b88    00007b88    00000068   00000068    r-- .cinit
20000000    20000000    000024f8   00000000    rw-
  20000000    20000000    0000026c   00000000    rw- .vtable
  20000270    20000270    00001000   00000000    rw- .stack
  20001270    20001270    00001000   00000000    rw- .sysmem
  20002270    20002270    000001db   00000000    rw- .bss
  2000244c    2000244c    000000ac   00000000    rw- .data


SECTION ALLOCATION MAP

 output                                  attributes/
section   page    origin      length       input sections
--------  ----  ----------  ----------   ----------------
.intvecs   0    00000000    0000026c     
                  00000000    0000026c     tm4c1230h6pm_startup_ccs.obj (.intvecs)

.text      0    0000026c    00007508     
                  0000026c    00000c20     open_interface.obj (.text)
                  00000e8c    00000a5c     main.obj (.text)
                  000018e8    00000a4e     rtsv7M4_T_le_v4SPD16_eabi.lib : _printfi.c.obj (.text:__TI_printfi)
                  00002336    00000002                                   : _lock.c.obj (.text:_nop)
                  00002338    000008d8     movement.obj (.text)
                  00002c10    00000738     rtsv7M4_T_le_v4SPD16_eabi.lib : k_rem_pio2.c.obj (.text:__kernel_rem_pio2)
                  00003348    000005e0                                   : s_sin.c.obj (.text:sin)
                  00003928    000005dc                                   : s_cos.c.obj (.text:cos)
                  00003f04    00000508                                   : s_tan.c.obj (.text:tan)
                  0000440c    00000328     lcd.obj (.text)
                  00004734    0000031c     rtsv7M4_T_le_v4SPD16_eabi.lib : k_tan.c.obj (.text:__kernel_tan)
                  00004a50    000002ec                                   : s_atan.c.obj (.text:atan)
                  00004d3c    000002bc     servo.obj (.text)
                  00004ff8    0000027c     ping_template.obj (.text)
                  00005274    00000270     rtsv7M4_T_le_v4SPD16_eabi.lib : _printfi.c.obj (.text:_pconv_a)
                  000054e4    00000248     Timer.obj (.text)
                  0000572c    0000022c     uart-interrupt.obj (.text)
                  00005958    000001e4     rtsv7M4_T_le_v4SPD16_eabi.lib : e_atan2.c.obj (.text:atan2)
                  00005b3c    000001d0                                   : _printfi.c.obj (.text:_pconv_g)
                  00005d0c    000001b6                                   : fd_add_t2.asm.obj (.text)
                  00005ec2    00000002                                   : div0.asm.obj (.text)
                  00005ec4    00000174                                   : k_sin.c.obj (.text:__kernel_sin)
                  00006038    00000170                                   : k_cos.c.obj (.text:__kernel_cos)
                  000061a8    00000158                                   : e_sqrt.c.obj (.text:sqrt)
                  00006300    0000013c                                   : _printfi.c.obj (.text:_pconv_e)
                  0000643c    00000136                                   : fd_div_t2.asm.obj (.text)
                  00006572    00000002     --HOLE-- [fill = 0]
                  00006574    00000124                                   : _printfi.c.obj (.text:fcvt)
                  00006698    00000110                                   : s_scalbn.c.obj (.text:scalbn)
                  000067a8    00000100                                   : memory.c.obj (.text:aligned_alloc)
                  000068a8    000000fc                                   : fd_mul_t2.asm.obj (.text)
                  000069a4    000000f8                                   : s_floor.c.obj (.text:floor)
                  00006a9c    000000e4     adc.obj (.text)
                  00006b80    000000e4     rtsv7M4_T_le_v4SPD16_eabi.lib : memory.c.obj (.text:free)
                  00006c64    000000b1                                   : _printfi.c.obj (.text:_ltostr)
                  00006d15    00000001     --HOLE-- [fill = 0]
                  00006d16    0000009c                                   : memcpy_t2.asm.obj (.text)
                  00006db2    00000096                                   : ull_div_t2.asm.obj (.text)
                  00006e48    00000086                                   : fd_cmp_t2.asm.obj (.text:__aeabi_cdcmple)
                  00006ece    00000086                                   : fd_cmp_t2.asm.obj (.text:__aeabi_cdrcmple)
                  00006f54    0000007a                                   : memset_t2.asm.obj (.text)
                  00006fce    00000002     --HOLE-- [fill = 0]
                  00006fd0    00000070                                   : memory.c.obj (.text:split)
                  00007040    0000006e                                   : _printfi.c.obj (.text:_mcpy)
                  000070ae    0000006e                                   : fd_tos_t2.asm.obj (.text)
                  0000711c    00000068                                   : copy_decompress_lzss.c.obj (.text:decompress:lzss:__TI_decompress_lzss)
                  00007184    00000064                                   : s_frexp.c.obj (.text:frexp)
                  000071e8    00000056                                   : _printfi.c.obj (.text:_pconv_f)
                  0000723e    00000054                                   : _ltoa.c.obj (.text:__TI_ltoa)
                  00007292    00000052                                   : _printfi.c.obj (.text:_ecpy)
                  000072e4    0000004c                                   : atoi.c.obj (.text:atoi)
                  00007330    00000048                                   : fd_toi_t2.asm.obj (.text)
                  00007378    00000044                                   : autoinit.c.obj (.text:__TI_auto_init_nobinit_nopinit:__TI_auto_init_nobinit_nopinit)
                  000073bc    00000040                                   : sprintf.c.obj (.text:sprintf)
                  000073fc    00000040                                   : vsnprintf.c.obj (.text:vsnprintf)
                  0000743c    0000003e                                   : _printfi.c.obj (.text:_fcpy)
                  0000747a    00000002     --HOLE-- [fill = 0]
                  0000747c    00000038                                   : memory.c.obj (.text:calloc)
                  000074b4    00000038                                   : fs_tod_t2.asm.obj (.text)
                  000074ec    00000034     driverlib.lib : interrupt.obj (.text:IntRegister)
                  00007520    00000034     rtsv7M4_T_le_v4SPD16_eabi.lib : boot_cortex_m.c.obj (.text:_c_int00_noargs:_c_int00_noargs)
                  00007554    00000030                                   : vsnprintf.c.obj (.text:_outs)
                  00007584    0000002e                                   : i_tofd_t2.asm.obj (.text)
                  000075b2    00000002     --HOLE-- [fill = 0]
                  000075b4    00000028                                   : memory.c.obj (.text:free_list_insert)
                  000075dc    00000020                                   : u_tofd_t2.asm.obj (.text)
                  000075fc    0000001c                                   : memory.c.obj (.text:free_list_remove)
                  00007618    0000001c                                   : memccpy.c.obj (.text:memccpy)
                  00007634    0000001a                                   : s_copysign.c.obj (.text:copysign)
                  0000764e    00000018                                   : vsnprintf.c.obj (.text:_outc)
                  00007666    00000018                                   : sprintf.c.obj (.text:_outs)
                  0000767e    00000018     open_interface.obj (.text:oi_parseInt)
                  00007696    00000018     rtsv7M4_T_le_v4SPD16_eabi.lib : strcmp.c.obj (.text:strcmp)
                  000076ae    00000016                                   : strchr.c.obj (.text:strchr)
                  000076c4    00000014                                   : strcpy.c.obj (.text:strcpy)
                  000076d8    00000014                                   : strlen.c.obj (.text:strlen)
                  000076ec    00000012                                   : wcslen.c.obj (.text:wcslen)
                  000076fe    00000010     driverlib.lib : interrupt.obj (.text:IntMasterEnable)
                  0000770e    00000010     lcd.obj (.text:lcd_clear)
                  0000771e    0000000e     rtsv7M4_T_le_v4SPD16_eabi.lib : copy_decompress_none.c.obj (.text:decompress:none:__TI_decompress_none)
                  0000772c    0000000c     driverlib.lib : cpu.obj (.text:CPUcpsie)
                  00007738    0000000c     rtsv7M4_T_le_v4SPD16_eabi.lib : copy_zero_init.c.obj (.text:decompress:ZI:__TI_zero_init)
                  00007744    0000000c     tm4c1230h6pm_startup_ccs.obj (.text)
                  00007750    0000000a     rtsv7M4_T_le_v4SPD16_eabi.lib : sprintf.c.obj (.text:_outc)
                  0000775a    00000002     --HOLE-- [fill = 0]
                  0000775c    00000008                                   : errno.c.obj (.text:__aeabi_errno_addr)
                  00007764    00000008                                   : memory.c.obj (.text:malloc)
                  0000776c    00000004                                   : pre_init.c.obj (.text:_system_pre_init)
                  00007770    00000004                                   : exit.c.obj (.text:abort:abort)

.const     0    00007778    0000040b     
                  00007778    00000158     rtsv7M4_T_le_v4SPD16_eabi.lib : k_rem_pio2.c.obj (.const:$O1$$)
                  000078d0    00000101                                   : ctype.c.obj (.const:.string:_ctypes_)
                  000079d1    00000004     lcd.obj (.const:.string:lineAddress$1)
                  000079d5    00000003     --HOLE-- [fill = 0]
                  000079d8    00000098     rtsv7M4_T_le_v4SPD16_eabi.lib : s_atan.c.obj (.const:$O1$$)
                  00007a70    00000080     main.obj (.const:ir_table)
                  00007af0    00000080     rtsv7M4_T_le_v4SPD16_eabi.lib : k_tan.c.obj (.const:xxx)
                  00007b70    0000000f     open_interface.obj (.const:.string:$P$T0$3)
                  00007b7f    00000004     lcd.obj (.const:.string:lineAddresses$2)

.cinit     0    00007b88    00000068     
                  00007b88    00000030     (.cinit..data.load) [load image, compression = lzss]
                  00007bb8    0000000c     (__TI_handler_table)
                  00007bc4    00000004     --HOLE-- [fill = 0]
                  00007bc8    00000008     (.cinit..bss.load) [load image, compression = zero_init]
                  00007bd0    00000008     (.cinit..vtable.load) [load image, compression = zero_init]
                  00007bd8    00000018     (__TI_cinit_table)

.init_array 
*          0    00000000    00000000     UNINITIALIZED

.vtable    0    20000000    0000026c     UNINITIALIZED
                  20000000    0000026c     driverlib.lib : interrupt.obj (.vtable)

.stack     0    20000270    00001000     UNINITIALIZED
                  20000270    00000004     rtsv7M4_T_le_v4SPD16_eabi.lib : boot_cortex_m.c.obj (.stack)
                  20000274    00000ffc     --HOLE--

.sysmem    0    20001270    00001000     UNINITIALIZED
                  20001270    00000010     rtsv7M4_T_le_v4SPD16_eabi.lib : memory.c.obj (.sysmem)
                  20001280    00000ff0     --HOLE--

.bss       0    20002270    000001db     UNINITIALIZED
                  20002270    000000f0     (.common:objArr)
                  20002360    00000054     lcd.obj (.bss:lastbuffer$3)
                  200023b4    00000028     (.common:map_x)
                  200023dc    00000028     (.common:map_y)
                  20002404    00000020     (.common:buffer)
                  20002424    00000018     open_interface.obj (.bss:firmware$2)
                  2000243c    00000004     (.common:_timeout_ticks)
                  20002440    00000004     (.common:irAverage)
                  20002444    00000004     (.common:m)
                  20002448    00000001     (.common:lastChar)
                  20002449    00000001     (.common:receivedChar)
                  2000244a    00000001     (.common:returnChar)

.data      0    2000244c    000000ac     UNINITIALIZED
                  2000244c    0000003c     main.obj (.data)
                  20002488    00000020     movement.obj (.data)
                  200024a8    00000020     open_interface.obj (.data)
                  200024c8    00000009     ping_template.obj (.data)
                  200024d1    00000001     Timer.obj (.data)
                  200024d2    00000002     --HOLE--
                  200024d4    00000008     rtsv7M4_T_le_v4SPD16_eabi.lib : _lock.c.obj (.data:$O1$$)
                  200024dc    00000008                                   : memory.c.obj (.data:$O1$$)
                  200024e4    00000008     servo.obj (.data)
                  200024ec    00000008     uart-interrupt.obj (.data)
                  200024f4    00000004     rtsv7M4_T_le_v4SPD16_eabi.lib : errno.c.obj (.data)

__llvm_prf_cnts 
*          0    20000000    00000000     UNINITIALIZED

MODULE SUMMARY

       Module                         code    ro data   rw data
       ------                         ----    -------   -------
    .\
       open_interface.obj             3128    15        56     
       main.obj                       2652    128       342    
       movement.obj                   2264    0         112    
       lcd.obj                        824     8         84     
       servo.obj                      700     0         8      
       ping_template.obj              636     0         9      
       tm4c1230h6pm_startup_ccs.obj   12      620       0      
       Timer.obj                      584     0         5      
       uart-interrupt.obj             556     0         9      
       adc.obj                        228     0         0      
    +--+------------------------------+-------+---------+---------+
       Total:                         11584   771       625    
                                                               
    C:/ti/TivaWare_C_Series-2.2.0.295/driverlib/ccs/Debug/driverlib.lib
       interrupt.obj                  68      0         620    
       cpu.obj                        12      0         0      
    +--+------------------------------+-------+---------+---------+
       Total:                         80      0         620    
                                                               
    C:\ti\ccs1271\ccs\tools\compiler\ti-cgt-arm_20.2.7.LTS\lib\rtsv7M4_T_le_v4SPD16_eabi.lib
       _printfi.c.obj                 4851    0         0      
       k_rem_pio2.c.obj               1848    344       0      
       s_sin.c.obj                    1504    0         0      
       s_cos.c.obj                    1500    0         0      
       s_tan.c.obj                    1288    0         0      
       k_tan.c.obj                    796     128       0      
       s_atan.c.obj                   748     152       0      
       memory.c.obj                   728     0         8      
       e_atan2.c.obj                  484     0         0      
       fd_add_t2.asm.obj              438     0         0      
       k_sin.c.obj                    372     0         0      
       k_cos.c.obj                    368     0         0      
       e_sqrt.c.obj                   344     0         0      
       fd_div_t2.asm.obj              310     0         0      
       s_scalbn.c.obj                 272     0         0      
       fd_cmp_t2.asm.obj              268     0         0      
       ctype.c.obj                    0       257       0      
       fd_mul_t2.asm.obj              252     0         0      
       s_floor.c.obj                  248     0         0      
       memcpy_t2.asm.obj              156     0         0      
       ull_div_t2.asm.obj             150     0         0      
       vsnprintf.c.obj                136     0         0      
       memset_t2.asm.obj              122     0         0      
       fd_tos_t2.asm.obj              110     0         0      
       copy_decompress_lzss.c.obj     104     0         0      
       s_frexp.c.obj                  100     0         0      
       sprintf.c.obj                  98      0         0      
       _ltoa.c.obj                    84      0         0      
       atoi.c.obj                     76      0         0      
       fd_toi_t2.asm.obj              72      0         0      
       autoinit.c.obj                 68      0         0      
       fs_tod_t2.asm.obj              56      0         0      
       boot_cortex_m.c.obj            52      0         0      
       i_tofd_t2.asm.obj              46      0         0      
       u_tofd_t2.asm.obj              32      0         0      
       memccpy.c.obj                  28      0         0      
       s_copysign.c.obj               26      0         0      
       strcmp.c.obj                   24      0         0      
       strchr.c.obj                   22      0         0      
       strcpy.c.obj                   20      0         0      
       strlen.c.obj                   20      0         0      
       wcslen.c.obj                   18      0         0      
       copy_decompress_none.c.obj     14      0         0      
       copy_zero_init.c.obj           12      0         0      
       errno.c.obj                    8       0         4      
       _lock.c.obj                    2       0         8      
       exit.c.obj                     4       0         0      
       pre_init.c.obj                 4       0         0      
       div0.asm.obj                   2       0         0      
    +--+------------------------------+-------+---------+---------+
       Total:                         18285   881       20     
                                                               
       Heap:                          0       0         4096   
       Stack:                         0       0         4096   
       Linker Generated:              0       100       0      
    +--+------------------------------+-------+---------+---------+
       Grand Total:                   29949   1752      9457   


LINKER GENERATED COPY TABLES

__TI_cinit_table @ 00007bd8 records: 3, size/record: 8, table size: 24
	.data: load addr=00007b88, load size=00000030 bytes, run addr=2000244c, run size=000000ac bytes, compression=lzss
	.bss: load addr=00007bc8, load size=00000008 bytes, run addr=20002270, run size=000001db bytes, compression=zero_init
	.vtable: load addr=00007bd0, load size=00000008 bytes, run addr=20000000, run size=0000026c bytes, compression=zero_init


LINKER GENERATED HANDLER TABLE

__TI_handler_table @ 00007bb8 records: 3, size/record: 4, table size: 12
	index: 0, handler: __TI_zero_init
	index: 1, handler: __TI_decompress_lzss
	index: 2, handler: __TI_decompress_none


GLOBAL SYMBOLS: SORTED ALPHABETICALLY BY Name 

address   name                          
-------   ----                          
00007771  C$$EXIT                       
0000772d  CPUcpsie                      
00000bc3  GPIOF_Handler                 
000076ff  IntMasterEnable               
000074ed  IntRegister                   
00007745  ResetISR                      
00005159  TIMER3B_Handler               
0000582f  UART1_Handler                 
20001270  __STACK_END                   
00001000  __STACK_SIZE                  
20000470  __STACK_TOP                   
00001000  __SYSMEM_SIZE                 
00007bd8  __TI_CINIT_Base               
00007bf0  __TI_CINIT_Limit              
00007bb8  __TI_Handler_Table_Base       
00007bc4  __TI_Handler_Table_Limit      
00007379  __TI_auto_init_nobinit_nopinit
0000711d  __TI_decompress_lzss          
0000771f  __TI_decompress_none          
0000723f  __TI_ltoa                     
ffffffff  __TI_pprof_out_hndl           
000018e9  __TI_printfi                  
ffffffff  __TI_prof_data_size           
ffffffff  __TI_prof_data_start          
00000000  __TI_static_base__            
00007739  __TI_zero_init                
00006e49  __aeabi_cdcmpeq               
00006e49  __aeabi_cdcmple               
00006ecf  __aeabi_cdrcmple              
000070af  __aeabi_d2f                   
00007331  __aeabi_d2iz                  
00005d17  __aeabi_dadd                  
0000643d  __aeabi_ddiv                  
000068a9  __aeabi_dmul                  
00005d0d  __aeabi_dsub                  
0000775d  __aeabi_errno_addr            
000074b5  __aeabi_f2d                   
00007585  __aeabi_i2d                   
00005ec3  __aeabi_idiv0                 
00005ec3  __aeabi_ldiv0                 
00006f55  __aeabi_memclr                
00006f55  __aeabi_memclr4               
00006f55  __aeabi_memclr8               
00006d17  __aeabi_memcpy                
00006d17  __aeabi_memcpy4               
00006d17  __aeabi_memcpy8               
00006f57  __aeabi_memset                
00006f57  __aeabi_memset4               
00006f57  __aeabi_memset8               
000075dd  __aeabi_ui2d                  
00006db3  __aeabi_uldivmod              
ffffffff  __binit__                     
ffffffff  __c_args__                    
00006039  __kernel_cos                  
00002c11  __kernel_rem_pio2             
00005ec5  __kernel_sin                  
00004735  __kernel_tan                  
UNDEFED   __mpu_init                    
20000270  __stack                       
20000000  __start___llvm_prf_cnts       
20000000  __stop___llvm_prf_cnts        
00007521  _c_int00_noargs               
000078d0  _ctypes_                      
200024d4  _lock                         
00002337  _nop                          
200024d1  _running                      
20001270  _sys_memory                   
UNDEFED   _system_post_cinit            
0000776d  _system_pre_init              
2000243c  _timeout_ticks                
200024d8  _unlock                       
00007771  abort                         
00006a9d  adc_init                      
00006b15  adc_read                      
00000eb3  adc_to_cm                     
000067a9  aligned_alloc                 
20002474  angleTurnRate                 
00004a51  atan                          
00005959  atan2                         
00005959  atan2l                        
00004a51  atanl                         
000072e5  atoi                          
00002955  avoidObjects                  
ffffffff  binit                         
20002404  buffer                        
200024a0  bumpLeftSensed                
200024a4  bumpRightSensed               
0000747d  calloc                        
2000247c  candidateStartAngle           
200024ec  command_byte                  
200024f0  command_flag                  
00007635  copysign                      
00007635  copysignl                     
00003929  cos                           
00003929  cosl                          
2000249c  current_cmd                   
20002454  endingAngle                   
200024f4  errno                         
20002478  fallCount                     
000069a5  floor                         
000069a5  floorl                        
00006b81  free                          
00007185  frexp                         
00007185  frexpl                        
200024cc  g_end_time                    
20000000  g_pfnRAMVectors               
00000000  g_pfnVectors                  
200024c8  g_start_time                  
200024d0  g_state                       
0000097f  go_charge                     
20002458  inObject                      
20002464  inObjectCounter               
20002440  irAverage                     
2000244c  irPrev                        
20002448  lastChar                      
0000770f  lcd_clear                     
000045e1  lcd_gotoLine                  
00004449  lcd_init                      
00004647  lcd_printf                    
00004509  lcd_putc                      
00004541  lcd_puts                      
0000440d  lcd_reverseNibble             
0000455f  lcd_sendCommand               
0000459d  lcd_sendNibble                
00004609  lcd_setCursorPos              
00006699  ldexp                         
00006699  ldexpl                        
200024e8  left_calibration_value        
20002444  m                             
0000174d  main                          
00007765  malloc                        
200023b4  map_x                         
200023dc  map_y                         
000067a9  memalign                      
00007619  memccpy                       
00006d17  memcpy                        
00006f5d  memset                        
2000245c  midAngle                      
200024a8  motor_cal_factor_L            
200024ac  motor_cal_factor_R            
000023a5  move_backward                 
00002339  move_forward                  
0000254d  move_forward_two              
000029b5  movement_update               
20002460  numObj                        
20002270  objArr                        
20002498  object_count                  
0000026d  oi_alloc                      
00000aa9  oi_checkFirmware              
000002c7  oi_close                      
00000279  oi_free                       
00000ded  oi_getMotorCalibrationLeft    
00000e01  oi_getMotorCalibrationRight   
000002b1  oi_init                       
00000289  oi_init_noupdate              
00000915  oi_loadSong                   
0000767f  oi_parseInt                   
0000032b  oi_parsePacket                
0000096b  oi_play_song                  
0000084b  oi_setLeds                    
00000db1  oi_setMotorCalibration        
0000088f  oi_setWheels                  
00000b51  oi_shutoff_init               
0000098d  oi_uartInit                   
00000a31  oi_uartReceive                
00000a77  oi_uartSendBuff               
00000a15  oi_uartSendChar               
00000a59  oi_uartSendStr                
000002d9  oi_update                     
2000246c  peakAngle                     
20002468  peakIR                        
00005199  ping_getDistance              
00004ff9  ping_init                     
000050c9  ping_trigger                  
20002449  receivedChar                  
2000244a  returnChar                    
200024e4  right_calibration_value       
20002470  riseCount                     
20002490  robot_angle                   
20002488  robot_x                       
2000248c  robot_y                       
00006699  scalbn                        
00006699  scalbnl                       
20002484  scanEndAngle                  
20002480  scanStartAngle                
00000fd5  scan_and_map                  
00000e8d  sendString                    
00004e65  servo_calibrate               
00004d3d  servo_init                    
00004e05  servo_move                    
00003349  sin                           
00003349  sinl                          
20002494  smallest_object_num           
000073bd  sprintf                       
000061a9  sqrt                          
000061a9  sqrtl                         
20002450  startingAngle                 
000076af  strchr                        
00007697  strcmp                        
000076c5  strcpy                        
000076d9  strlen                        
00003f05  tan                           
00003f05  tanl                          
00005603  timer_getMicros               
000055ab  timer_getMillis               
000054e5  timer_init                    
00005587  timer_pause                   
00005599  timer_resume                  
0000555d  timer_stop                    
0000565d  timer_waitMicros              
0000568f  timer_waitMillis              
0000242b  turn_left                     
000024a7  turn_right                    
0000572d  uart_interrupt_init           
000057ed  uart_sendChar                 
00005809  uart_sendStr                  
000073fd  vsnprintf                     
000076ed  wcslen                        


GLOBAL SYMBOLS: SORTED BY Symbol Address 

address   name                          
-------   ----                          
00000000  __TI_static_base__            
00000000  g_pfnVectors                  
0000026d  oi_alloc                      
00000279  oi_free                       
00000289  oi_init_noupdate              
000002b1  oi_init                       
000002c7  oi_close                      
000002d9  oi_update                     
0000032b  oi_parsePacket                
0000084b  oi_setLeds                    
0000088f  oi_setWheels                  
00000915  oi_loadSong                   
0000096b  oi_play_song                  
0000097f  go_charge                     
0000098d  oi_uartInit                   
00000a15  oi_uartSendChar               
00000a31  oi_uartReceive                
00000a59  oi_uartSendStr                
00000a77  oi_uartSendBuff               
00000aa9  oi_checkFirmware              
00000b51  oi_shutoff_init               
00000bc3  GPIOF_Handler                 
00000db1  oi_setMotorCalibration        
00000ded  oi_getMotorCalibrationLeft    
00000e01  oi_getMotorCalibrationRight   
00000e8d  sendString                    
00000eb3  adc_to_cm                     
00000fd5  scan_and_map                  
00001000  __STACK_SIZE                  
00001000  __SYSMEM_SIZE                 
0000174d  main                          
000018e9  __TI_printfi                  
00002337  _nop                          
00002339  move_forward                  
000023a5  move_backward                 
0000242b  turn_left                     
000024a7  turn_right                    
0000254d  move_forward_two              
00002955  avoidObjects                  
000029b5  movement_update               
00002c11  __kernel_rem_pio2             
00003349  sin                           
00003349  sinl                          
00003929  cos                           
00003929  cosl                          
00003f05  tan                           
00003f05  tanl                          
0000440d  lcd_reverseNibble             
00004449  lcd_init                      
00004509  lcd_putc                      
00004541  lcd_puts                      
0000455f  lcd_sendCommand               
0000459d  lcd_sendNibble                
000045e1  lcd_gotoLine                  
00004609  lcd_setCursorPos              
00004647  lcd_printf                    
00004735  __kernel_tan                  
00004a51  atan                          
00004a51  atanl                         
00004d3d  servo_init                    
00004e05  servo_move                    
00004e65  servo_calibrate               
00004ff9  ping_init                     
000050c9  ping_trigger                  
00005159  TIMER3B_Handler               
00005199  ping_getDistance              
000054e5  timer_init                    
0000555d  timer_stop                    
00005587  timer_pause                   
00005599  timer_resume                  
000055ab  timer_getMillis               
00005603  timer_getMicros               
0000565d  timer_waitMicros              
0000568f  timer_waitMillis              
0000572d  uart_interrupt_init           
000057ed  uart_sendChar                 
00005809  uart_sendStr                  
0000582f  UART1_Handler                 
00005959  atan2                         
00005959  atan2l                        
00005d0d  __aeabi_dsub                  
00005d17  __aeabi_dadd                  
00005ec3  __aeabi_idiv0                 
00005ec3  __aeabi_ldiv0                 
00005ec5  __kernel_sin                  
00006039  __kernel_cos                  
000061a9  sqrt                          
000061a9  sqrtl                         
0000643d  __aeabi_ddiv                  
00006699  ldexp                         
00006699  ldexpl                        
00006699  scalbn                        
00006699  scalbnl                       
000067a9  aligned_alloc                 
000067a9  memalign                      
000068a9  __aeabi_dmul                  
000069a5  floor                         
000069a5  floorl                        
00006a9d  adc_init                      
00006b15  adc_read                      
00006b81  free                          
00006d17  __aeabi_memcpy                
00006d17  __aeabi_memcpy4               
00006d17  __aeabi_memcpy8               
00006d17  memcpy                        
00006db3  __aeabi_uldivmod              
00006e49  __aeabi_cdcmpeq               
00006e49  __aeabi_cdcmple               
00006ecf  __aeabi_cdrcmple              
00006f55  __aeabi_memclr                
00006f55  __aeabi_memclr4               
00006f55  __aeabi_memclr8               
00006f57  __aeabi_memset                
00006f57  __aeabi_memset4               
00006f57  __aeabi_memset8               
00006f5d  memset                        
000070af  __aeabi_d2f                   
0000711d  __TI_decompress_lzss          
00007185  frexp                         
00007185  frexpl                        
0000723f  __TI_ltoa                     
000072e5  atoi                          
00007331  __aeabi_d2iz                  
00007379  __TI_auto_init_nobinit_nopinit
000073bd  sprintf                       
000073fd  vsnprintf                     
0000747d  calloc                        
000074b5  __aeabi_f2d                   
000074ed  IntRegister                   
00007521  _c_int00_noargs               
00007585  __aeabi_i2d                   
000075dd  __aeabi_ui2d                  
00007619  memccpy                       
00007635  copysign                      
00007635  copysignl                     
0000767f  oi_parseInt                   
00007697  strcmp                        
000076af  strchr                        
000076c5  strcpy                        
000076d9  strlen                        
000076ed  wcslen                        
000076ff  IntMasterEnable               
0000770f  lcd_clear                     
0000771f  __TI_decompress_none          
0000772d  CPUcpsie                      
00007739  __TI_zero_init                
00007745  ResetISR                      
0000775d  __aeabi_errno_addr            
00007765  malloc                        
0000776d  _system_pre_init              
00007771  C$$EXIT                       
00007771  abort                         
000078d0  _ctypes_                      
00007bb8  __TI_Handler_Table_Base       
00007bc4  __TI_Handler_Table_Limit      
00007bd8  __TI_CINIT_Base               
00007bf0  __TI_CINIT_Limit              
20000000  __start___llvm_prf_cnts       
20000000  __stop___llvm_prf_cnts        
20000000  g_pfnRAMVectors               
20000270  __stack                       
20000470  __STACK_TOP                   
20001270  __STACK_END                   
20001270  _sys_memory                   
20002270  objArr                        
200023b4  map_x                         
200023dc  map_y                         
20002404  buffer                        
2000243c  _timeout_ticks                
20002440  irAverage                     
20002444  m                             
20002448  lastChar                      
20002449  receivedChar                  
2000244a  returnChar                    
2000244c  irPrev                        
20002450  startingAngle                 
20002454  endingAngle                   
20002458  inObject                      
2000245c  midAngle                      
20002460  numObj                        
20002464  inObjectCounter               
20002468  peakIR                        
2000246c  peakAngle                     
20002470  riseCount                     
20002474  angleTurnRate                 
20002478  fallCount                     
2000247c  candidateStartAngle           
20002480  scanStartAngle                
20002484  scanEndAngle                  
20002488  robot_x                       
2000248c  robot_y                       
20002490  robot_angle                   
20002494  smallest_object_num           
20002498  object_count                  
2000249c  current_cmd                   
200024a0  bumpLeftSensed                
200024a4  bumpRightSensed               
200024a8  motor_cal_factor_L            
200024ac  motor_cal_factor_R            
200024c8  g_start_time                  
200024cc  g_end_time                    
200024d0  g_state                       
200024d1  _running                      
200024d4  _lock                         
200024d8  _unlock                       
200024e4  right_calibration_value       
200024e8  left_calibration_value        
200024ec  command_byte                  
200024f0  command_flag                  
200024f4  errno                         
ffffffff  __TI_pprof_out_hndl           
ffffffff  __TI_prof_data_size           
ffffffff  __TI_prof_data_start          
ffffffff  __binit__                     
ffffffff  __c_args__                    
ffffffff  binit                         
UNDEFED   __mpu_init                    
UNDEFED   _system_post_cinit            

[218 symbols]
