<?xml version="1.0" encoding="ISO-8859-1" ?>
<link_info>
   <banner>TI ARM Linker PC v20.2.7.LTS</banner>
   <copyright>Copyright (c) 1996-2018 Texas Instruments Incorporated</copyright>
   <link_time>0x69efe69a</link_time>
   <link_errors>0x0</link_errors>
   <output_file>288FinalProj.out</output_file>
   <entry_point>
      <name>_c_int00_noargs</name>
      <address>0x751d</address>
   </entry_point>
   <input_file_list>
      <input_file id="fl-2">
         <path>.\</path>
         <kind>object</kind>
         <file>Timer.obj</file>
         <name>Timer.obj</name>
      </input_file>
      <input_file id="fl-3">
         <path>.\</path>
         <kind>object</kind>
         <file>adc.obj</file>
         <name>adc.obj</name>
      </input_file>
      <input_file id="fl-4">
         <path>.\</path>
         <kind>object</kind>
         <file>lab7_template3.obj</file>
         <name>lab7_template3.obj</name>
      </input_file>
      <input_file id="fl-5">
         <path>.\</path>
         <kind>object</kind>
         <file>lcd.obj</file>
         <name>lcd.obj</name>
      </input_file>
      <input_file id="fl-6">
         <path>.\</path>
         <kind>object</kind>
         <file>main.obj</file>
         <name>main.obj</name>
      </input_file>
      <input_file id="fl-7">
         <path>.\</path>
         <kind>object</kind>
         <file>movement.obj</file>
         <name>movement.obj</name>
      </input_file>
      <input_file id="fl-8">
         <path>.\</path>
         <kind>object</kind>
         <file>open_interface.obj</file>
         <name>open_interface.obj</name>
      </input_file>
      <input_file id="fl-9">
         <path>.\</path>
         <kind>object</kind>
         <file>ping_template.obj</file>
         <name>ping_template.obj</name>
      </input_file>
      <input_file id="fl-a">
         <path>.\</path>
         <kind>object</kind>
         <file>sensor_test.obj</file>
         <name>sensor_test.obj</name>
      </input_file>
      <input_file id="fl-b">
         <path>.\</path>
         <kind>object</kind>
         <file>servo.obj</file>
         <name>servo.obj</name>
      </input_file>
      <input_file id="fl-c">
         <path>.\</path>
         <kind>object</kind>
         <file>tm4c1230h6pm_startup_ccs.obj</file>
         <name>tm4c1230h6pm_startup_ccs.obj</name>
      </input_file>
      <input_file id="fl-d">
         <path>.\</path>
         <kind>object</kind>
         <file>uart-interrupt.obj</file>
         <name>uart-interrupt.obj</name>
      </input_file>
      <input_file id="fl-12">
         <kind>object</kind>
         <file>&lt;internal&gt;</file>
         <name>&lt;internal&gt;</name>
      </input_file>
      <input_file id="fl-c8">
         <path>C:\ti\ccs1271\ccs\tools\compiler\ti-cgt-arm_20.2.7.LTS\lib\</path>
         <kind>archive</kind>
         <file>rtsv7M4_T_le_v4SPD16_eabi.lib</file>
         <name>e_atan2.c.obj</name>
      </input_file>
      <input_file id="fl-c9">
         <path>C:\ti\ccs1271\ccs\tools\compiler\ti-cgt-arm_20.2.7.LTS\lib\</path>
         <kind>archive</kind>
         <file>rtsv7M4_T_le_v4SPD16_eabi.lib</file>
         <name>e_sqrt.c.obj</name>
      </input_file>
      <input_file id="fl-ca">
         <path>C:\ti\ccs1271\ccs\tools\compiler\ti-cgt-arm_20.2.7.LTS\lib\</path>
         <kind>archive</kind>
         <file>rtsv7M4_T_le_v4SPD16_eabi.lib</file>
         <name>s_atan.c.obj</name>
      </input_file>
      <input_file id="fl-cb">
         <path>C:\ti\ccs1271\ccs\tools\compiler\ti-cgt-arm_20.2.7.LTS\lib\</path>
         <kind>archive</kind>
         <file>rtsv7M4_T_le_v4SPD16_eabi.lib</file>
         <name>s_cos.c.obj</name>
      </input_file>
      <input_file id="fl-cc">
         <path>C:\ti\ccs1271\ccs\tools\compiler\ti-cgt-arm_20.2.7.LTS\lib\</path>
         <kind>archive</kind>
         <file>rtsv7M4_T_le_v4SPD16_eabi.lib</file>
         <name>s_sin.c.obj</name>
      </input_file>
      <input_file id="fl-cd">
         <path>C:\ti\ccs1271\ccs\tools\compiler\ti-cgt-arm_20.2.7.LTS\lib\</path>
         <kind>archive</kind>
         <file>rtsv7M4_T_le_v4SPD16_eabi.lib</file>
         <name>s_tan.c.obj</name>
      </input_file>
      <input_file id="fl-ce">
         <path>C:\ti\ccs1271\ccs\tools\compiler\ti-cgt-arm_20.2.7.LTS\lib\</path>
         <kind>archive</kind>
         <file>rtsv7M4_T_le_v4SPD16_eabi.lib</file>
         <name>sprintf.c.obj</name>
      </input_file>
      <input_file id="fl-cf">
         <path>C:\ti\ccs1271\ccs\tools\compiler\ti-cgt-arm_20.2.7.LTS\lib\</path>
         <kind>archive</kind>
         <file>rtsv7M4_T_le_v4SPD16_eabi.lib</file>
         <name>vsnprintf.c.obj</name>
      </input_file>
      <input_file id="fl-d0">
         <path>C:\ti\ccs1271\ccs\tools\compiler\ti-cgt-arm_20.2.7.LTS\lib\</path>
         <kind>archive</kind>
         <file>rtsv7M4_T_le_v4SPD16_eabi.lib</file>
         <name>fd_add_t2.asm.obj</name>
      </input_file>
      <input_file id="fl-d1">
         <path>C:\ti\ccs1271\ccs\tools\compiler\ti-cgt-arm_20.2.7.LTS\lib\</path>
         <kind>archive</kind>
         <file>rtsv7M4_T_le_v4SPD16_eabi.lib</file>
         <name>fd_cmp_t2.asm.obj</name>
      </input_file>
      <input_file id="fl-d2">
         <path>C:\ti\ccs1271\ccs\tools\compiler\ti-cgt-arm_20.2.7.LTS\lib\</path>
         <kind>archive</kind>
         <file>rtsv7M4_T_le_v4SPD16_eabi.lib</file>
         <name>fd_div_t2.asm.obj</name>
      </input_file>
      <input_file id="fl-d3">
         <path>C:\ti\ccs1271\ccs\tools\compiler\ti-cgt-arm_20.2.7.LTS\lib\</path>
         <kind>archive</kind>
         <file>rtsv7M4_T_le_v4SPD16_eabi.lib</file>
         <name>fd_mul_t2.asm.obj</name>
      </input_file>
      <input_file id="fl-d4">
         <path>C:\ti\ccs1271\ccs\tools\compiler\ti-cgt-arm_20.2.7.LTS\lib\</path>
         <kind>archive</kind>
         <file>rtsv7M4_T_le_v4SPD16_eabi.lib</file>
         <name>fd_toi_t2.asm.obj</name>
      </input_file>
      <input_file id="fl-d5">
         <path>C:\ti\ccs1271\ccs\tools\compiler\ti-cgt-arm_20.2.7.LTS\lib\</path>
         <kind>archive</kind>
         <file>rtsv7M4_T_le_v4SPD16_eabi.lib</file>
         <name>fd_tos_t2.asm.obj</name>
      </input_file>
      <input_file id="fl-d6">
         <path>C:\ti\ccs1271\ccs\tools\compiler\ti-cgt-arm_20.2.7.LTS\lib\</path>
         <kind>archive</kind>
         <file>rtsv7M4_T_le_v4SPD16_eabi.lib</file>
         <name>fs_tod_t2.asm.obj</name>
      </input_file>
      <input_file id="fl-d7">
         <path>C:\ti\ccs1271\ccs\tools\compiler\ti-cgt-arm_20.2.7.LTS\lib\</path>
         <kind>archive</kind>
         <file>rtsv7M4_T_le_v4SPD16_eabi.lib</file>
         <name>i_tofd_t2.asm.obj</name>
      </input_file>
      <input_file id="fl-d8">
         <path>C:\ti\ccs1271\ccs\tools\compiler\ti-cgt-arm_20.2.7.LTS\lib\</path>
         <kind>archive</kind>
         <file>rtsv7M4_T_le_v4SPD16_eabi.lib</file>
         <name>memcpy_t2.asm.obj</name>
      </input_file>
      <input_file id="fl-d9">
         <path>C:\ti\ccs1271\ccs\tools\compiler\ti-cgt-arm_20.2.7.LTS\lib\</path>
         <kind>archive</kind>
         <file>rtsv7M4_T_le_v4SPD16_eabi.lib</file>
         <name>u_tofd_t2.asm.obj</name>
      </input_file>
      <input_file id="fl-da">
         <path>C:\ti\ccs1271\ccs\tools\compiler\ti-cgt-arm_20.2.7.LTS\lib\</path>
         <kind>archive</kind>
         <file>rtsv7M4_T_le_v4SPD16_eabi.lib</file>
         <name>memset_t2.asm.obj</name>
      </input_file>
      <input_file id="fl-db">
         <path>C:\ti\ccs1271\ccs\tools\compiler\ti-cgt-arm_20.2.7.LTS\lib\</path>
         <kind>archive</kind>
         <file>rtsv7M4_T_le_v4SPD16_eabi.lib</file>
         <name>copy_zero_init.c.obj</name>
      </input_file>
      <input_file id="fl-dc">
         <path>C:\ti\ccs1271\ccs\tools\compiler\ti-cgt-arm_20.2.7.LTS\lib\</path>
         <kind>archive</kind>
         <file>rtsv7M4_T_le_v4SPD16_eabi.lib</file>
         <name>copy_decompress_none.c.obj</name>
      </input_file>
      <input_file id="fl-dd">
         <path>C:\ti\ccs1271\ccs\tools\compiler\ti-cgt-arm_20.2.7.LTS\lib\</path>
         <kind>archive</kind>
         <file>rtsv7M4_T_le_v4SPD16_eabi.lib</file>
         <name>copy_decompress_lzss.c.obj</name>
      </input_file>
      <input_file id="fl-de">
         <path>C:\ti\ccs1271\ccs\tools\compiler\ti-cgt-arm_20.2.7.LTS\lib\</path>
         <kind>archive</kind>
         <file>rtsv7M4_T_le_v4SPD16_eabi.lib</file>
         <name>memory.c.obj</name>
      </input_file>
      <input_file id="fl-df">
         <path>C:\ti\ccs1271\ccs\tools\compiler\ti-cgt-arm_20.2.7.LTS\lib\</path>
         <kind>archive</kind>
         <file>rtsv7M4_T_le_v4SPD16_eabi.lib</file>
         <name>strcmp.c.obj</name>
      </input_file>
      <input_file id="fl-e0">
         <path>C:\ti\ccs1271\ccs\tools\compiler\ti-cgt-arm_20.2.7.LTS\lib\</path>
         <kind>archive</kind>
         <file>rtsv7M4_T_le_v4SPD16_eabi.lib</file>
         <name>strcpy.c.obj</name>
      </input_file>
      <input_file id="fl-e1">
         <path>C:\ti\ccs1271\ccs\tools\compiler\ti-cgt-arm_20.2.7.LTS\lib\</path>
         <kind>archive</kind>
         <file>rtsv7M4_T_le_v4SPD16_eabi.lib</file>
         <name>k_rem_pio2.c.obj</name>
      </input_file>
      <input_file id="fl-e2">
         <path>C:\ti\ccs1271\ccs\tools\compiler\ti-cgt-arm_20.2.7.LTS\lib\</path>
         <kind>archive</kind>
         <file>rtsv7M4_T_le_v4SPD16_eabi.lib</file>
         <name>boot_cortex_m.c.obj</name>
      </input_file>
      <input_file id="fl-e3">
         <path>C:\ti\ccs1271\ccs\tools\compiler\ti-cgt-arm_20.2.7.LTS\lib\</path>
         <kind>archive</kind>
         <file>rtsv7M4_T_le_v4SPD16_eabi.lib</file>
         <name>errno.c.obj</name>
      </input_file>
      <input_file id="fl-e4">
         <path>C:\ti\ccs1271\ccs\tools\compiler\ti-cgt-arm_20.2.7.LTS\lib\</path>
         <kind>archive</kind>
         <file>rtsv7M4_T_le_v4SPD16_eabi.lib</file>
         <name>k_cos.c.obj</name>
      </input_file>
      <input_file id="fl-e5">
         <path>C:\ti\ccs1271\ccs\tools\compiler\ti-cgt-arm_20.2.7.LTS\lib\</path>
         <kind>archive</kind>
         <file>rtsv7M4_T_le_v4SPD16_eabi.lib</file>
         <name>k_sin.c.obj</name>
      </input_file>
      <input_file id="fl-e6">
         <path>C:\ti\ccs1271\ccs\tools\compiler\ti-cgt-arm_20.2.7.LTS\lib\</path>
         <kind>archive</kind>
         <file>rtsv7M4_T_le_v4SPD16_eabi.lib</file>
         <name>k_tan.c.obj</name>
      </input_file>
      <input_file id="fl-e7">
         <path>C:\ti\ccs1271\ccs\tools\compiler\ti-cgt-arm_20.2.7.LTS\lib\</path>
         <kind>archive</kind>
         <file>rtsv7M4_T_le_v4SPD16_eabi.lib</file>
         <name>s_floor.c.obj</name>
      </input_file>
      <input_file id="fl-e8">
         <path>C:\ti\ccs1271\ccs\tools\compiler\ti-cgt-arm_20.2.7.LTS\lib\</path>
         <kind>archive</kind>
         <file>rtsv7M4_T_le_v4SPD16_eabi.lib</file>
         <name>s_scalbn.c.obj</name>
      </input_file>
      <input_file id="fl-e9">
         <path>C:\ti\ccs1271\ccs\tools\compiler\ti-cgt-arm_20.2.7.LTS\lib\</path>
         <kind>archive</kind>
         <file>rtsv7M4_T_le_v4SPD16_eabi.lib</file>
         <name>_printfi.c.obj</name>
      </input_file>
      <input_file id="fl-ea">
         <path>C:\ti\ccs1271\ccs\tools\compiler\ti-cgt-arm_20.2.7.LTS\lib\</path>
         <kind>archive</kind>
         <file>rtsv7M4_T_le_v4SPD16_eabi.lib</file>
         <name>ull_div_t2.asm.obj</name>
      </input_file>
      <input_file id="fl-eb">
         <path>C:\ti\ccs1271\ccs\tools\compiler\ti-cgt-arm_20.2.7.LTS\lib\</path>
         <kind>archive</kind>
         <file>rtsv7M4_T_le_v4SPD16_eabi.lib</file>
         <name>autoinit.c.obj</name>
      </input_file>
      <input_file id="fl-ec">
         <path>C:\ti\ccs1271\ccs\tools\compiler\ti-cgt-arm_20.2.7.LTS\lib\</path>
         <kind>archive</kind>
         <file>rtsv7M4_T_le_v4SPD16_eabi.lib</file>
         <name>pre_init.c.obj</name>
      </input_file>
      <input_file id="fl-ed">
         <path>C:\ti\ccs1271\ccs\tools\compiler\ti-cgt-arm_20.2.7.LTS\lib\</path>
         <kind>archive</kind>
         <file>rtsv7M4_T_le_v4SPD16_eabi.lib</file>
         <name>cpy_tbl.c.obj</name>
      </input_file>
      <input_file id="fl-ee">
         <path>C:\ti\ccs1271\ccs\tools\compiler\ti-cgt-arm_20.2.7.LTS\lib\</path>
         <kind>archive</kind>
         <file>rtsv7M4_T_le_v4SPD16_eabi.lib</file>
         <name>exit.c.obj</name>
      </input_file>
      <input_file id="fl-ef">
         <path>C:\ti\ccs1271\ccs\tools\compiler\ti-cgt-arm_20.2.7.LTS\lib\</path>
         <kind>archive</kind>
         <file>rtsv7M4_T_le_v4SPD16_eabi.lib</file>
         <name>_lock.c.obj</name>
      </input_file>
      <input_file id="fl-f0">
         <path>C:\ti\ccs1271\ccs\tools\compiler\ti-cgt-arm_20.2.7.LTS\lib\</path>
         <kind>archive</kind>
         <file>rtsv7M4_T_le_v4SPD16_eabi.lib</file>
         <name>_ltoa.c.obj</name>
      </input_file>
      <input_file id="fl-f1">
         <path>C:\ti\ccs1271\ccs\tools\compiler\ti-cgt-arm_20.2.7.LTS\lib\</path>
         <kind>archive</kind>
         <file>rtsv7M4_T_le_v4SPD16_eabi.lib</file>
         <name>args_main.c.obj</name>
      </input_file>
      <input_file id="fl-f2">
         <path>C:\ti\ccs1271\ccs\tools\compiler\ti-cgt-arm_20.2.7.LTS\lib\</path>
         <kind>archive</kind>
         <file>rtsv7M4_T_le_v4SPD16_eabi.lib</file>
         <name>atoi.c.obj</name>
      </input_file>
      <input_file id="fl-f3">
         <path>C:\ti\ccs1271\ccs\tools\compiler\ti-cgt-arm_20.2.7.LTS\lib\</path>
         <kind>archive</kind>
         <file>rtsv7M4_T_le_v4SPD16_eabi.lib</file>
         <name>ctype.c.obj</name>
      </input_file>
      <input_file id="fl-f4">
         <path>C:\ti\ccs1271\ccs\tools\compiler\ti-cgt-arm_20.2.7.LTS\lib\</path>
         <kind>archive</kind>
         <file>rtsv7M4_T_le_v4SPD16_eabi.lib</file>
         <name>memccpy.c.obj</name>
      </input_file>
      <input_file id="fl-f5">
         <path>C:\ti\ccs1271\ccs\tools\compiler\ti-cgt-arm_20.2.7.LTS\lib\</path>
         <kind>archive</kind>
         <file>rtsv7M4_T_le_v4SPD16_eabi.lib</file>
         <name>strchr.c.obj</name>
      </input_file>
      <input_file id="fl-f6">
         <path>C:\ti\ccs1271\ccs\tools\compiler\ti-cgt-arm_20.2.7.LTS\lib\</path>
         <kind>archive</kind>
         <file>rtsv7M4_T_le_v4SPD16_eabi.lib</file>
         <name>strlen.c.obj</name>
      </input_file>
      <input_file id="fl-f7">
         <path>C:\ti\ccs1271\ccs\tools\compiler\ti-cgt-arm_20.2.7.LTS\lib\</path>
         <kind>archive</kind>
         <file>rtsv7M4_T_le_v4SPD16_eabi.lib</file>
         <name>wcslen.c.obj</name>
      </input_file>
      <input_file id="fl-f8">
         <path>C:\ti\ccs1271\ccs\tools\compiler\ti-cgt-arm_20.2.7.LTS\lib\</path>
         <kind>archive</kind>
         <file>rtsv7M4_T_le_v4SPD16_eabi.lib</file>
         <name>s_copysign.c.obj</name>
      </input_file>
      <input_file id="fl-f9">
         <path>C:\ti\ccs1271\ccs\tools\compiler\ti-cgt-arm_20.2.7.LTS\lib\</path>
         <kind>archive</kind>
         <file>rtsv7M4_T_le_v4SPD16_eabi.lib</file>
         <name>s_frexp.c.obj</name>
      </input_file>
      <input_file id="fl-fa">
         <path>C:\ti\ccs1271\ccs\tools\compiler\ti-cgt-arm_20.2.7.LTS\lib\</path>
         <kind>archive</kind>
         <file>rtsv7M4_T_le_v4SPD16_eabi.lib</file>
         <name>div0.asm.obj</name>
      </input_file>
      <input_file id="fl-fb">
         <path>C:\ti\TivaWare_C_Series-2.2.0.295\driverlib\ccs\Debug\</path>
         <kind>archive</kind>
         <file>driverlib.lib</file>
         <name>interrupt.obj</name>
      </input_file>
      <input_file id="fl-fc">
         <path>C:\ti\TivaWare_C_Series-2.2.0.295\driverlib\ccs\Debug\</path>
         <kind>archive</kind>
         <file>driverlib.lib</file>
         <name>cpu.obj</name>
      </input_file>
   </input_file_list>
   <object_component_list>
      <object_component id="oc-12">
         <name>.intvecs</name>
         <load_address>0x0</load_address>
         <run_address>0x0</run_address>
         <size>0x26c</size>
         <input_file_ref idref="fl-c"/>
      </object_component>
      <object_component id="oc-14a">
         <name>.text</name>
         <load_address>0x26c</load_address>
         <run_address>0x26c</run_address>
         <size>0xc20</size>
         <input_file_ref idref="fl-8"/>
      </object_component>
      <object_component id="oc-1e9">
         <name>.text:__TI_printfi</name>
         <load_address>0xe8c</load_address>
         <run_address>0xe8c</run_address>
         <size>0xa4e</size>
         <input_file_ref idref="fl-e9"/>
      </object_component>
      <object_component id="oc-381">
         <name>.text:_nop</name>
         <load_address>0x18da</load_address>
         <run_address>0x18da</run_address>
         <size>0x2</size>
         <input_file_ref idref="fl-ef"/>
      </object_component>
      <object_component id="oc-a2">
         <name>.text</name>
         <load_address>0x18dc</load_address>
         <run_address>0x18dc</run_address>
         <size>0x9f4</size>
         <input_file_ref idref="fl-6"/>
      </object_component>
      <object_component id="oc-150">
         <name>.text</name>
         <load_address>0x22d0</load_address>
         <run_address>0x22d0</run_address>
         <size>0x93c</size>
         <input_file_ref idref="fl-7"/>
      </object_component>
      <object_component id="oc-225">
         <name>.text:__kernel_rem_pio2</name>
         <load_address>0x2c0c</load_address>
         <run_address>0x2c0c</run_address>
         <size>0x738</size>
         <input_file_ref idref="fl-e1"/>
      </object_component>
      <object_component id="oc-144">
         <name>.text:sin</name>
         <load_address>0x3344</load_address>
         <run_address>0x3344</run_address>
         <size>0x5e0</size>
         <input_file_ref idref="fl-cc"/>
      </object_component>
      <object_component id="oc-139">
         <name>.text:cos</name>
         <load_address>0x3924</load_address>
         <run_address>0x3924</run_address>
         <size>0x5dc</size>
         <input_file_ref idref="fl-cb"/>
      </object_component>
      <object_component id="oc-129">
         <name>.text:tan</name>
         <load_address>0x3f00</load_address>
         <run_address>0x3f00</run_address>
         <size>0x508</size>
         <input_file_ref idref="fl-cd"/>
      </object_component>
      <object_component id="oc-e7">
         <name>.text</name>
         <load_address>0x4408</load_address>
         <run_address>0x4408</run_address>
         <size>0x328</size>
         <input_file_ref idref="fl-5"/>
      </object_component>
      <object_component id="oc-22b">
         <name>.text:__kernel_tan</name>
         <load_address>0x4730</load_address>
         <run_address>0x4730</run_address>
         <size>0x31c</size>
         <input_file_ref idref="fl-e6"/>
      </object_component>
      <object_component id="oc-377">
         <name>.text:atan</name>
         <load_address>0x4a4c</load_address>
         <run_address>0x4a4c</run_address>
         <size>0x2ec</size>
         <input_file_ref idref="fl-ca"/>
      </object_component>
      <object_component id="oc-ed">
         <name>.text</name>
         <load_address>0x4d38</load_address>
         <run_address>0x4d38</run_address>
         <size>0x2bc</size>
         <input_file_ref idref="fl-b"/>
      </object_component>
      <object_component id="oc-f9">
         <name>.text</name>
         <load_address>0x4ff4</load_address>
         <run_address>0x4ff4</run_address>
         <size>0x27c</size>
         <input_file_ref idref="fl-9"/>
      </object_component>
      <object_component id="oc-304">
         <name>.text:_pconv_a</name>
         <load_address>0x5270</load_address>
         <run_address>0x5270</run_address>
         <size>0x270</size>
         <input_file_ref idref="fl-e9"/>
      </object_component>
      <object_component id="oc-f3">
         <name>.text</name>
         <load_address>0x54e0</load_address>
         <run_address>0x54e0</run_address>
         <size>0x248</size>
         <input_file_ref idref="fl-2"/>
      </object_component>
      <object_component id="oc-d7">
         <name>.text</name>
         <load_address>0x5728</load_address>
         <run_address>0x5728</run_address>
         <size>0x22c</size>
         <input_file_ref idref="fl-d"/>
      </object_component>
      <object_component id="oc-27e">
         <name>.text:atan2</name>
         <load_address>0x5954</load_address>
         <run_address>0x5954</run_address>
         <size>0x1e4</size>
         <input_file_ref idref="fl-c8"/>
      </object_component>
      <object_component id="oc-2f2">
         <name>.text:_pconv_g</name>
         <load_address>0x5b38</load_address>
         <run_address>0x5b38</run_address>
         <size>0x1d0</size>
         <input_file_ref idref="fl-e9"/>
      </object_component>
      <object_component id="oc-13f">
         <name>.text</name>
         <load_address>0x5d08</load_address>
         <run_address>0x5d08</run_address>
         <size>0x1b6</size>
         <input_file_ref idref="fl-d0"/>
      </object_component>
      <object_component id="oc-452">
         <name>.text</name>
         <load_address>0x5ebe</load_address>
         <run_address>0x5ebe</run_address>
         <size>0x2</size>
         <input_file_ref idref="fl-fa"/>
      </object_component>
      <object_component id="oc-24c">
         <name>.text:__kernel_sin</name>
         <load_address>0x5ec0</load_address>
         <run_address>0x5ec0</run_address>
         <size>0x174</size>
         <input_file_ref idref="fl-e5"/>
      </object_component>
      <object_component id="oc-246">
         <name>.text:__kernel_cos</name>
         <load_address>0x6034</load_address>
         <run_address>0x6034</run_address>
         <size>0x170</size>
         <input_file_ref idref="fl-e4"/>
      </object_component>
      <object_component id="oc-278">
         <name>.text:sqrt</name>
         <load_address>0x61a4</load_address>
         <run_address>0x61a4</run_address>
         <size>0x158</size>
         <input_file_ref idref="fl-c9"/>
      </object_component>
      <object_component id="oc-2fe">
         <name>.text:_pconv_e</name>
         <load_address>0x62fc</load_address>
         <run_address>0x62fc</run_address>
         <size>0x13c</size>
         <input_file_ref idref="fl-e9"/>
      </object_component>
      <object_component id="oc-124">
         <name>.text</name>
         <load_address>0x6438</load_address>
         <run_address>0x6438</run_address>
         <size>0x136</size>
         <input_file_ref idref="fl-d2"/>
      </object_component>
      <object_component id="oc-3d9">
         <name>.text:fcvt</name>
         <load_address>0x6570</load_address>
         <run_address>0x6570</run_address>
         <size>0x124</size>
         <input_file_ref idref="fl-e9"/>
      </object_component>
      <object_component id="oc-32a">
         <name>.text:scalbn</name>
         <load_address>0x6694</load_address>
         <run_address>0x6694</run_address>
         <size>0x110</size>
         <input_file_ref idref="fl-e8"/>
      </object_component>
      <object_component id="oc-428">
         <name>.text:aligned_alloc</name>
         <load_address>0x67a4</load_address>
         <run_address>0x67a4</run_address>
         <size>0x100</size>
         <input_file_ref idref="fl-de"/>
      </object_component>
      <object_component id="oc-11f">
         <name>.text</name>
         <load_address>0x68a4</load_address>
         <run_address>0x68a4</run_address>
         <size>0xfc</size>
         <input_file_ref idref="fl-d3"/>
      </object_component>
      <object_component id="oc-330">
         <name>.text:floor</name>
         <load_address>0x69a0</load_address>
         <run_address>0x69a0</run_address>
         <size>0xf8</size>
         <input_file_ref idref="fl-e7"/>
      </object_component>
      <object_component id="oc-ff">
         <name>.text</name>
         <load_address>0x6a98</load_address>
         <run_address>0x6a98</run_address>
         <size>0xe4</size>
         <input_file_ref idref="fl-3"/>
      </object_component>
      <object_component id="oc-25d">
         <name>.text:free</name>
         <load_address>0x6b7c</load_address>
         <run_address>0x6b7c</run_address>
         <size>0xe4</size>
         <input_file_ref idref="fl-de"/>
      </object_component>
      <object_component id="oc-2ec">
         <name>.text:_ltostr</name>
         <load_address>0x6c60</load_address>
         <run_address>0x6c60</run_address>
         <size>0xb1</size>
         <input_file_ref idref="fl-e9"/>
      </object_component>
      <object_component id="oc-3e">
         <name>.text</name>
         <load_address>0x6d12</load_address>
         <run_address>0x6d12</run_address>
         <size>0x9c</size>
         <input_file_ref idref="fl-d8"/>
      </object_component>
      <object_component id="oc-3c0">
         <name>.text</name>
         <load_address>0x6dae</load_address>
         <run_address>0x6dae</run_address>
         <size>0x96</size>
         <input_file_ref idref="fl-ea"/>
      </object_component>
      <object_component id="oc-220">
         <name>.text:__aeabi_cdcmple</name>
         <load_address>0x6e44</load_address>
         <run_address>0x6e44</run_address>
         <size>0x86</size>
         <input_file_ref idref="fl-d1"/>
      </object_component>
      <object_component id="oc-273">
         <name>.text:__aeabi_cdrcmple</name>
         <load_address>0x6eca</load_address>
         <run_address>0x6eca</run_address>
         <size>0x86</size>
         <input_file_ref idref="fl-d1"/>
      </object_component>
      <object_component id="oc-96">
         <name>.text</name>
         <load_address>0x6f50</load_address>
         <run_address>0x6f50</run_address>
         <size>0x7a</size>
         <input_file_ref idref="fl-da"/>
      </object_component>
      <object_component id="oc-475">
         <name>.text:split</name>
         <load_address>0x6fcc</load_address>
         <run_address>0x6fcc</run_address>
         <size>0x70</size>
         <input_file_ref idref="fl-de"/>
      </object_component>
      <object_component id="oc-3d2">
         <name>.text:_mcpy</name>
         <load_address>0x703c</load_address>
         <run_address>0x703c</run_address>
         <size>0x6e</size>
         <input_file_ref idref="fl-e9"/>
      </object_component>
      <object_component id="oc-12f">
         <name>.text</name>
         <load_address>0x70aa</load_address>
         <run_address>0x70aa</run_address>
         <size>0x6e</size>
         <input_file_ref idref="fl-d5"/>
      </object_component>
      <object_component id="oc-15">
         <name>.text:decompress:lzss:__TI_decompress_lzss</name>
         <load_address>0x7118</load_address>
         <run_address>0x7118</run_address>
         <size>0x68</size>
         <input_file_ref idref="fl-dd"/>
      </object_component>
      <object_component id="oc-3e7">
         <name>.text:frexp</name>
         <load_address>0x7180</load_address>
         <run_address>0x7180</run_address>
         <size>0x64</size>
         <input_file_ref idref="fl-f9"/>
      </object_component>
      <object_component id="oc-2f8">
         <name>.text:_pconv_f</name>
         <load_address>0x71e4</load_address>
         <run_address>0x71e4</run_address>
         <size>0x56</size>
         <input_file_ref idref="fl-e9"/>
      </object_component>
      <object_component id="oc-3c6">
         <name>.text:__TI_ltoa</name>
         <load_address>0x723a</load_address>
         <run_address>0x723a</run_address>
         <size>0x54</size>
         <input_file_ref idref="fl-f0"/>
      </object_component>
      <object_component id="oc-3cc">
         <name>.text:_ecpy</name>
         <load_address>0x728e</load_address>
         <run_address>0x728e</run_address>
         <size>0x52</size>
         <input_file_ref idref="fl-e9"/>
      </object_component>
      <object_component id="oc-2e6">
         <name>.text:atoi</name>
         <load_address>0x72e0</load_address>
         <run_address>0x72e0</run_address>
         <size>0x4c</size>
         <input_file_ref idref="fl-f2"/>
      </object_component>
      <object_component id="oc-21b">
         <name>.text</name>
         <load_address>0x732c</load_address>
         <run_address>0x732c</run_address>
         <size>0x48</size>
         <input_file_ref idref="fl-d4"/>
      </object_component>
      <object_component id="oc-171">
         <name>.text:__TI_auto_init_nobinit_nopinit:__TI_auto_init_nobinit_nopinit</name>
         <load_address>0x7374</load_address>
         <run_address>0x7374</run_address>
         <size>0x44</size>
         <input_file_ref idref="fl-eb"/>
      </object_component>
      <object_component id="oc-10a">
         <name>.text:sprintf</name>
         <load_address>0x73b8</load_address>
         <run_address>0x73b8</run_address>
         <size>0x40</size>
         <input_file_ref idref="fl-ce"/>
      </object_component>
      <object_component id="oc-1bc">
         <name>.text:vsnprintf</name>
         <load_address>0x73f8</load_address>
         <run_address>0x73f8</run_address>
         <size>0x40</size>
         <input_file_ref idref="fl-cf"/>
      </object_component>
      <object_component id="oc-3df">
         <name>.text:_fcpy</name>
         <load_address>0x7438</load_address>
         <run_address>0x7438</run_address>
         <size>0x3e</size>
         <input_file_ref idref="fl-e9"/>
      </object_component>
      <object_component id="oc-257">
         <name>.text:calloc</name>
         <load_address>0x7478</load_address>
         <run_address>0x7478</run_address>
         <size>0x38</size>
         <input_file_ref idref="fl-de"/>
      </object_component>
      <object_component id="oc-105">
         <name>.text</name>
         <load_address>0x74b0</load_address>
         <run_address>0x74b0</run_address>
         <size>0x38</size>
         <input_file_ref idref="fl-d6"/>
      </object_component>
      <object_component id="oc-1a5">
         <name>.text:IntRegister</name>
         <load_address>0x74e8</load_address>
         <run_address>0x74e8</run_address>
         <size>0x34</size>
         <input_file_ref idref="fl-fb"/>
      </object_component>
      <object_component id="oc-5c">
         <name>.text:_c_int00_noargs:_c_int00_noargs</name>
         <load_address>0x751c</load_address>
         <run_address>0x751c</run_address>
         <size>0x34</size>
         <input_file_ref idref="fl-e2"/>
      </object_component>
      <object_component id="oc-2bc">
         <name>.text:_outs</name>
         <load_address>0x7550</load_address>
         <run_address>0x7550</run_address>
         <size>0x30</size>
         <input_file_ref idref="fl-cf"/>
      </object_component>
      <object_component id="oc-11a">
         <name>.text</name>
         <load_address>0x7580</load_address>
         <run_address>0x7580</run_address>
         <size>0x2e</size>
         <input_file_ref idref="fl-d7"/>
      </object_component>
      <object_component id="oc-367">
         <name>.text:free_list_insert</name>
         <load_address>0x75b0</load_address>
         <run_address>0x75b0</run_address>
         <size>0x28</size>
         <input_file_ref idref="fl-de"/>
      </object_component>
      <object_component id="oc-1e1">
         <name>.text</name>
         <load_address>0x75d8</load_address>
         <run_address>0x75d8</run_address>
         <size>0x20</size>
         <input_file_ref idref="fl-d9"/>
      </object_component>
      <object_component id="oc-361">
         <name>.text:free_list_remove</name>
         <load_address>0x75f8</load_address>
         <run_address>0x75f8</run_address>
         <size>0x1c</size>
         <input_file_ref idref="fl-de"/>
      </object_component>
      <object_component id="oc-30a">
         <name>.text:memccpy</name>
         <load_address>0x7614</load_address>
         <run_address>0x7614</run_address>
         <size>0x1c</size>
         <input_file_ref idref="fl-f4"/>
      </object_component>
      <object_component id="oc-409">
         <name>.text:copysign</name>
         <load_address>0x7630</load_address>
         <run_address>0x7630</run_address>
         <size>0x1a</size>
         <input_file_ref idref="fl-f8"/>
      </object_component>
      <object_component id="oc-2c2">
         <name>.text:_outc</name>
         <load_address>0x764a</load_address>
         <run_address>0x764a</run_address>
         <size>0x18</size>
         <input_file_ref idref="fl-cf"/>
      </object_component>
      <object_component id="oc-1ef">
         <name>.text:_outs</name>
         <load_address>0x7662</load_address>
         <run_address>0x7662</run_address>
         <size>0x18</size>
         <input_file_ref idref="fl-ce"/>
      </object_component>
      <object_component id="oc-263">
         <name>.text:oi_parseInt</name>
         <load_address>0x767a</load_address>
         <run_address>0x767a</run_address>
         <size>0x18</size>
         <input_file_ref idref="fl-8"/>
      </object_component>
      <object_component id="oc-1c2">
         <name>.text:strcmp</name>
         <load_address>0x7692</load_address>
         <run_address>0x7692</run_address>
         <size>0x18</size>
         <input_file_ref idref="fl-df"/>
      </object_component>
      <object_component id="oc-3ed">
         <name>.text:strchr</name>
         <load_address>0x76aa</load_address>
         <run_address>0x76aa</run_address>
         <size>0x16</size>
         <input_file_ref idref="fl-f5"/>
      </object_component>
      <object_component id="oc-1c8">
         <name>.text:strcpy</name>
         <load_address>0x76c0</load_address>
         <run_address>0x76c0</run_address>
         <size>0x14</size>
         <input_file_ref idref="fl-e0"/>
      </object_component>
      <object_component id="oc-2e0">
         <name>.text:strlen</name>
         <load_address>0x76d4</load_address>
         <run_address>0x76d4</run_address>
         <size>0x14</size>
         <input_file_ref idref="fl-f6"/>
      </object_component>
      <object_component id="oc-310">
         <name>.text:wcslen</name>
         <load_address>0x76e8</load_address>
         <run_address>0x76e8</run_address>
         <size>0x12</size>
         <input_file_ref idref="fl-f7"/>
      </object_component>
      <object_component id="oc-1ab">
         <name>.text:IntMasterEnable</name>
         <load_address>0x76fa</load_address>
         <run_address>0x76fa</run_address>
         <size>0x10</size>
         <input_file_ref idref="fl-fb"/>
      </object_component>
      <object_component id="oc-e0">
         <name>.text:lcd_clear</name>
         <load_address>0x770a</load_address>
         <run_address>0x770a</run_address>
         <size>0x10</size>
         <input_file_ref idref="fl-5"/>
      </object_component>
      <object_component id="oc-1b">
         <name>.text:decompress:none:__TI_decompress_none</name>
         <load_address>0x771a</load_address>
         <run_address>0x771a</run_address>
         <size>0xe</size>
         <input_file_ref idref="fl-dc"/>
      </object_component>
      <object_component id="oc-2b3">
         <name>.text:CPUcpsie</name>
         <load_address>0x7728</load_address>
         <run_address>0x7728</run_address>
         <size>0xc</size>
         <input_file_ref idref="fl-fc"/>
      </object_component>
      <object_component id="oc-50">
         <name>.text:decompress:ZI:__TI_zero_init</name>
         <load_address>0x7734</load_address>
         <run_address>0x7734</run_address>
         <size>0xc</size>
         <input_file_ref idref="fl-db"/>
      </object_component>
      <object_component id="oc-2a">
         <name>.text</name>
         <load_address>0x7740</load_address>
         <run_address>0x7740</run_address>
         <size>0xc</size>
         <input_file_ref idref="fl-c"/>
      </object_component>
      <object_component id="oc-1f5">
         <name>.text:_outc</name>
         <load_address>0x774c</load_address>
         <run_address>0x774c</run_address>
         <size>0xa</size>
         <input_file_ref idref="fl-ce"/>
      </object_component>
      <object_component id="oc-231">
         <name>.text:__aeabi_errno_addr</name>
         <load_address>0x7758</load_address>
         <run_address>0x7758</run_address>
         <size>0x8</size>
         <input_file_ref idref="fl-e3"/>
      </object_component>
      <object_component id="oc-35a">
         <name>.text:malloc</name>
         <load_address>0x7760</load_address>
         <run_address>0x7760</run_address>
         <size>0x8</size>
         <input_file_ref idref="fl-de"/>
      </object_component>
      <object_component id="oc-9c">
         <name>.text:_system_pre_init</name>
         <load_address>0x7768</load_address>
         <run_address>0x7768</run_address>
         <size>0x4</size>
         <input_file_ref idref="fl-ec"/>
      </object_component>
      <object_component id="oc-165">
         <name>.text:abort:abort</name>
         <load_address>0x776c</load_address>
         <run_address>0x776c</run_address>
         <size>0x4</size>
         <input_file_ref idref="fl-ee"/>
      </object_component>
      <object_component id="oc-336">
         <name>.const:$O1$$</name>
         <load_address>0x7770</load_address>
         <run_address>0x7770</run_address>
         <size>0x158</size>
         <input_file_ref idref="fl-e1"/>
      </object_component>
      <object_component id="oc-3bb">
         <name>.const:.string:_ctypes_</name>
         <load_address>0x78c8</load_address>
         <run_address>0x78c8</run_address>
         <size>0x101</size>
         <input_file_ref idref="fl-f3"/>
      </object_component>
      <object_component id="oc-1ce">
         <name>.const:.string:lineAddress$1</name>
         <load_address>0x79c9</load_address>
         <run_address>0x79c9</run_address>
         <size>0x4</size>
         <input_file_ref idref="fl-5"/>
      </object_component>
      <object_component id="oc-436">
         <name>.const:$O1$$</name>
         <load_address>0x79d0</load_address>
         <run_address>0x79d0</run_address>
         <size>0x98</size>
         <input_file_ref idref="fl-ca"/>
      </object_component>
      <object_component id="oc-dd">
         <name>.const:ir_table</name>
         <load_address>0x7a68</load_address>
         <run_address>0x7a68</run_address>
         <size>0x80</size>
         <input_file_ref idref="fl-6"/>
      </object_component>
      <object_component id="oc-341">
         <name>.const:xxx</name>
         <load_address>0x7ae8</load_address>
         <run_address>0x7ae8</run_address>
         <size>0x80</size>
         <input_file_ref idref="fl-e6"/>
      </object_component>
      <object_component id="oc-26d">
         <name>.const:.string:$P$T0$3</name>
         <load_address>0x7b68</load_address>
         <run_address>0x7b68</run_address>
         <size>0xf</size>
         <input_file_ref idref="fl-8"/>
      </object_component>
      <object_component id="oc-1cf">
         <name>.const:.string:lineAddresses$2</name>
         <load_address>0x7b77</load_address>
         <run_address>0x7b77</run_address>
         <size>0x4</size>
         <input_file_ref idref="fl-5"/>
      </object_component>
      <object_component id="oc-4ba">
         <name>.cinit..data.load</name>
         <load_address>0x7b80</load_address>
         <run_address>0x7b80</run_address>
         <size>0x2c</size>
      </object_component>
      <object_component id="oc-4b7">
         <name>__TI_handler_table</name>
         <load_address>0x7bac</load_address>
         <run_address>0x7bac</run_address>
         <size>0xc</size>
      </object_component>
      <object_component id="oc-4bb">
         <name>.cinit..bss.load</name>
         <load_address>0x7bb8</load_address>
         <run_address>0x7bb8</run_address>
         <size>0x8</size>
      </object_component>
      <object_component id="oc-4b9">
         <name>.cinit..vtable.load</name>
         <load_address>0x7bc0</load_address>
         <run_address>0x7bc0</run_address>
         <size>0x8</size>
      </object_component>
      <object_component id="oc-4b8">
         <name>__TI_cinit_table</name>
         <load_address>0x7bc8</load_address>
         <run_address>0x7bc8</run_address>
         <size>0x18</size>
      </object_component>
      <object_component id="oc-2a9">
         <name>.vtable</name>
         <uninitialized>true</uninitialized>
         <run_address>0x20000000</run_address>
         <size>0x26c</size>
         <input_file_ref idref="fl-fb"/>
      </object_component>
      <object_component id="oc-1dc">
         <name>.data</name>
         <load_address>0x200024b5</load_address>
         <run_address>0x200024b5</run_address>
         <size>0x1</size>
         <input_file_ref idref="fl-2"/>
      </object_component>
      <object_component id="oc-110">
         <name>.data</name>
         <load_address>0x2000244c</load_address>
         <run_address>0x2000244c</run_address>
         <size>0x34</size>
         <input_file_ref idref="fl-6"/>
      </object_component>
      <object_component id="oc-15a">
         <name>.data</name>
         <load_address>0x200024a0</load_address>
         <run_address>0x200024a0</run_address>
         <size>0x15</size>
         <input_file_ref idref="fl-7"/>
      </object_component>
      <object_component id="oc-26a">
         <name>.data</name>
         <load_address>0x20002480</load_address>
         <run_address>0x20002480</run_address>
         <size>0x20</size>
         <input_file_ref idref="fl-8"/>
      </object_component>
      <object_component id="oc-116">
         <name>.data</name>
         <load_address>0x200024b8</load_address>
         <run_address>0x200024b8</run_address>
         <size>0x9</size>
         <input_file_ref idref="fl-9"/>
      </object_component>
      <object_component id="oc-1d8">
         <name>.data</name>
         <load_address>0x200024d4</load_address>
         <run_address>0x200024d4</run_address>
         <size>0x8</size>
         <input_file_ref idref="fl-b"/>
      </object_component>
      <object_component id="oc-1b1">
         <name>.data</name>
         <load_address>0x200024dc</load_address>
         <run_address>0x200024dc</run_address>
         <size>0x8</size>
         <input_file_ref idref="fl-d"/>
      </object_component>
      <object_component id="oc-42f">
         <name>.data:$O1$$</name>
         <load_address>0x200024cc</load_address>
         <run_address>0x200024cc</run_address>
         <size>0x8</size>
         <input_file_ref idref="fl-de"/>
      </object_component>
      <object_component id="oc-346">
         <name>.data</name>
         <load_address>0x200024e4</load_address>
         <run_address>0x200024e4</run_address>
         <size>0x4</size>
         <input_file_ref idref="fl-e3"/>
      </object_component>
      <object_component id="oc-28d">
         <name>.data:$O1$$</name>
         <load_address>0x200024c4</load_address>
         <run_address>0x200024c4</run_address>
         <size>0x8</size>
         <input_file_ref idref="fl-ef"/>
      </object_component>
      <object_component id="oc-1d0">
         <name>.bss:lastbuffer$3</name>
         <uninitialized>true</uninitialized>
         <run_address>0x20002360</run_address>
         <size>0x54</size>
         <input_file_ref idref="fl-5"/>
      </object_component>
      <object_component id="oc-270">
         <name>.bss:firmware$2</name>
         <uninitialized>true</uninitialized>
         <run_address>0x20002424</run_address>
         <size>0x18</size>
         <input_file_ref idref="fl-8"/>
      </object_component>
      <object_component id="oc-1df">
         <name>.common:_timeout_ticks</name>
         <uninitialized>true</uninitialized>
         <run_address>0x2000243c</run_address>
         <size>0x4</size>
      </object_component>
      <object_component id="oc-119">
         <name>.common:irAverage</name>
         <uninitialized>true</uninitialized>
         <run_address>0x20002440</run_address>
         <size>0x4</size>
      </object_component>
      <object_component id="oc-113">
         <name>.common:objArr</name>
         <uninitialized>true</uninitialized>
         <run_address>0x20002270</run_address>
         <size>0xf0</size>
      </object_component>
      <object_component id="oc-134">
         <name>.common:buffer</name>
         <uninitialized>true</uninitialized>
         <run_address>0x20002404</run_address>
         <size>0x20</size>
      </object_component>
      <object_component id="oc-135">
         <name>.common:receivedChar</name>
         <uninitialized>true</uninitialized>
         <run_address>0x20002449</run_address>
         <size>0x1</size>
      </object_component>
      <object_component id="oc-15e">
         <name>.common:lastChar</name>
         <uninitialized>true</uninitialized>
         <run_address>0x20002448</run_address>
         <size>0x1</size>
      </object_component>
      <object_component id="oc-156">
         <name>.common:m</name>
         <uninitialized>true</uninitialized>
         <run_address>0x20002444</run_address>
         <size>0x4</size>
      </object_component>
      <object_component id="oc-157">
         <name>.common:map_x</name>
         <uninitialized>true</uninitialized>
         <run_address>0x200023b4</run_address>
         <size>0x28</size>
      </object_component>
      <object_component id="oc-15d">
         <name>.common:map_y</name>
         <uninitialized>true</uninitialized>
         <run_address>0x200023dc</run_address>
         <size>0x28</size>
      </object_component>
      <object_component id="oc-136">
         <name>.common:returnChar</name>
         <uninitialized>true</uninitialized>
         <run_address>0x2000244a</run_address>
         <size>0x1</size>
      </object_component>
      <object_component id="oc-24">
         <name>.sysmem</name>
         <uninitialized>true</uninitialized>
         <run_address>0x20001270</run_address>
         <size>0x10</size>
         <input_file_ref idref="fl-de"/>
      </object_component>
      <object_component id="oc-4be">
         <name>.sysmem</name>
         <uninitialized>true</uninitialized>
         <run_address>0x20001270</run_address>
         <size>0x0</size>
      </object_component>
      <object_component id="oc-27">
         <name>.stack</name>
         <uninitialized>true</uninitialized>
         <run_address>0x20000270</run_address>
         <size>0x4</size>
         <input_file_ref idref="fl-e2"/>
      </object_component>
      <object_component id="oc-4bd">
         <name>.stack</name>
         <uninitialized>true</uninitialized>
         <run_address>0x20000270</run_address>
         <size>0x0</size>
      </object_component>
      <object_component id="oc-c5">
         <name>.debug_info</name>
         <load_address>0x0</load_address>
         <run_address>0x0</run_address>
         <size>0x2b9</size>
         <input_file_ref idref="fl-2"/>
      </object_component>
      <object_component id="oc-1dd">
         <name>.debug_info</name>
         <load_address>0x2b9</load_address>
         <run_address>0x2b9</run_address>
         <size>0xc7</size>
         <input_file_ref idref="fl-2"/>
      </object_component>
      <object_component id="oc-f6">
         <name>.debug_info</name>
         <load_address>0x380</load_address>
         <run_address>0x380</run_address>
         <size>0x50f</size>
         <input_file_ref idref="fl-2"/>
      </object_component>
      <object_component id="oc-77">
         <name>.debug_info</name>
         <load_address>0x88f</load_address>
         <run_address>0x88f</run_address>
         <size>0x26b</size>
         <input_file_ref idref="fl-2"/>
      </object_component>
      <object_component id="oc-39">
         <name>.debug_info</name>
         <load_address>0xafa</load_address>
         <run_address>0xafa</run_address>
         <size>0x84</size>
         <input_file_ref idref="fl-2"/>
      </object_component>
      <object_component id="oc-c0">
         <name>.debug_info</name>
         <load_address>0xb7e</load_address>
         <run_address>0xb7e</run_address>
         <size>0x2a4</size>
         <input_file_ref idref="fl-2"/>
      </object_component>
      <object_component id="oc-7c">
         <name>.debug_info</name>
         <load_address>0xe22</load_address>
         <run_address>0xe22</run_address>
         <size>0xbb</size>
         <input_file_ref idref="fl-2"/>
      </object_component>
      <object_component id="oc-100">
         <name>.debug_info</name>
         <load_address>0xedd</load_address>
         <run_address>0xedd</run_address>
         <size>0x148</size>
         <input_file_ref idref="fl-3"/>
      </object_component>
      <object_component id="oc-1d2">
         <name>.debug_info</name>
         <load_address>0x1025</load_address>
         <run_address>0x1025</run_address>
         <size>0x387</size>
         <input_file_ref idref="fl-5"/>
      </object_component>
      <object_component id="oc-e1">
         <name>.debug_info</name>
         <load_address>0x13ac</load_address>
         <run_address>0x13ac</run_address>
         <size>0x11c</size>
         <input_file_ref idref="fl-5"/>
      </object_component>
      <object_component id="oc-e9">
         <name>.debug_info</name>
         <load_address>0x14c8</load_address>
         <run_address>0x14c8</run_address>
         <size>0x8a8</size>
         <input_file_ref idref="fl-5"/>
      </object_component>
      <object_component id="oc-210">
         <name>.debug_info</name>
         <load_address>0x1d70</load_address>
         <run_address>0x1d70</run_address>
         <size>0xcc</size>
         <input_file_ref idref="fl-5"/>
      </object_component>
      <object_component id="oc-1d3">
         <name>.debug_info</name>
         <load_address>0x1e3c</load_address>
         <run_address>0x1e3c</run_address>
         <size>0x2c</size>
         <input_file_ref idref="fl-5"/>
      </object_component>
      <object_component id="oc-20b">
         <name>.debug_info</name>
         <load_address>0x1e68</load_address>
         <run_address>0x1e68</run_address>
         <size>0x35</size>
         <input_file_ref idref="fl-5"/>
      </object_component>
      <object_component id="oc-114">
         <name>.debug_info</name>
         <load_address>0x1e9d</load_address>
         <run_address>0x1e9d</run_address>
         <size>0x75d</size>
         <input_file_ref idref="fl-6"/>
      </object_component>
      <object_component id="oc-111">
         <name>.debug_info</name>
         <load_address>0x25fa</load_address>
         <run_address>0x25fa</run_address>
         <size>0x28a</size>
         <input_file_ref idref="fl-6"/>
      </object_component>
      <object_component id="oc-de">
         <name>.debug_info</name>
         <load_address>0x2884</load_address>
         <run_address>0x2884</run_address>
         <size>0xc5</size>
         <input_file_ref idref="fl-6"/>
      </object_component>
      <object_component id="oc-a3">
         <name>.debug_info</name>
         <load_address>0x2949</load_address>
         <run_address>0x2949</run_address>
         <size>0x8b5</size>
         <input_file_ref idref="fl-6"/>
      </object_component>
      <object_component id="oc-201">
         <name>.debug_info</name>
         <load_address>0x31fe</load_address>
         <run_address>0x31fe</run_address>
         <size>0x51</size>
         <input_file_ref idref="fl-6"/>
      </object_component>
      <object_component id="oc-241">
         <name>.debug_info</name>
         <load_address>0x324f</load_address>
         <run_address>0x324f</run_address>
         <size>0x63</size>
         <input_file_ref idref="fl-6"/>
      </object_component>
      <object_component id="oc-206">
         <name>.debug_info</name>
         <load_address>0x32b2</load_address>
         <run_address>0x32b2</run_address>
         <size>0x5aa</size>
         <input_file_ref idref="fl-6"/>
      </object_component>
      <object_component id="oc-160">
         <name>.debug_info</name>
         <load_address>0x385c</load_address>
         <run_address>0x385c</run_address>
         <size>0xe4</size>
         <input_file_ref idref="fl-6"/>
      </object_component>
      <object_component id="oc-158">
         <name>.debug_info</name>
         <load_address>0x3940</load_address>
         <run_address>0x3940</run_address>
         <size>0x4d6</size>
         <input_file_ref idref="fl-7"/>
      </object_component>
      <object_component id="oc-15b">
         <name>.debug_info</name>
         <load_address>0x3e16</load_address>
         <run_address>0x3e16</run_address>
         <size>0x195</size>
         <input_file_ref idref="fl-7"/>
      </object_component>
      <object_component id="oc-151">
         <name>.debug_info</name>
         <load_address>0x3fab</load_address>
         <run_address>0x3fab</run_address>
         <size>0x1356</size>
         <input_file_ref idref="fl-7"/>
      </object_component>
      <object_component id="oc-272">
         <name>.debug_info</name>
         <load_address>0x5301</load_address>
         <run_address>0x5301</run_address>
         <size>0x404</size>
         <input_file_ref idref="fl-8"/>
      </object_component>
      <object_component id="oc-26b">
         <name>.debug_info</name>
         <load_address>0x5705</load_address>
         <run_address>0x5705</run_address>
         <size>0x119</size>
         <input_file_ref idref="fl-8"/>
      </object_component>
      <object_component id="oc-26e">
         <name>.debug_info</name>
         <load_address>0x581e</load_address>
         <run_address>0x581e</run_address>
         <size>0xce</size>
         <input_file_ref idref="fl-8"/>
      </object_component>
      <object_component id="oc-264">
         <name>.debug_info</name>
         <load_address>0x58ec</load_address>
         <run_address>0x58ec</run_address>
         <size>0x146</size>
         <input_file_ref idref="fl-8"/>
      </object_component>
      <object_component id="oc-14b">
         <name>.debug_info</name>
         <load_address>0x5a32</load_address>
         <run_address>0x5a32</run_address>
         <size>0x1990</size>
         <input_file_ref idref="fl-8"/>
      </object_component>
      <object_component id="oc-1b5">
         <name>.debug_info</name>
         <load_address>0x73c2</load_address>
         <run_address>0x73c2</run_address>
         <size>0x8b</size>
         <input_file_ref idref="fl-8"/>
      </object_component>
      <object_component id="oc-217">
         <name>.debug_info</name>
         <load_address>0x744d</load_address>
         <run_address>0x744d</run_address>
         <size>0x301</size>
         <input_file_ref idref="fl-9"/>
      </object_component>
      <object_component id="oc-117">
         <name>.debug_info</name>
         <load_address>0x774e</load_address>
         <run_address>0x774e</run_address>
         <size>0x11b</size>
         <input_file_ref idref="fl-9"/>
      </object_component>
      <object_component id="oc-fc">
         <name>.debug_info</name>
         <load_address>0x7869</load_address>
         <run_address>0x7869</run_address>
         <size>0x310</size>
         <input_file_ref idref="fl-9"/>
      </object_component>
      <object_component id="oc-2dc">
         <name>.debug_info</name>
         <load_address>0x7b79</load_address>
         <run_address>0x7b79</run_address>
         <size>0x2f1</size>
         <input_file_ref idref="fl-b"/>
      </object_component>
      <object_component id="oc-1d9">
         <name>.debug_info</name>
         <load_address>0x7e6a</load_address>
         <run_address>0x7e6a</run_address>
         <size>0x122</size>
         <input_file_ref idref="fl-b"/>
      </object_component>
      <object_component id="oc-f0">
         <name>.debug_info</name>
         <load_address>0x7f8c</load_address>
         <run_address>0x7f8c</run_address>
         <size>0x37c</size>
         <input_file_ref idref="fl-b"/>
      </object_component>
      <object_component id="oc-32">
         <name>.debug_info</name>
         <load_address>0x8308</load_address>
         <run_address>0x8308</run_address>
         <size>0x2a3</size>
         <input_file_ref idref="fl-c"/>
      </object_component>
      <object_component id="oc-13">
         <name>.debug_info</name>
         <load_address>0x85ab</load_address>
         <run_address>0x85ab</run_address>
         <size>0xe2</size>
         <input_file_ref idref="fl-c"/>
      </object_component>
      <object_component id="oc-2c">
         <name>.debug_info</name>
         <load_address>0x868d</load_address>
         <run_address>0x868d</run_address>
         <size>0x25e</size>
         <input_file_ref idref="fl-c"/>
      </object_component>
      <object_component id="oc-137">
         <name>.debug_info</name>
         <load_address>0x88eb</load_address>
         <run_address>0x88eb</run_address>
         <size>0x34d</size>
         <input_file_ref idref="fl-d"/>
      </object_component>
      <object_component id="oc-1b2">
         <name>.debug_info</name>
         <load_address>0x8c38</load_address>
         <run_address>0x8c38</run_address>
         <size>0x101</size>
         <input_file_ref idref="fl-d"/>
      </object_component>
      <object_component id="oc-d8">
         <name>.debug_info</name>
         <load_address>0x8d39</load_address>
         <run_address>0x8d39</run_address>
         <size>0x343</size>
         <input_file_ref idref="fl-d"/>
      </object_component>
      <object_component id="oc-37e">
         <name>.debug_info</name>
         <load_address>0x907c</load_address>
         <run_address>0x907c</run_address>
         <size>0x2a9</size>
         <input_file_ref idref="fl-c8"/>
      </object_component>
      <object_component id="oc-27f">
         <name>.debug_info</name>
         <load_address>0x9325</load_address>
         <run_address>0x9325</run_address>
         <size>0x247</size>
         <input_file_ref idref="fl-c8"/>
      </object_component>
      <object_component id="oc-34d">
         <name>.debug_info</name>
         <load_address>0x956c</load_address>
         <run_address>0x956c</run_address>
         <size>0x46</size>
         <input_file_ref idref="fl-c8"/>
      </object_component>
      <object_component id="oc-239">
         <name>.debug_info</name>
         <load_address>0x95b2</load_address>
         <run_address>0x95b2</run_address>
         <size>0x39</size>
         <input_file_ref idref="fl-c8"/>
      </object_component>
      <object_component id="oc-376">
         <name>.debug_info</name>
         <load_address>0x95eb</load_address>
         <run_address>0x95eb</run_address>
         <size>0x2c5</size>
         <input_file_ref idref="fl-c9"/>
      </object_component>
      <object_component id="oc-279">
         <name>.debug_info</name>
         <load_address>0x98b0</load_address>
         <run_address>0x98b0</run_address>
         <size>0x24e</size>
         <input_file_ref idref="fl-c9"/>
      </object_component>
      <object_component id="oc-480">
         <name>.debug_info</name>
         <load_address>0x9afe</load_address>
         <run_address>0x9afe</run_address>
         <size>0x2f2</size>
         <input_file_ref idref="fl-ca"/>
      </object_component>
      <object_component id="oc-437">
         <name>.debug_info</name>
         <load_address>0x9df0</load_address>
         <run_address>0x9df0</run_address>
         <size>0x131</size>
         <input_file_ref idref="fl-ca"/>
      </object_component>
      <object_component id="oc-37a">
         <name>.debug_info</name>
         <load_address>0x9f21</load_address>
         <run_address>0x9f21</run_address>
         <size>0x4ac</size>
         <input_file_ref idref="fl-ca"/>
      </object_component>
      <object_component id="oc-253">
         <name>.debug_info</name>
         <load_address>0xa3cd</load_address>
         <run_address>0xa3cd</run_address>
         <size>0x361</size>
         <input_file_ref idref="fl-cb"/>
      </object_component>
      <object_component id="oc-13a">
         <name>.debug_info</name>
         <load_address>0xa72e</load_address>
         <run_address>0xa72e</run_address>
         <size>0x79b</size>
         <input_file_ref idref="fl-cb"/>
      </object_component>
      <object_component id="oc-256">
         <name>.debug_info</name>
         <load_address>0xaec9</load_address>
         <run_address>0xaec9</run_address>
         <size>0x361</size>
         <input_file_ref idref="fl-cc"/>
      </object_component>
      <object_component id="oc-147">
         <name>.debug_info</name>
         <load_address>0xb22a</load_address>
         <run_address>0xb22a</run_address>
         <size>0x7ae</size>
         <input_file_ref idref="fl-cc"/>
      </object_component>
      <object_component id="oc-238">
         <name>.debug_info</name>
         <load_address>0xb9d8</load_address>
         <run_address>0xb9d8</run_address>
         <size>0x36a</size>
         <input_file_ref idref="fl-cd"/>
      </object_component>
      <object_component id="oc-12a">
         <name>.debug_info</name>
         <load_address>0xbd42</load_address>
         <run_address>0xbd42</run_address>
         <size>0x5d4</size>
         <input_file_ref idref="fl-cd"/>
      </object_component>
      <object_component id="oc-1fc">
         <name>.debug_info</name>
         <load_address>0xc316</load_address>
         <run_address>0xc316</run_address>
         <size>0x333</size>
         <input_file_ref idref="fl-ce"/>
      </object_component>
      <object_component id="oc-10b">
         <name>.debug_info</name>
         <load_address>0xc649</load_address>
         <run_address>0xc649</run_address>
         <size>0x1d1</size>
         <input_file_ref idref="fl-ce"/>
      </object_component>
      <object_component id="oc-1f1">
         <name>.debug_info</name>
         <load_address>0xc81a</load_address>
         <run_address>0xc81a</run_address>
         <size>0x18d</size>
         <input_file_ref idref="fl-ce"/>
      </object_component>
      <object_component id="oc-1f8">
         <name>.debug_info</name>
         <load_address>0xc9a7</load_address>
         <run_address>0xc9a7</run_address>
         <size>0x16d</size>
         <input_file_ref idref="fl-ce"/>
      </object_component>
      <object_component id="oc-2ca">
         <name>.debug_info</name>
         <load_address>0xcb14</load_address>
         <run_address>0xcb14</run_address>
         <size>0x2c</size>
         <input_file_ref idref="fl-ce"/>
      </object_component>
      <object_component id="oc-2c9">
         <name>.debug_info</name>
         <load_address>0xcb40</load_address>
         <run_address>0xcb40</run_address>
         <size>0x340</size>
         <input_file_ref idref="fl-cf"/>
      </object_component>
      <object_component id="oc-1c0">
         <name>.debug_info</name>
         <load_address>0xce80</load_address>
         <run_address>0xce80</run_address>
         <size>0x208</size>
         <input_file_ref idref="fl-cf"/>
      </object_component>
      <object_component id="oc-2bd">
         <name>.debug_info</name>
         <load_address>0xd088</load_address>
         <run_address>0xd088</run_address>
         <size>0x1c6</size>
         <input_file_ref idref="fl-cf"/>
      </object_component>
      <object_component id="oc-2c5">
         <name>.debug_info</name>
         <load_address>0xd24e</load_address>
         <run_address>0xd24e</run_address>
         <size>0x179</size>
         <input_file_ref idref="fl-cf"/>
      </object_component>
      <object_component id="oc-2cf">
         <name>.debug_info</name>
         <load_address>0xd3c7</load_address>
         <run_address>0xd3c7</run_address>
         <size>0x69</size>
         <input_file_ref idref="fl-cf"/>
      </object_component>
      <object_component id="oc-142">
         <name>.debug_info</name>
         <load_address>0xd430</load_address>
         <run_address>0xd430</run_address>
         <size>0x14c</size>
         <input_file_ref idref="fl-d0"/>
      </object_component>
      <object_component id="oc-223">
         <name>.debug_info</name>
         <load_address>0xd57c</load_address>
         <run_address>0xd57c</run_address>
         <size>0x128</size>
         <input_file_ref idref="fl-d1"/>
      </object_component>
      <object_component id="oc-276">
         <name>.debug_info</name>
         <load_address>0xd6a4</load_address>
         <run_address>0xd6a4</run_address>
         <size>0x12a</size>
         <input_file_ref idref="fl-d1"/>
      </object_component>
      <object_component id="oc-126">
         <name>.debug_info</name>
         <load_address>0xd7ce</load_address>
         <run_address>0xd7ce</run_address>
         <size>0x13a</size>
         <input_file_ref idref="fl-d2"/>
      </object_component>
      <object_component id="oc-120">
         <name>.debug_info</name>
         <load_address>0xd908</load_address>
         <run_address>0xd908</run_address>
         <size>0x13a</size>
         <input_file_ref idref="fl-d3"/>
      </object_component>
      <object_component id="oc-21e">
         <name>.debug_info</name>
         <load_address>0xda42</load_address>
         <run_address>0xda42</run_address>
         <size>0x12e</size>
         <input_file_ref idref="fl-d4"/>
      </object_component>
      <object_component id="oc-131">
         <name>.debug_info</name>
         <load_address>0xdb70</load_address>
         <run_address>0xdb70</run_address>
         <size>0x13e</size>
         <input_file_ref idref="fl-d5"/>
      </object_component>
      <object_component id="oc-108">
         <name>.debug_info</name>
         <load_address>0xdcae</load_address>
         <run_address>0xdcae</run_address>
         <size>0x12c</size>
         <input_file_ref idref="fl-d6"/>
      </object_component>
      <object_component id="oc-11b">
         <name>.debug_info</name>
         <load_address>0xddda</load_address>
         <run_address>0xddda</run_address>
         <size>0x12c</size>
         <input_file_ref idref="fl-d7"/>
      </object_component>
      <object_component id="oc-40">
         <name>.debug_info</name>
         <load_address>0xdf06</load_address>
         <run_address>0xdf06</run_address>
         <size>0x119</size>
         <input_file_ref idref="fl-d8"/>
      </object_component>
      <object_component id="oc-1e2">
         <name>.debug_info</name>
         <load_address>0xe01f</load_address>
         <run_address>0xe01f</run_address>
         <size>0x12e</size>
         <input_file_ref idref="fl-d9"/>
      </object_component>
      <object_component id="oc-99">
         <name>.debug_info</name>
         <load_address>0xe14d</load_address>
         <run_address>0xe14d</run_address>
         <size>0x147</size>
         <input_file_ref idref="fl-da"/>
      </object_component>
      <object_component id="oc-95">
         <name>.debug_info</name>
         <load_address>0xe294</load_address>
         <run_address>0xe294</run_address>
         <size>0x2d4</size>
         <input_file_ref idref="fl-db"/>
      </object_component>
      <object_component id="oc-53">
         <name>.debug_info</name>
         <load_address>0xe568</load_address>
         <run_address>0xe568</run_address>
         <size>0x1b5</size>
         <input_file_ref idref="fl-db"/>
      </object_component>
      <object_component id="oc-90">
         <name>.debug_info</name>
         <load_address>0xe71d</load_address>
         <run_address>0xe71d</run_address>
         <size>0x46</size>
         <input_file_ref idref="fl-db"/>
      </object_component>
      <object_component id="oc-ce">
         <name>.debug_info</name>
         <load_address>0xe763</load_address>
         <run_address>0xe763</run_address>
         <size>0x2c</size>
         <input_file_ref idref="fl-db"/>
      </object_component>
      <object_component id="oc-49">
         <name>.debug_info</name>
         <load_address>0xe78f</load_address>
         <run_address>0xe78f</run_address>
         <size>0x2a8</size>
         <input_file_ref idref="fl-dc"/>
      </object_component>
      <object_component id="oc-1d">
         <name>.debug_info</name>
         <load_address>0xea37</load_address>
         <run_address>0xea37</run_address>
         <size>0x1ea</size>
         <input_file_ref idref="fl-dc"/>
      </object_component>
      <object_component id="oc-44">
         <name>.debug_info</name>
         <load_address>0xec21</load_address>
         <run_address>0xec21</run_address>
         <size>0x46</size>
         <input_file_ref idref="fl-dc"/>
      </object_component>
      <object_component id="oc-88">
         <name>.debug_info</name>
         <load_address>0xec67</load_address>
         <run_address>0xec67</run_address>
         <size>0x2c</size>
         <input_file_ref idref="fl-dc"/>
      </object_component>
      <object_component id="oc-86">
         <name>.debug_info</name>
         <load_address>0xec93</load_address>
         <run_address>0xec93</run_address>
         <size>0x29e</size>
         <input_file_ref idref="fl-dd"/>
      </object_component>
      <object_component id="oc-17">
         <name>.debug_info</name>
         <load_address>0xef31</load_address>
         <run_address>0xef31</run_address>
         <size>0x250</size>
         <input_file_ref idref="fl-dd"/>
      </object_component>
      <object_component id="oc-34">
         <name>.debug_info</name>
         <load_address>0xf181</load_address>
         <run_address>0xf181</run_address>
         <size>0x60</size>
         <input_file_ref idref="fl-dd"/>
      </object_component>
      <object_component id="oc-c7">
         <name>.debug_info</name>
         <load_address>0xf1e1</load_address>
         <run_address>0xf1e1</run_address>
         <size>0x46</size>
         <input_file_ref idref="fl-dd"/>
      </object_component>
      <object_component id="oc-81">
         <name>.debug_info</name>
         <load_address>0xf227</load_address>
         <run_address>0xf227</run_address>
         <size>0x39</size>
         <input_file_ref idref="fl-dd"/>
      </object_component>
      <object_component id="oc-70">
         <name>.debug_info</name>
         <load_address>0xf260</load_address>
         <run_address>0xf260</run_address>
         <size>0x3b2</size>
         <input_file_ref idref="fl-de"/>
      </object_component>
      <object_component id="oc-25">
         <name>.debug_info</name>
         <load_address>0xf612</load_address>
         <run_address>0xf612</run_address>
         <size>0x10c</size>
         <input_file_ref idref="fl-de"/>
      </object_component>
      <object_component id="oc-430">
         <name>.debug_info</name>
         <load_address>0xf71e</load_address>
         <run_address>0xf71e</run_address>
         <size>0x13f</size>
         <input_file_ref idref="fl-de"/>
      </object_component>
      <object_component id="oc-35d">
         <name>.debug_info</name>
         <load_address>0xf85d</load_address>
         <run_address>0xf85d</run_address>
         <size>0x168</size>
         <input_file_ref idref="fl-de"/>
      </object_component>
      <object_component id="oc-363">
         <name>.debug_info</name>
         <load_address>0xf9c5</load_address>
         <run_address>0xf9c5</run_address>
         <size>0x18e</size>
         <input_file_ref idref="fl-de"/>
      </object_component>
      <object_component id="oc-369">
         <name>.debug_info</name>
         <load_address>0xfb53</load_address>
         <run_address>0xfb53</run_address>
         <size>0x19f</size>
         <input_file_ref idref="fl-de"/>
      </object_component>
      <object_component id="oc-260">
         <name>.debug_info</name>
         <load_address>0xfcf2</load_address>
         <run_address>0xfcf2</run_address>
         <size>0x203</size>
         <input_file_ref idref="fl-de"/>
      </object_component>
      <object_component id="oc-478">
         <name>.debug_info</name>
         <load_address>0xfef5</load_address>
         <run_address>0xfef5</run_address>
         <size>0x1db</size>
         <input_file_ref idref="fl-de"/>
      </object_component>
      <object_component id="oc-258">
         <name>.debug_info</name>
         <load_address>0x100d0</load_address>
         <run_address>0x100d0</run_address>
         <size>0x1a5</size>
         <input_file_ref idref="fl-de"/>
      </object_component>
      <object_component id="oc-42a">
         <name>.debug_info</name>
         <load_address>0x10275</load_address>
         <run_address>0x10275</run_address>
         <size>0x299</size>
         <input_file_ref idref="fl-de"/>
      </object_component>
      <object_component id="oc-bb">
         <name>.debug_info</name>
         <load_address>0x1050e</load_address>
         <run_address>0x1050e</run_address>
         <size>0xb2</size>
         <input_file_ref idref="fl-de"/>
      </object_component>
      <object_component id="oc-b6">
         <name>.debug_info</name>
         <load_address>0x105c0</load_address>
         <run_address>0x105c0</run_address>
         <size>0x2c</size>
         <input_file_ref idref="fl-de"/>
      </object_component>
      <object_component id="oc-2d5">
         <name>.debug_info</name>
         <load_address>0x105ec</load_address>
         <run_address>0x105ec</run_address>
         <size>0x28a</size>
         <input_file_ref idref="fl-df"/>
      </object_component>
      <object_component id="oc-1c4">
         <name>.debug_info</name>
         <load_address>0x10876</load_address>
         <run_address>0x10876</run_address>
         <size>0x273</size>
         <input_file_ref idref="fl-df"/>
      </object_component>
      <object_component id="oc-2d7">
         <name>.debug_info</name>
         <load_address>0x10ae9</load_address>
         <run_address>0x10ae9</run_address>
         <size>0x2a4</size>
         <input_file_ref idref="fl-e0"/>
      </object_component>
      <object_component id="oc-1ca">
         <name>.debug_info</name>
         <load_address>0x10d8d</load_address>
         <run_address>0x10d8d</run_address>
         <size>0x24d</size>
         <input_file_ref idref="fl-e0"/>
      </object_component>
      <object_component id="oc-33a">
         <name>.debug_info</name>
         <load_address>0x10fda</load_address>
         <run_address>0x10fda</run_address>
         <size>0x3aa</size>
         <input_file_ref idref="fl-e1"/>
      </object_component>
      <object_component id="oc-337">
         <name>.debug_info</name>
         <load_address>0x11384</load_address>
         <run_address>0x11384</run_address>
         <size>0x13a</size>
         <input_file_ref idref="fl-e1"/>
      </object_component>
      <object_component id="oc-229">
         <name>.debug_info</name>
         <load_address>0x114be</load_address>
         <run_address>0x114be</run_address>
         <size>0x72f</size>
         <input_file_ref idref="fl-e1"/>
      </object_component>
      <object_component id="oc-417">
         <name>.debug_info</name>
         <load_address>0x11bed</load_address>
         <run_address>0x11bed</run_address>
         <size>0x39</size>
         <input_file_ref idref="fl-e1"/>
      </object_component>
      <object_component id="oc-33c">
         <name>.debug_info</name>
         <load_address>0x11c26</load_address>
         <run_address>0x11c26</run_address>
         <size>0x2c</size>
         <input_file_ref idref="fl-e1"/>
      </object_component>
      <object_component id="oc-28">
         <name>.debug_info</name>
         <load_address>0x11c52</load_address>
         <run_address>0x11c52</run_address>
         <size>0x10b</size>
         <input_file_ref idref="fl-e2"/>
      </object_component>
      <object_component id="oc-5d">
         <name>.debug_info</name>
         <load_address>0x11d5d</load_address>
         <run_address>0x11d5d</run_address>
         <size>0x1a9</size>
         <input_file_ref idref="fl-e2"/>
      </object_component>
      <object_component id="oc-34a">
         <name>.debug_info</name>
         <load_address>0x11f06</load_address>
         <run_address>0x11f06</run_address>
         <size>0x289</size>
         <input_file_ref idref="fl-e3"/>
      </object_component>
      <object_component id="oc-347">
         <name>.debug_info</name>
         <load_address>0x1218f</load_address>
         <run_address>0x1218f</run_address>
         <size>0x10e</size>
         <input_file_ref idref="fl-e3"/>
      </object_component>
      <object_component id="oc-235">
         <name>.debug_info</name>
         <load_address>0x1229d</load_address>
         <run_address>0x1229d</run_address>
         <size>0x14e</size>
         <input_file_ref idref="fl-e3"/>
      </object_component>
      <object_component id="oc-353">
         <name>.debug_info</name>
         <load_address>0x123eb</load_address>
         <run_address>0x123eb</run_address>
         <size>0x288</size>
         <input_file_ref idref="fl-e4"/>
      </object_component>
      <object_component id="oc-247">
         <name>.debug_info</name>
         <load_address>0x12673</load_address>
         <run_address>0x12673</run_address>
         <size>0x327</size>
         <input_file_ref idref="fl-e4"/>
      </object_component>
      <object_component id="oc-355">
         <name>.debug_info</name>
         <load_address>0x1299a</load_address>
         <run_address>0x1299a</run_address>
         <size>0x28d</size>
         <input_file_ref idref="fl-e5"/>
      </object_component>
      <object_component id="oc-24d">
         <name>.debug_info</name>
         <load_address>0x12c27</load_address>
         <run_address>0x12c27</run_address>
         <size>0x380</size>
         <input_file_ref idref="fl-e5"/>
      </object_component>
      <object_component id="oc-345">
         <name>.debug_info</name>
         <load_address>0x12fa7</load_address>
         <run_address>0x12fa7</run_address>
         <size>0x29b</size>
         <input_file_ref idref="fl-e6"/>
      </object_component>
      <object_component id="oc-342">
         <name>.debug_info</name>
         <load_address>0x13242</load_address>
         <run_address>0x13242</run_address>
         <size>0xfa</size>
         <input_file_ref idref="fl-e6"/>
      </object_component>
      <object_component id="oc-22c">
         <name>.debug_info</name>
         <load_address>0x1333c</load_address>
         <run_address>0x1333c</run_address>
         <size>0x5d3</size>
         <input_file_ref idref="fl-e6"/>
      </object_component>
      <object_component id="oc-412">
         <name>.debug_info</name>
         <load_address>0x1390f</load_address>
         <run_address>0x1390f</run_address>
         <size>0x28a</size>
         <input_file_ref idref="fl-e7"/>
      </object_component>
      <object_component id="oc-332">
         <name>.debug_info</name>
         <load_address>0x13b99</load_address>
         <run_address>0x13b99</run_address>
         <size>0x22a</size>
         <input_file_ref idref="fl-e7"/>
      </object_component>
      <object_component id="oc-410">
         <name>.debug_info</name>
         <load_address>0x13dc3</load_address>
         <run_address>0x13dc3</run_address>
         <size>0x2f8</size>
         <input_file_ref idref="fl-e8"/>
      </object_component>
      <object_component id="oc-32b">
         <name>.debug_info</name>
         <load_address>0x140bb</load_address>
         <run_address>0x140bb</run_address>
         <size>0x225</size>
[...]
      </symbol>
      <symbol id="sm-32a">
         <name>oi_parseInt</name>
         <value>0x767b</value>
         <object_component_ref idref="oc-263"/>
      </symbol>
      <symbol id="sm-32b">
         <name>oi_setMotorCalibration</name>
         <value>0xdb1</value>
         <object_component_ref idref="oc-14a"/>
      </symbol>
      <symbol id="sm-32c">
         <name>oi_uartSendStr</name>
         <value>0xa59</value>
         <object_component_ref idref="oc-14a"/>
      </symbol>
      <symbol id="sm-32d">
         <name>oi_close</name>
         <value>0x2c7</value>
         <object_component_ref idref="oc-14a"/>
      </symbol>
      <symbol id="sm-32e">
         <name>oi_uartSendBuff</name>
         <value>0xa77</value>
         <object_component_ref idref="oc-14a"/>
      </symbol>
      <symbol id="sm-32f">
         <name>oi_checkFirmware</name>
         <value>0xaa9</value>
         <object_component_ref idref="oc-14a"/>
      </symbol>
      <symbol id="sm-330">
         <name>oi_init_noupdate</name>
         <value>0x289</value>
         <object_component_ref idref="oc-14a"/>
      </symbol>
      <symbol id="sm-331">
         <name>oi_uartSendChar</name>
         <value>0xa15</value>
         <object_component_ref idref="oc-14a"/>
      </symbol>
      <symbol id="sm-332">
         <name>oi_alloc</name>
         <value>0x26d</value>
         <object_component_ref idref="oc-14a"/>
      </symbol>
      <symbol id="sm-333">
         <name>oi_getMotorCalibrationLeft</name>
         <value>0xded</value>
         <object_component_ref idref="oc-14a"/>
      </symbol>
      <symbol id="sm-334">
         <name>oi_loadSong</name>
         <value>0x915</value>
         <object_component_ref idref="oc-14a"/>
      </symbol>
      <symbol id="sm-335">
         <name>oi_play_song</name>
         <value>0x96b</value>
         <object_component_ref idref="oc-14a"/>
      </symbol>
      <symbol id="sm-336">
         <name>oi_parsePacket</name>
         <value>0x32b</value>
         <object_component_ref idref="oc-14a"/>
      </symbol>
      <symbol id="sm-337">
         <name>oi_setLeds</name>
         <value>0x84b</value>
         <object_component_ref idref="oc-14a"/>
      </symbol>
      <symbol id="sm-338">
         <name>oi_init</name>
         <value>0x2b1</value>
         <object_component_ref idref="oc-14a"/>
      </symbol>
      <symbol id="sm-339">
         <name>oi_update</name>
         <value>0x2d9</value>
         <object_component_ref idref="oc-14a"/>
      </symbol>
      <symbol id="sm-33a">
         <name>oi_uartInit</name>
         <value>0x98d</value>
         <object_component_ref idref="oc-14a"/>
      </symbol>
      <symbol id="sm-374">
         <name>g_end_time</name>
         <value>0x200024bc</value>
         <object_component_ref idref="oc-116"/>
      </symbol>
      <symbol id="sm-375">
         <name>TIMER3B_Handler</name>
         <value>0x5155</value>
         <object_component_ref idref="oc-f9"/>
      </symbol>
      <symbol id="sm-376">
         <name>ping_init</name>
         <value>0x4ff5</value>
         <object_component_ref idref="oc-f9"/>
      </symbol>
      <symbol id="sm-377">
         <name>g_state</name>
         <value>0x200024c0</value>
         <object_component_ref idref="oc-116"/>
      </symbol>
      <symbol id="sm-378">
         <name>g_start_time</name>
         <value>0x200024b8</value>
         <object_component_ref idref="oc-116"/>
      </symbol>
      <symbol id="sm-379">
         <name>ping_getDistance</name>
         <value>0x5195</value>
         <object_component_ref idref="oc-f9"/>
      </symbol>
      <symbol id="sm-37a">
         <name>ping_trigger</name>
         <value>0x50c5</value>
         <object_component_ref idref="oc-f9"/>
      </symbol>
      <symbol id="sm-3b9">
         <name>servo_move</name>
         <value>0x4e01</value>
         <object_component_ref idref="oc-ed"/>
      </symbol>
      <symbol id="sm-3ba">
         <name>servo_init</name>
         <value>0x4d39</value>
         <object_component_ref idref="oc-ed"/>
      </symbol>
      <symbol id="sm-3bb">
         <name>right_calibration_value</name>
         <value>0x200024d4</value>
         <object_component_ref idref="oc-1d8"/>
      </symbol>
      <symbol id="sm-3bc">
         <name>left_calibration_value</name>
         <value>0x200024d8</value>
         <object_component_ref idref="oc-1d8"/>
      </symbol>
      <symbol id="sm-3bd">
         <name>servo_calibrate</name>
         <value>0x4e61</value>
         <object_component_ref idref="oc-ed"/>
      </symbol>
      <symbol id="sm-3d9">
         <name>ResetISR</name>
         <value>0x7741</value>
         <object_component_ref idref="oc-2a"/>
      </symbol>
      <symbol id="sm-3da">
         <name>g_pfnVectors</name>
         <value>0x0</value>
         <object_component_ref idref="oc-12"/>
      </symbol>
      <symbol id="sm-419">
         <name>returnChar</name>
         <value>0x2000244a</value>
      </symbol>
      <symbol id="sm-41a">
         <name>UART1_Handler</name>
         <value>0x582b</value>
         <object_component_ref idref="oc-d7"/>
      </symbol>
      <symbol id="sm-41b">
         <name>command_byte</name>
         <value>0x200024dc</value>
         <object_component_ref idref="oc-1b1"/>
      </symbol>
      <symbol id="sm-41c">
         <name>uart_sendChar</name>
         <value>0x57e9</value>
         <object_component_ref idref="oc-d7"/>
      </symbol>
      <symbol id="sm-41d">
         <name>uart_interrupt_init</name>
         <value>0x5729</value>
         <object_component_ref idref="oc-d7"/>
      </symbol>
      <symbol id="sm-41e">
         <name>command_flag</name>
         <value>0x200024e0</value>
         <object_component_ref idref="oc-1b1"/>
      </symbol>
      <symbol id="sm-41f">
         <name>uart_sendStr</name>
         <value>0x5805</value>
         <object_component_ref idref="oc-d7"/>
      </symbol>
      <symbol id="sm-463">
         <name>atan2</name>
         <value>0x5955</value>
         <object_component_ref idref="oc-27e"/>
      </symbol>
      <symbol id="sm-464">
         <name>atan2l</name>
         <value>0x5955</value>
         <object_component_ref idref="oc-27e"/>
      </symbol>
      <symbol id="sm-486">
         <name>sqrtl</name>
         <value>0x61a5</value>
         <object_component_ref idref="oc-278"/>
      </symbol>
      <symbol id="sm-487">
         <name>sqrt</name>
         <value>0x61a5</value>
         <object_component_ref idref="oc-278"/>
      </symbol>
      <symbol id="sm-4bd">
         <name>atanl</name>
         <value>0x4a4d</value>
         <object_component_ref idref="oc-377"/>
      </symbol>
      <symbol id="sm-4be">
         <name>atan</name>
         <value>0x4a4d</value>
         <object_component_ref idref="oc-377"/>
      </symbol>
      <symbol id="sm-50f">
         <name>cosl</name>
         <value>0x3925</value>
         <object_component_ref idref="oc-139"/>
      </symbol>
      <symbol id="sm-510">
         <name>cos</name>
         <value>0x3925</value>
         <object_component_ref idref="oc-139"/>
      </symbol>
      <symbol id="sm-560">
         <name>sin</name>
         <value>0x3345</value>
         <object_component_ref idref="oc-144"/>
      </symbol>
      <symbol id="sm-561">
         <name>sinl</name>
         <value>0x3345</value>
         <object_component_ref idref="oc-144"/>
      </symbol>
      <symbol id="sm-5b2">
         <name>tanl</name>
         <value>0x3f01</value>
         <object_component_ref idref="oc-129"/>
      </symbol>
      <symbol id="sm-5b3">
         <name>tan</name>
         <value>0x3f01</value>
         <object_component_ref idref="oc-129"/>
      </symbol>
      <symbol id="sm-5da">
         <name>sprintf</name>
         <value>0x73b9</value>
         <object_component_ref idref="oc-10a"/>
      </symbol>
      <symbol id="sm-604">
         <name>vsnprintf</name>
         <value>0x73f9</value>
         <object_component_ref idref="oc-1bc"/>
      </symbol>
      <symbol id="sm-61b">
         <name>__aeabi_dsub</name>
         <value>0x5d09</value>
         <object_component_ref idref="oc-13f"/>
      </symbol>
      <symbol id="sm-61c">
         <name>__aeabi_dadd</name>
         <value>0x5d13</value>
         <object_component_ref idref="oc-13f"/>
      </symbol>
      <symbol id="sm-63e">
         <name>__aeabi_cdcmpeq</name>
         <value>0x6e45</value>
         <object_component_ref idref="oc-220"/>
      </symbol>
      <symbol id="sm-63f">
         <name>__aeabi_cdcmple</name>
         <value>0x6e45</value>
         <object_component_ref idref="oc-220"/>
      </symbol>
      <symbol id="sm-640">
         <name>__aeabi_cdrcmple</name>
         <value>0x6ecb</value>
         <object_component_ref idref="oc-273"/>
      </symbol>
      <symbol id="sm-654">
         <name>__aeabi_ddiv</name>
         <value>0x6439</value>
         <object_component_ref idref="oc-124"/>
      </symbol>
      <symbol id="sm-65f">
         <name>__aeabi_dmul</name>
         <value>0x68a5</value>
         <object_component_ref idref="oc-11f"/>
      </symbol>
      <symbol id="sm-669">
         <name>__aeabi_d2iz</name>
         <value>0x732d</value>
         <object_component_ref idref="oc-21b"/>
      </symbol>
      <symbol id="sm-675">
         <name>__aeabi_d2f</name>
         <value>0x70ab</value>
         <object_component_ref idref="oc-12f"/>
      </symbol>
      <symbol id="sm-680">
         <name>__aeabi_f2d</name>
         <value>0x74b1</value>
         <object_component_ref idref="oc-105"/>
      </symbol>
      <symbol id="sm-68a">
         <name>__aeabi_i2d</name>
         <value>0x7581</value>
         <object_component_ref idref="oc-11a"/>
      </symbol>
      <symbol id="sm-6a5">
         <name>memcpy</name>
         <value>0x6d13</value>
         <object_component_ref idref="oc-3e"/>
      </symbol>
      <symbol id="sm-6a6">
         <name>__aeabi_memcpy</name>
         <value>0x6d13</value>
         <object_component_ref idref="oc-3e"/>
      </symbol>
      <symbol id="sm-6a7">
         <name>__aeabi_memcpy8</name>
         <value>0x6d13</value>
         <object_component_ref idref="oc-3e"/>
      </symbol>
      <symbol id="sm-6a8">
         <name>__aeabi_memcpy4</name>
         <value>0x6d13</value>
         <object_component_ref idref="oc-3e"/>
      </symbol>
      <symbol id="sm-6b2">
         <name>__aeabi_ui2d</name>
         <value>0x75d9</value>
         <object_component_ref idref="oc-1e1"/>
      </symbol>
      <symbol id="sm-6c1">
         <name>__aeabi_memset</name>
         <value>0x6f53</value>
         <object_component_ref idref="oc-96"/>
      </symbol>
      <symbol id="sm-6c2">
         <name>memset</name>
         <value>0x6f59</value>
         <object_component_ref idref="oc-96"/>
      </symbol>
      <symbol id="sm-6c3">
         <name>__aeabi_memset8</name>
         <value>0x6f53</value>
         <object_component_ref idref="oc-96"/>
      </symbol>
      <symbol id="sm-6c4">
         <name>__aeabi_memset4</name>
         <value>0x6f53</value>
         <object_component_ref idref="oc-96"/>
      </symbol>
      <symbol id="sm-6c5">
         <name>__aeabi_memclr8</name>
         <value>0x6f51</value>
         <object_component_ref idref="oc-96"/>
      </symbol>
      <symbol id="sm-6c6">
         <name>__aeabi_memclr4</name>
         <value>0x6f51</value>
         <object_component_ref idref="oc-96"/>
      </symbol>
      <symbol id="sm-6c7">
         <name>__aeabi_memclr</name>
         <value>0x6f51</value>
         <object_component_ref idref="oc-96"/>
      </symbol>
      <symbol id="sm-6de">
         <name>__TI_zero_init</name>
         <value>0x7735</value>
         <object_component_ref idref="oc-50"/>
      </symbol>
      <symbol id="sm-6f5">
         <name>__TI_decompress_none</name>
         <value>0x771b</value>
         <object_component_ref idref="oc-1b"/>
      </symbol>
      <symbol id="sm-718">
         <name>__TI_decompress_lzss</name>
         <value>0x7119</value>
         <object_component_ref idref="oc-15"/>
      </symbol>
      <symbol id="sm-7ad">
         <name>_sys_memory</name>
         <value>0x20001270</value>
         <object_component_ref idref="oc-24"/>
      </symbol>
      <symbol id="sm-7ae">
         <name>free</name>
         <value>0x6b7d</value>
         <object_component_ref idref="oc-25d"/>
      </symbol>
      <symbol id="sm-7af">
         <name>memalign</name>
         <value>0x67a5</value>
         <object_component_ref idref="oc-428"/>
      </symbol>
      <symbol id="sm-7b0">
         <name>calloc</name>
         <value>0x7479</value>
         <object_component_ref idref="oc-257"/>
      </symbol>
      <symbol id="sm-7b1">
         <name>malloc</name>
         <value>0x7761</value>
         <object_component_ref idref="oc-35a"/>
      </symbol>
      <symbol id="sm-7b2">
         <name>aligned_alloc</name>
         <value>0x67a5</value>
         <object_component_ref idref="oc-428"/>
      </symbol>
      <symbol id="sm-7c1">
         <name>strcmp</name>
         <value>0x7693</value>
         <object_component_ref idref="oc-1c2"/>
      </symbol>
      <symbol id="sm-7cf">
         <name>strcpy</name>
         <value>0x76c1</value>
         <object_component_ref idref="oc-1c8"/>
      </symbol>
      <symbol id="sm-83f">
         <name>__kernel_rem_pio2</name>
         <value>0x2c0d</value>
         <object_component_ref idref="oc-225"/>
      </symbol>
      <symbol id="sm-852">
         <name>__stack</name>
         <value>0x20000270</value>
         <object_component_ref idref="oc-27"/>
      </symbol>
      <symbol id="sm-853">
         <name>_c_int00_noargs</name>
         <value>0x751d</value>
         <object_component_ref idref="oc-5c"/>
      </symbol>
      <symbol id="sm-869">
         <name>__aeabi_errno_addr</name>
         <value>0x7759</value>
         <object_component_ref idref="oc-231"/>
      </symbol>
      <symbol id="sm-86a">
         <name>errno</name>
         <value>0x200024e4</value>
         <object_component_ref idref="oc-346"/>
      </symbol>
      <symbol id="sm-880">
         <name>__kernel_cos</name>
         <value>0x6035</value>
         <object_component_ref idref="oc-246"/>
      </symbol>
      <symbol id="sm-897">
         <name>__kernel_sin</name>
         <value>0x5ec1</value>
         <object_component_ref idref="oc-24c"/>
      </symbol>
      <symbol id="sm-8b6">
         <name>__kernel_tan</name>
         <value>0x4731</value>
         <object_component_ref idref="oc-22b"/>
      </symbol>
      <symbol id="sm-8d3">
         <name>floorl</name>
         <value>0x69a1</value>
         <object_component_ref idref="oc-330"/>
      </symbol>
      <symbol id="sm-8d4">
         <name>floor</name>
         <value>0x69a1</value>
         <object_component_ref idref="oc-330"/>
      </symbol>
      <symbol id="sm-8f1">
         <name>scalbn</name>
         <value>0x6695</value>
         <object_component_ref idref="oc-32a"/>
      </symbol>
      <symbol id="sm-8f2">
         <name>scalbnl</name>
         <value>0x6695</value>
         <object_component_ref idref="oc-32a"/>
      </symbol>
      <symbol id="sm-8f3">
         <name>ldexpl</name>
         <value>0x6695</value>
         <object_component_ref idref="oc-32a"/>
      </symbol>
      <symbol id="sm-8f4">
         <name>ldexp</name>
         <value>0x6695</value>
         <object_component_ref idref="oc-32a"/>
      </symbol>
      <symbol id="sm-a59">
         <name>__TI_printfi</name>
         <value>0xe8d</value>
         <object_component_ref idref="oc-1e9"/>
      </symbol>
      <symbol id="sm-a66">
         <name>__aeabi_uldivmod</name>
         <value>0x6daf</value>
         <object_component_ref idref="oc-3c0"/>
      </symbol>
      <symbol id="sm-a8e">
         <name>__TI_auto_init_nobinit_nopinit</name>
         <value>0x7375</value>
         <object_component_ref idref="oc-171"/>
      </symbol>
      <symbol id="sm-a98">
         <name>_system_pre_init</name>
         <value>0x7769</value>
         <object_component_ref idref="oc-9c"/>
      </symbol>
      <symbol id="sm-aa4">
         <name>C$$EXIT</name>
         <value>0x776d</value>
         <object_component_ref idref="oc-165"/>
      </symbol>
      <symbol id="sm-aa5">
         <name>abort</name>
         <value>0x776d</value>
         <object_component_ref idref="oc-165"/>
      </symbol>
      <symbol id="sm-aba">
         <name>_nop</name>
         <value>0x18db</value>
         <object_component_ref idref="oc-381"/>
      </symbol>
      <symbol id="sm-abb">
         <name>_lock</name>
         <value>0x200024c4</value>
         <object_component_ref idref="oc-28d"/>
      </symbol>
      <symbol id="sm-abc">
         <name>_unlock</name>
         <value>0x200024c8</value>
         <object_component_ref idref="oc-28d"/>
      </symbol>
      <symbol id="sm-acb">
         <name>__TI_ltoa</name>
         <value>0x723b</value>
         <object_component_ref idref="oc-3c6"/>
      </symbol>
      <symbol id="sm-ae2">
         <name>atoi</name>
         <value>0x72e1</value>
         <object_component_ref idref="oc-2e6"/>
      </symbol>
      <symbol id="sm-aed">
         <name>_ctypes_</name>
         <value>0x78c8</value>
         <object_component_ref idref="oc-3bb"/>
      </symbol>
      <symbol id="sm-afd">
         <name>memccpy</name>
         <value>0x7615</value>
         <object_component_ref idref="oc-30a"/>
      </symbol>
      <symbol id="sm-b0d">
         <name>strchr</name>
         <value>0x76ab</value>
         <object_component_ref idref="oc-3ed"/>
      </symbol>
      <symbol id="sm-b1b">
         <name>strlen</name>
         <value>0x76d5</value>
         <object_component_ref idref="oc-2e0"/>
      </symbol>
      <symbol id="sm-b34">
         <name>wcslen</name>
         <value>0x76e9</value>
         <object_component_ref idref="oc-310"/>
      </symbol>
      <symbol id="sm-b3e">
         <name>copysign</name>
         <value>0x7631</value>
         <object_component_ref idref="oc-409"/>
      </symbol>
      <symbol id="sm-b3f">
         <name>copysignl</name>
         <value>0x7631</value>
         <object_component_ref idref="oc-409"/>
      </symbol>
      <symbol id="sm-b55">
         <name>frexpl</name>
         <value>0x7181</value>
         <object_component_ref idref="oc-3e7"/>
      </symbol>
      <symbol id="sm-b56">
         <name>frexp</name>
         <value>0x7181</value>
         <object_component_ref idref="oc-3e7"/>
      </symbol>
      <symbol id="sm-b60">
         <name>__aeabi_idiv0</name>
         <value>0x5ebf</value>
         <object_component_ref idref="oc-452"/>
      </symbol>
      <symbol id="sm-b61">
         <name>__aeabi_ldiv0</name>
         <value>0x5ebf</value>
         <object_component_ref idref="oc-452"/>
      </symbol>
      <symbol id="sm-b90">
         <name>IntRegister</name>
         <value>0x74e9</value>
         <object_component_ref idref="oc-1a5"/>
      </symbol>
      <symbol id="sm-b91">
         <name>g_pfnRAMVectors</name>
         <value>0x20000000</value>
         <object_component_ref idref="oc-2a9"/>
      </symbol>
      <symbol id="sm-b92">
         <name>IntMasterEnable</name>
         <value>0x76fb</value>
         <object_component_ref idref="oc-1ab"/>
      </symbol>
      <symbol id="sm-b9c">
         <name>CPUcpsie</name>
         <value>0x7729</value>
         <object_component_ref idref="oc-2b3"/>
      </symbol>
      <symbol id="sm-b9d">
         <name>__TI_static_base__</name>
         <value>0x0</value>
      </symbol>
      <symbol id="sm-ba0">
         <name>__mpu_init</name>
         <value>0x0</value>
      </symbol>
      <symbol id="sm-ba1">
         <name>_system_post_cinit</name>
         <value>0x0</value>
      </symbol>
   </symbol_table>
   <title>Link successful</title>
</link_info>
