<?xml version="1.0" encoding="ISO-8859-1" ?>
<link_info>
   <banner>TI ARM Linker PC v20.2.7.LTS</banner>
   <copyright>Copyright (c) 1996-2018 Texas Instruments Incorporated</copyright>
   <link_time>0x69ea5fd6</link_time>
   <link_errors>0x0</link_errors>
   <output_file>288FinalProj.out</output_file>
   <entry_point>
      <name>_c_int00_noargs</name>
      <address>0x729d</address>
   </entry_point>
   <input_file_list>
      <input_file id="fl-2">
         <path>.\</path>
         <kind>object</kind>
         <file>Timer.obj</file>
         <name>Timer.obj</name>
      </input_file>
      <input_file id="fl-3">
         <path>.\</path>
         <kind>object</kind>
         <file>adc.obj</file>
         <name>adc.obj</name>
      </input_file>
      <input_file id="fl-4">
         <path>.\</path>
         <kind>object</kind>
         <file>lab7_template3.obj</file>
         <name>lab7_template3.obj</name>
      </input_file>
      <input_file id="fl-5">
         <path>.\</path>
         <kind>object</kind>
         <file>lcd.obj</file>
         <name>lcd.obj</name>
      </input_file>
      <input_file id="fl-6">
         <path>.\</path>
         <kind>object</kind>
         <file>main.obj</file>
         <name>main.obj</name>
      </input_file>
      <input_file id="fl-7">
         <path>.\</path>
         <kind>object</kind>
         <file>movement.obj</file>
         <name>movement.obj</name>
      </input_file>
      <input_file id="fl-8">
         <path>.\</path>
         <kind>object</kind>
         <file>open_interface.obj</file>
         <name>open_interface.obj</name>
      </input_file>
      <input_file id="fl-9">
         <path>.\</path>
         <kind>object</kind>
         <file>ping_template.obj</file>
         <name>ping_template.obj</name>
      </input_file>
      <input_file id="fl-a">
         <path>.\</path>
         <kind>object</kind>
         <file>servo.obj</file>
         <name>servo.obj</name>
      </input_file>
      <input_file id="fl-b">
         <path>.\</path>
         <kind>object</kind>
         <file>tm4c1230h6pm_startup_ccs.obj</file>
         <name>tm4c1230h6pm_startup_ccs.obj</name>
      </input_file>
      <input_file id="fl-c">
         <path>.\</path>
         <kind>object</kind>
         <file>uart-interrupt.obj</file>
         <name>uart-interrupt.obj</name>
      </input_file>
      <input_file id="fl-11">
         <kind>object</kind>
         <file>&lt;internal&gt;</file>
         <name>&lt;internal&gt;</name>
      </input_file>
      <input_file id="fl-c7">
         <path>C:\ti\ccs1271\ccs\tools\compiler\ti-cgt-arm_20.2.7.LTS\lib\</path>
         <kind>archive</kind>
         <file>rtsv7M4_T_le_v4SPD16_eabi.lib</file>
         <name>e_atan2.c.obj</name>
      </input_file>
      <input_file id="fl-c8">
         <path>C:\ti\ccs1271\ccs\tools\compiler\ti-cgt-arm_20.2.7.LTS\lib\</path>
         <kind>archive</kind>
         <file>rtsv7M4_T_le_v4SPD16_eabi.lib</file>
         <name>e_sqrt.c.obj</name>
      </input_file>
      <input_file id="fl-c9">
         <path>C:\ti\ccs1271\ccs\tools\compiler\ti-cgt-arm_20.2.7.LTS\lib\</path>
         <kind>archive</kind>
         <file>rtsv7M4_T_le_v4SPD16_eabi.lib</file>
         <name>s_atan.c.obj</name>
      </input_file>
      <input_file id="fl-ca">
         <path>C:\ti\ccs1271\ccs\tools\compiler\ti-cgt-arm_20.2.7.LTS\lib\</path>
         <kind>archive</kind>
         <file>rtsv7M4_T_le_v4SPD16_eabi.lib</file>
         <name>s_cos.c.obj</name>
      </input_file>
      <input_file id="fl-cb">
         <path>C:\ti\ccs1271\ccs\tools\compiler\ti-cgt-arm_20.2.7.LTS\lib\</path>
         <kind>archive</kind>
         <file>rtsv7M4_T_le_v4SPD16_eabi.lib</file>
         <name>s_sin.c.obj</name>
      </input_file>
      <input_file id="fl-cc">
         <path>C:\ti\ccs1271\ccs\tools\compiler\ti-cgt-arm_20.2.7.LTS\lib\</path>
         <kind>archive</kind>
         <file>rtsv7M4_T_le_v4SPD16_eabi.lib</file>
         <name>s_tan.c.obj</name>
      </input_file>
      <input_file id="fl-cd">
         <path>C:\ti\ccs1271\ccs\tools\compiler\ti-cgt-arm_20.2.7.LTS\lib\</path>
         <kind>archive</kind>
         <file>rtsv7M4_T_le_v4SPD16_eabi.lib</file>
         <name>sprintf.c.obj</name>
      </input_file>
      <input_file id="fl-ce">
         <path>C:\ti\ccs1271\ccs\tools\compiler\ti-cgt-arm_20.2.7.LTS\lib\</path>
         <kind>archive</kind>
         <file>rtsv7M4_T_le_v4SPD16_eabi.lib</file>
         <name>vsnprintf.c.obj</name>
      </input_file>
      <input_file id="fl-cf">
         <path>C:\ti\ccs1271\ccs\tools\compiler\ti-cgt-arm_20.2.7.LTS\lib\</path>
         <kind>archive</kind>
         <file>rtsv7M4_T_le_v4SPD16_eabi.lib</file>
         <name>fd_add_t2.asm.obj</name>
      </input_file>
      <input_file id="fl-d0">
         <path>C:\ti\ccs1271\ccs\tools\compiler\ti-cgt-arm_20.2.7.LTS\lib\</path>
         <kind>archive</kind>
         <file>rtsv7M4_T_le_v4SPD16_eabi.lib</file>
         <name>fd_cmp_t2.asm.obj</name>
      </input_file>
      <input_file id="fl-d1">
         <path>C:\ti\ccs1271\ccs\tools\compiler\ti-cgt-arm_20.2.7.LTS\lib\</path>
         <kind>archive</kind>
         <file>rtsv7M4_T_le_v4SPD16_eabi.lib</file>
         <name>fd_div_t2.asm.obj</name>
      </input_file>
      <input_file id="fl-d2">
         <path>C:\ti\ccs1271\ccs\tools\compiler\ti-cgt-arm_20.2.7.LTS\lib\</path>
         <kind>archive</kind>
         <file>rtsv7M4_T_le_v4SPD16_eabi.lib</file>
         <name>fd_mul_t2.asm.obj</name>
      </input_file>
      <input_file id="fl-d3">
         <path>C:\ti\ccs1271\ccs\tools\compiler\ti-cgt-arm_20.2.7.LTS\lib\</path>
         <kind>archive</kind>
         <file>rtsv7M4_T_le_v4SPD16_eabi.lib</file>
         <name>fd_toi_t2.asm.obj</name>
      </input_file>
      <input_file id="fl-d4">
         <path>C:\ti\ccs1271\ccs\tools\compiler\ti-cgt-arm_20.2.7.LTS\lib\</path>
         <kind>archive</kind>
         <file>rtsv7M4_T_le_v4SPD16_eabi.lib</file>
         <name>fd_tos_t2.asm.obj</name>
      </input_file>
      <input_file id="fl-d5">
         <path>C:\ti\ccs1271\ccs\tools\compiler\ti-cgt-arm_20.2.7.LTS\lib\</path>
         <kind>archive</kind>
         <file>rtsv7M4_T_le_v4SPD16_eabi.lib</file>
         <name>fs_tod_t2.asm.obj</name>
      </input_file>
      <input_file id="fl-d6">
         <path>C:\ti\ccs1271\ccs\tools\compiler\ti-cgt-arm_20.2.7.LTS\lib\</path>
         <kind>archive</kind>
         <file>rtsv7M4_T_le_v4SPD16_eabi.lib</file>
         <name>i_tofd_t2.asm.obj</name>
      </input_file>
      <input_file id="fl-d7">
         <path>C:\ti\ccs1271\ccs\tools\compiler\ti-cgt-arm_20.2.7.LTS\lib\</path>
         <kind>archive</kind>
         <file>rtsv7M4_T_le_v4SPD16_eabi.lib</file>
         <name>memcpy_t2.asm.obj</name>
      </input_file>
      <input_file id="fl-d8">
         <path>C:\ti\ccs1271\ccs\tools\compiler\ti-cgt-arm_20.2.7.LTS\lib\</path>
         <kind>archive</kind>
         <file>rtsv7M4_T_le_v4SPD16_eabi.lib</file>
         <name>u_tofd_t2.asm.obj</name>
      </input_file>
      <input_file id="fl-d9">
         <path>C:\ti\ccs1271\ccs\tools\compiler\ti-cgt-arm_20.2.7.LTS\lib\</path>
         <kind>archive</kind>
         <file>rtsv7M4_T_le_v4SPD16_eabi.lib</file>
         <name>memset_t2.asm.obj</name>
      </input_file>
      <input_file id="fl-da">
         <path>C:\ti\ccs1271\ccs\tools\compiler\ti-cgt-arm_20.2.7.LTS\lib\</path>
         <kind>archive</kind>
         <file>rtsv7M4_T_le_v4SPD16_eabi.lib</file>
         <name>copy_zero_init.c.obj</name>
      </input_file>
      <input_file id="fl-db">
         <path>C:\ti\ccs1271\ccs\tools\compiler\ti-cgt-arm_20.2.7.LTS\lib\</path>
         <kind>archive</kind>
         <file>rtsv7M4_T_le_v4SPD16_eabi.lib</file>
         <name>copy_decompress_none.c.obj</name>
      </input_file>
      <input_file id="fl-dc">
         <path>C:\ti\ccs1271\ccs\tools\compiler\ti-cgt-arm_20.2.7.LTS\lib\</path>
         <kind>archive</kind>
         <file>rtsv7M4_T_le_v4SPD16_eabi.lib</file>
         <name>copy_decompress_lzss.c.obj</name>
      </input_file>
      <input_file id="fl-dd">
         <path>C:\ti\ccs1271\ccs\tools\compiler\ti-cgt-arm_20.2.7.LTS\lib\</path>
         <kind>archive</kind>
         <file>rtsv7M4_T_le_v4SPD16_eabi.lib</file>
         <name>memory.c.obj</name>
      </input_file>
      <input_file id="fl-de">
         <path>C:\ti\ccs1271\ccs\tools\compiler\ti-cgt-arm_20.2.7.LTS\lib\</path>
         <kind>archive</kind>
         <file>rtsv7M4_T_le_v4SPD16_eabi.lib</file>
         <name>strcmp.c.obj</name>
      </input_file>
      <input_file id="fl-df">
         <path>C:\ti\ccs1271\ccs\tools\compiler\ti-cgt-arm_20.2.7.LTS\lib\</path>
         <kind>archive</kind>
         <file>rtsv7M4_T_le_v4SPD16_eabi.lib</file>
         <name>strcpy.c.obj</name>
      </input_file>
      <input_file id="fl-e0">
         <path>C:\ti\ccs1271\ccs\tools\compiler\ti-cgt-arm_20.2.7.LTS\lib\</path>
         <kind>archive</kind>
         <file>rtsv7M4_T_le_v4SPD16_eabi.lib</file>
         <name>k_rem_pio2.c.obj</name>
      </input_file>
      <input_file id="fl-e1">
         <path>C:\ti\ccs1271\ccs\tools\compiler\ti-cgt-arm_20.2.7.LTS\lib\</path>
         <kind>archive</kind>
         <file>rtsv7M4_T_le_v4SPD16_eabi.lib</file>
         <name>boot_cortex_m.c.obj</name>
      </input_file>
      <input_file id="fl-e2">
         <path>C:\ti\ccs1271\ccs\tools\compiler\ti-cgt-arm_20.2.7.LTS\lib\</path>
         <kind>archive</kind>
         <file>rtsv7M4_T_le_v4SPD16_eabi.lib</file>
         <name>errno.c.obj</name>
      </input_file>
      <input_file id="fl-e3">
         <path>C:\ti\ccs1271\ccs\tools\compiler\ti-cgt-arm_20.2.7.LTS\lib\</path>
         <kind>archive</kind>
         <file>rtsv7M4_T_le_v4SPD16_eabi.lib</file>
         <name>k_cos.c.obj</name>
      </input_file>
      <input_file id="fl-e4">
         <path>C:\ti\ccs1271\ccs\tools\compiler\ti-cgt-arm_20.2.7.LTS\lib\</path>
         <kind>archive</kind>
         <file>rtsv7M4_T_le_v4SPD16_eabi.lib</file>
         <name>k_sin.c.obj</name>
      </input_file>
      <input_file id="fl-e5">
         <path>C:\ti\ccs1271\ccs\tools\compiler\ti-cgt-arm_20.2.7.LTS\lib\</path>
         <kind>archive</kind>
         <file>rtsv7M4_T_le_v4SPD16_eabi.lib</file>
         <name>k_tan.c.obj</name>
      </input_file>
      <input_file id="fl-e6">
         <path>C:\ti\ccs1271\ccs\tools\compiler\ti-cgt-arm_20.2.7.LTS\lib\</path>
         <kind>archive</kind>
         <file>rtsv7M4_T_le_v4SPD16_eabi.lib</file>
         <name>s_floor.c.obj</name>
      </input_file>
      <input_file id="fl-e7">
         <path>C:\ti\ccs1271\ccs\tools\compiler\ti-cgt-arm_20.2.7.LTS\lib\</path>
         <kind>archive</kind>
         <file>rtsv7M4_T_le_v4SPD16_eabi.lib</file>
         <name>s_scalbn.c.obj</name>
      </input_file>
      <input_file id="fl-e8">
         <path>C:\ti\ccs1271\ccs\tools\compiler\ti-cgt-arm_20.2.7.LTS\lib\</path>
         <kind>archive</kind>
         <file>rtsv7M4_T_le_v4SPD16_eabi.lib</file>
         <name>_printfi.c.obj</name>
      </input_file>
      <input_file id="fl-e9">
         <path>C:\ti\ccs1271\ccs\tools\compiler\ti-cgt-arm_20.2.7.LTS\lib\</path>
         <kind>archive</kind>
         <file>rtsv7M4_T_le_v4SPD16_eabi.lib</file>
         <name>ull_div_t2.asm.obj</name>
      </input_file>
      <input_file id="fl-ea">
         <path>C:\ti\ccs1271\ccs\tools\compiler\ti-cgt-arm_20.2.7.LTS\lib\</path>
         <kind>archive</kind>
         <file>rtsv7M4_T_le_v4SPD16_eabi.lib</file>
         <name>autoinit.c.obj</name>
      </input_file>
      <input_file id="fl-eb">
         <path>C:\ti\ccs1271\ccs\tools\compiler\ti-cgt-arm_20.2.7.LTS\lib\</path>
         <kind>archive</kind>
         <file>rtsv7M4_T_le_v4SPD16_eabi.lib</file>
         <name>pre_init.c.obj</name>
      </input_file>
      <input_file id="fl-ec">
         <path>C:\ti\ccs1271\ccs\tools\compiler\ti-cgt-arm_20.2.7.LTS\lib\</path>
         <kind>archive</kind>
         <file>rtsv7M4_T_le_v4SPD16_eabi.lib</file>
         <name>cpy_tbl.c.obj</name>
      </input_file>
      <input_file id="fl-ed">
         <path>C:\ti\ccs1271\ccs\tools\compiler\ti-cgt-arm_20.2.7.LTS\lib\</path>
         <kind>archive</kind>
         <file>rtsv7M4_T_le_v4SPD16_eabi.lib</file>
         <name>exit.c.obj</name>
      </input_file>
      <input_file id="fl-ee">
         <path>C:\ti\ccs1271\ccs\tools\compiler\ti-cgt-arm_20.2.7.LTS\lib\</path>
         <kind>archive</kind>
         <file>rtsv7M4_T_le_v4SPD16_eabi.lib</file>
         <name>_lock.c.obj</name>
      </input_file>
      <input_file id="fl-ef">
         <path>C:\ti\ccs1271\ccs\tools\compiler\ti-cgt-arm_20.2.7.LTS\lib\</path>
         <kind>archive</kind>
         <file>rtsv7M4_T_le_v4SPD16_eabi.lib</file>
         <name>_ltoa.c.obj</name>
      </input_file>
      <input_file id="fl-f0">
         <path>C:\ti\ccs1271\ccs\tools\compiler\ti-cgt-arm_20.2.7.LTS\lib\</path>
         <kind>archive</kind>
         <file>rtsv7M4_T_le_v4SPD16_eabi.lib</file>
         <name>args_main.c.obj</name>
      </input_file>
      <input_file id="fl-f1">
         <path>C:\ti\ccs1271\ccs\tools\compiler\ti-cgt-arm_20.2.7.LTS\lib\</path>
         <kind>archive</kind>
         <file>rtsv7M4_T_le_v4SPD16_eabi.lib</file>
         <name>atoi.c.obj</name>
      </input_file>
      <input_file id="fl-f2">
         <path>C:\ti\ccs1271\ccs\tools\compiler\ti-cgt-arm_20.2.7.LTS\lib\</path>
         <kind>archive</kind>
         <file>rtsv7M4_T_le_v4SPD16_eabi.lib</file>
         <name>ctype.c.obj</name>
      </input_file>
      <input_file id="fl-f3">
         <path>C:\ti\ccs1271\ccs\tools\compiler\ti-cgt-arm_20.2.7.LTS\lib\</path>
         <kind>archive</kind>
         <file>rtsv7M4_T_le_v4SPD16_eabi.lib</file>
         <name>memccpy.c.obj</name>
      </input_file>
      <input_file id="fl-f4">
         <path>C:\ti\ccs1271\ccs\tools\compiler\ti-cgt-arm_20.2.7.LTS\lib\</path>
         <kind>archive</kind>
         <file>rtsv7M4_T_le_v4SPD16_eabi.lib</file>
         <name>strchr.c.obj</name>
      </input_file>
      <input_file id="fl-f5">
         <path>C:\ti\ccs1271\ccs\tools\compiler\ti-cgt-arm_20.2.7.LTS\lib\</path>
         <kind>archive</kind>
         <file>rtsv7M4_T_le_v4SPD16_eabi.lib</file>
         <name>strlen.c.obj</name>
      </input_file>
      <input_file id="fl-f6">
         <path>C:\ti\ccs1271\ccs\tools\compiler\ti-cgt-arm_20.2.7.LTS\lib\</path>
         <kind>archive</kind>
         <file>rtsv7M4_T_le_v4SPD16_eabi.lib</file>
         <name>wcslen.c.obj</name>
      </input_file>
      <input_file id="fl-f7">
         <path>C:\ti\ccs1271\ccs\tools\compiler\ti-cgt-arm_20.2.7.LTS\lib\</path>
         <kind>archive</kind>
         <file>rtsv7M4_T_le_v4SPD16_eabi.lib</file>
         <name>s_copysign.c.obj</name>
      </input_file>
      <input_file id="fl-f8">
         <path>C:\ti\ccs1271\ccs\tools\compiler\ti-cgt-arm_20.2.7.LTS\lib\</path>
         <kind>archive</kind>
         <file>rtsv7M4_T_le_v4SPD16_eabi.lib</file>
         <name>s_frexp.c.obj</name>
      </input_file>
      <input_file id="fl-f9">
         <path>C:\ti\ccs1271\ccs\tools\compiler\ti-cgt-arm_20.2.7.LTS\lib\</path>
         <kind>archive</kind>
         <file>rtsv7M4_T_le_v4SPD16_eabi.lib</file>
         <name>div0.asm.obj</name>
      </input_file>
      <input_file id="fl-fa">
         <path>C:\ti\TivaWare_C_Series-2.2.0.295\driverlib\ccs\Debug\</path>
         <kind>archive</kind>
         <file>driverlib.lib</file>
         <name>interrupt.obj</name>
      </input_file>
      <input_file id="fl-fb">
         <path>C:\ti\TivaWare_C_Series-2.2.0.295\driverlib\ccs\Debug\</path>
         <kind>archive</kind>
         <file>driverlib.lib</file>
         <name>cpu.obj</name>
      </input_file>
   </input_file_list>
   <object_component_list>
      <object_component id="oc-12">
         <name>.intvecs</name>
         <load_address>0x0</load_address>
         <run_address>0x0</run_address>
         <size>0x26c</size>
         <input_file_ref idref="fl-b"/>
      </object_component>
      <object_component id="oc-14a">
         <name>.text</name>
         <load_address>0x26c</load_address>
         <run_address>0x26c</run_address>
         <size>0xc20</size>
         <input_file_ref idref="fl-8"/>
      </object_component>
      <object_component id="oc-1e5">
         <name>.text:__TI_printfi</name>
         <load_address>0xe8c</load_address>
         <run_address>0xe8c</run_address>
         <size>0xa4e</size>
         <input_file_ref idref="fl-e8"/>
      </object_component>
      <object_component id="oc-37a">
         <name>.text:_nop</name>
         <load_address>0x18da</load_address>
         <run_address>0x18da</run_address>
         <size>0x2</size>
         <input_file_ref idref="fl-ee"/>
      </object_component>
      <object_component id="oc-a2">
         <name>.text</name>
         <load_address>0x18dc</load_address>
         <run_address>0x18dc</run_address>
         <size>0x9d4</size>
         <input_file_ref idref="fl-6"/>
      </object_component>
      <object_component id="oc-150">
         <name>.text</name>
         <load_address>0x22b0</load_address>
         <run_address>0x22b0</run_address>
         <size>0x85c</size>
         <input_file_ref idref="fl-7"/>
      </object_component>
      <object_component id="oc-221">
         <name>.text:__kernel_rem_pio2</name>
         <load_address>0x2b0c</load_address>
         <run_address>0x2b0c</run_address>
         <size>0x738</size>
         <input_file_ref idref="fl-e0"/>
      </object_component>
      <object_component id="oc-144">
         <name>.text:sin</name>
         <load_address>0x3244</load_address>
         <run_address>0x3244</run_address>
         <size>0x5e0</size>
         <input_file_ref idref="fl-cb"/>
      </object_component>
      <object_component id="oc-139">
         <name>.text:cos</name>
         <load_address>0x3824</load_address>
         <run_address>0x3824</run_address>
         <size>0x5dc</size>
         <input_file_ref idref="fl-ca"/>
      </object_component>
      <object_component id="oc-129">
         <name>.text:tan</name>
         <load_address>0x3e00</load_address>
         <run_address>0x3e00</run_address>
         <size>0x508</size>
         <input_file_ref idref="fl-cc"/>
      </object_component>
      <object_component id="oc-e7">
         <name>.text</name>
         <load_address>0x4308</load_address>
         <run_address>0x4308</run_address>
         <size>0x328</size>
         <input_file_ref idref="fl-5"/>
      </object_component>
      <object_component id="oc-227">
         <name>.text:__kernel_tan</name>
         <load_address>0x4630</load_address>
         <run_address>0x4630</run_address>
         <size>0x31c</size>
         <input_file_ref idref="fl-e5"/>
      </object_component>
      <object_component id="oc-370">
         <name>.text:atan</name>
         <load_address>0x494c</load_address>
         <run_address>0x494c</run_address>
         <size>0x2ec</size>
         <input_file_ref idref="fl-c9"/>
      </object_component>
      <object_component id="oc-f9">
         <name>.text</name>
         <load_address>0x4c38</load_address>
         <run_address>0x4c38</run_address>
         <size>0x27c</size>
         <input_file_ref idref="fl-9"/>
      </object_component>
      <object_component id="oc-2fd">
         <name>.text:_pconv_a</name>
         <load_address>0x4eb4</load_address>
         <run_address>0x4eb4</run_address>
         <size>0x270</size>
         <input_file_ref idref="fl-e8"/>
      </object_component>
      <object_component id="oc-f3">
         <name>.text</name>
         <load_address>0x5124</load_address>
         <run_address>0x5124</run_address>
         <size>0x248</size>
         <input_file_ref idref="fl-2"/>
      </object_component>
      <object_component id="oc-d7">
         <name>.text</name>
         <load_address>0x536c</load_address>
         <run_address>0x536c</run_address>
         <size>0x204</size>
         <input_file_ref idref="fl-c"/>
      </object_component>
      <object_component id="oc-27a">
         <name>.text:atan2</name>
         <load_address>0x5570</load_address>
         <run_address>0x5570</run_address>
         <size>0x1e4</size>
         <input_file_ref idref="fl-c7"/>
      </object_component>
      <object_component id="oc-2eb">
         <name>.text:_pconv_g</name>
         <load_address>0x5754</load_address>
         <run_address>0x5754</run_address>
         <size>0x1d0</size>
         <input_file_ref idref="fl-e8"/>
      </object_component>
      <object_component id="oc-13f">
         <name>.text</name>
         <load_address>0x5924</load_address>
         <run_address>0x5924</run_address>
         <size>0x1b6</size>
         <input_file_ref idref="fl-cf"/>
      </object_component>
      <object_component id="oc-449">
         <name>.text</name>
         <load_address>0x5ada</load_address>
         <run_address>0x5ada</run_address>
         <size>0x2</size>
         <input_file_ref idref="fl-f9"/>
      </object_component>
      <object_component id="oc-248">
         <name>.text:__kernel_sin</name>
         <load_address>0x5adc</load_address>
         <run_address>0x5adc</run_address>
         <size>0x174</size>
         <input_file_ref idref="fl-e4"/>
      </object_component>
      <object_component id="oc-242">
         <name>.text:__kernel_cos</name>
         <load_address>0x5c50</load_address>
         <run_address>0x5c50</run_address>
         <size>0x170</size>
         <input_file_ref idref="fl-e3"/>
      </object_component>
      <object_component id="oc-ed">
         <name>.text</name>
         <load_address>0x5dc0</load_address>
         <run_address>0x5dc0</run_address>
         <size>0x164</size>
         <input_file_ref idref="fl-a"/>
      </object_component>
      <object_component id="oc-274">
         <name>.text:sqrt</name>
         <load_address>0x5f24</load_address>
         <run_address>0x5f24</run_address>
         <size>0x158</size>
         <input_file_ref idref="fl-c8"/>
      </object_component>
      <object_component id="oc-2f7">
         <name>.text:_pconv_e</name>
         <load_address>0x607c</load_address>
         <run_address>0x607c</run_address>
         <size>0x13c</size>
         <input_file_ref idref="fl-e8"/>
      </object_component>
      <object_component id="oc-124">
         <name>.text</name>
         <load_address>0x61b8</load_address>
         <run_address>0x61b8</run_address>
         <size>0x136</size>
         <input_file_ref idref="fl-d1"/>
      </object_component>
      <object_component id="oc-3d0">
         <name>.text:fcvt</name>
         <load_address>0x62f0</load_address>
         <run_address>0x62f0</run_address>
         <size>0x124</size>
         <input_file_ref idref="fl-e8"/>
      </object_component>
      <object_component id="oc-323">
         <name>.text:scalbn</name>
         <load_address>0x6414</load_address>
         <run_address>0x6414</run_address>
         <size>0x110</size>
         <input_file_ref idref="fl-e7"/>
      </object_component>
      <object_component id="oc-41f">
         <name>.text:aligned_alloc</name>
         <load_address>0x6524</load_address>
         <run_address>0x6524</run_address>
         <size>0x100</size>
         <input_file_ref idref="fl-dd"/>
      </object_component>
      <object_component id="oc-11f">
         <name>.text</name>
         <load_address>0x6624</load_address>
         <run_address>0x6624</run_address>
         <size>0xfc</size>
         <input_file_ref idref="fl-d2"/>
      </object_component>
      <object_component id="oc-329">
         <name>.text:floor</name>
         <load_address>0x6720</load_address>
         <run_address>0x6720</run_address>
         <size>0xf8</size>
         <input_file_ref idref="fl-e6"/>
      </object_component>
      <object_component id="oc-ff">
         <name>.text</name>
         <load_address>0x6818</load_address>
         <run_address>0x6818</run_address>
         <size>0xe4</size>
         <input_file_ref idref="fl-3"/>
      </object_component>
      <object_component id="oc-259">
         <name>.text:free</name>
         <load_address>0x68fc</load_address>
         <run_address>0x68fc</run_address>
         <size>0xe4</size>
         <input_file_ref idref="fl-dd"/>
      </object_component>
      <object_component id="oc-2e5">
         <name>.text:_ltostr</name>
         <load_address>0x69e0</load_address>
         <run_address>0x69e0</run_address>
         <size>0xb1</size>
         <input_file_ref idref="fl-e8"/>
      </object_component>
      <object_component id="oc-3e">
         <name>.text</name>
         <load_address>0x6a92</load_address>
         <run_address>0x6a92</run_address>
         <size>0x9c</size>
         <input_file_ref idref="fl-d7"/>
      </object_component>
      <object_component id="oc-3b7">
         <name>.text</name>
         <load_address>0x6b2e</load_address>
         <run_address>0x6b2e</run_address>
         <size>0x96</size>
         <input_file_ref idref="fl-e9"/>
      </object_component>
      <object_component id="oc-21c">
         <name>.text:__aeabi_cdcmple</name>
         <load_address>0x6bc4</load_address>
         <run_address>0x6bc4</run_address>
         <size>0x86</size>
         <input_file_ref idref="fl-d0"/>
      </object_component>
      <object_component id="oc-26f">
         <name>.text:__aeabi_cdrcmple</name>
         <load_address>0x6c4a</load_address>
         <run_address>0x6c4a</run_address>
         <size>0x86</size>
         <input_file_ref idref="fl-d0"/>
      </object_component>
      <object_component id="oc-96">
         <name>.text</name>
         <load_address>0x6cd0</load_address>
         <run_address>0x6cd0</run_address>
         <size>0x7a</size>
         <input_file_ref idref="fl-d9"/>
      </object_component>
      <object_component id="oc-46c">
         <name>.text:split</name>
         <load_address>0x6d4c</load_address>
         <run_address>0x6d4c</run_address>
         <size>0x70</size>
         <input_file_ref idref="fl-dd"/>
      </object_component>
      <object_component id="oc-3c9">
         <name>.text:_mcpy</name>
         <load_address>0x6dbc</load_address>
         <run_address>0x6dbc</run_address>
         <size>0x6e</size>
         <input_file_ref idref="fl-e8"/>
      </object_component>
      <object_component id="oc-12f">
         <name>.text</name>
         <load_address>0x6e2a</load_address>
         <run_address>0x6e2a</run_address>
         <size>0x6e</size>
         <input_file_ref idref="fl-d4"/>
      </object_component>
      <object_component id="oc-15">
         <name>.text:decompress:lzss:__TI_decompress_lzss</name>
         <load_address>0x6e98</load_address>
         <run_address>0x6e98</run_address>
         <size>0x68</size>
         <input_file_ref idref="fl-dc"/>
      </object_component>
      <object_component id="oc-3de">
         <name>.text:frexp</name>
         <load_address>0x6f00</load_address>
         <run_address>0x6f00</run_address>
         <size>0x64</size>
         <input_file_ref idref="fl-f8"/>
      </object_component>
      <object_component id="oc-2f1">
         <name>.text:_pconv_f</name>
         <load_address>0x6f64</load_address>
         <run_address>0x6f64</run_address>
         <size>0x56</size>
         <input_file_ref idref="fl-e8"/>
      </object_component>
      <object_component id="oc-3bd">
         <name>.text:__TI_ltoa</name>
         <load_address>0x6fba</load_address>
         <run_address>0x6fba</run_address>
         <size>0x54</size>
         <input_file_ref idref="fl-ef"/>
      </object_component>
      <object_component id="oc-3c3">
         <name>.text:_ecpy</name>
         <load_address>0x700e</load_address>
         <run_address>0x700e</run_address>
         <size>0x52</size>
         <input_file_ref idref="fl-e8"/>
      </object_component>
      <object_component id="oc-2df">
         <name>.text:atoi</name>
         <load_address>0x7060</load_address>
         <run_address>0x7060</run_address>
         <size>0x4c</size>
         <input_file_ref idref="fl-f1"/>
      </object_component>
      <object_component id="oc-217">
         <name>.text</name>
         <load_address>0x70ac</load_address>
         <run_address>0x70ac</run_address>
         <size>0x48</size>
         <input_file_ref idref="fl-d3"/>
      </object_component>
      <object_component id="oc-170">
         <name>.text:__TI_auto_init_nobinit_nopinit:__TI_auto_init_nobinit_nopinit</name>
         <load_address>0x70f4</load_address>
         <run_address>0x70f4</run_address>
         <size>0x44</size>
         <input_file_ref idref="fl-ea"/>
      </object_component>
      <object_component id="oc-10a">
         <name>.text:sprintf</name>
         <load_address>0x7138</load_address>
         <run_address>0x7138</run_address>
         <size>0x40</size>
         <input_file_ref idref="fl-cd"/>
      </object_component>
      <object_component id="oc-1bb">
         <name>.text:vsnprintf</name>
         <load_address>0x7178</load_address>
         <run_address>0x7178</run_address>
         <size>0x40</size>
         <input_file_ref idref="fl-ce"/>
      </object_component>
      <object_component id="oc-3d6">
         <name>.text:_fcpy</name>
         <load_address>0x71b8</load_address>
         <run_address>0x71b8</run_address>
         <size>0x3e</size>
         <input_file_ref idref="fl-e8"/>
      </object_component>
      <object_component id="oc-253">
         <name>.text:calloc</name>
         <load_address>0x71f8</load_address>
         <run_address>0x71f8</run_address>
         <size>0x38</size>
         <input_file_ref idref="fl-dd"/>
      </object_component>
      <object_component id="oc-105">
         <name>.text</name>
         <load_address>0x7230</load_address>
         <run_address>0x7230</run_address>
         <size>0x38</size>
         <input_file_ref idref="fl-d5"/>
      </object_component>
      <object_component id="oc-1a4">
         <name>.text:IntRegister</name>
         <load_address>0x7268</load_address>
         <run_address>0x7268</run_address>
         <size>0x34</size>
         <input_file_ref idref="fl-fa"/>
      </object_component>
      <object_component id="oc-5c">
         <name>.text:_c_int00_noargs:_c_int00_noargs</name>
         <load_address>0x729c</load_address>
         <run_address>0x729c</run_address>
         <size>0x34</size>
         <input_file_ref idref="fl-e1"/>
      </object_component>
      <object_component id="oc-2b8">
         <name>.text:_outs</name>
         <load_address>0x72d0</load_address>
         <run_address>0x72d0</run_address>
         <size>0x30</size>
         <input_file_ref idref="fl-ce"/>
      </object_component>
      <object_component id="oc-11a">
         <name>.text</name>
         <load_address>0x7300</load_address>
         <run_address>0x7300</run_address>
         <size>0x2e</size>
         <input_file_ref idref="fl-d6"/>
      </object_component>
      <object_component id="oc-360">
         <name>.text:free_list_insert</name>
         <load_address>0x7330</load_address>
         <run_address>0x7330</run_address>
         <size>0x28</size>
         <input_file_ref idref="fl-dd"/>
      </object_component>
      <object_component id="oc-1dd">
         <name>.text</name>
         <load_address>0x7358</load_address>
         <run_address>0x7358</run_address>
         <size>0x20</size>
         <input_file_ref idref="fl-d8"/>
      </object_component>
      <object_component id="oc-35a">
         <name>.text:free_list_remove</name>
         <load_address>0x7378</load_address>
         <run_address>0x7378</run_address>
         <size>0x1c</size>
         <input_file_ref idref="fl-dd"/>
      </object_component>
      <object_component id="oc-303">
         <name>.text:memccpy</name>
         <load_address>0x7394</load_address>
         <run_address>0x7394</run_address>
         <size>0x1c</size>
         <input_file_ref idref="fl-f3"/>
      </object_component>
      <object_component id="oc-400">
         <name>.text:copysign</name>
         <load_address>0x73b0</load_address>
         <run_address>0x73b0</run_address>
         <size>0x1a</size>
         <input_file_ref idref="fl-f7"/>
      </object_component>
      <object_component id="oc-2be">
         <name>.text:_outc</name>
         <load_address>0x73ca</load_address>
         <run_address>0x73ca</run_address>
         <size>0x18</size>
         <input_file_ref idref="fl-ce"/>
      </object_component>
      <object_component id="oc-1eb">
         <name>.text:_outs</name>
         <load_address>0x73e2</load_address>
         <run_address>0x73e2</run_address>
         <size>0x18</size>
         <input_file_ref idref="fl-cd"/>
      </object_component>
      <object_component id="oc-25f">
         <name>.text:oi_parseInt</name>
         <load_address>0x73fa</load_address>
         <run_address>0x73fa</run_address>
         <size>0x18</size>
         <input_file_ref idref="fl-8"/>
      </object_component>
      <object_component id="oc-1c1">
         <name>.text:strcmp</name>
         <load_address>0x7412</load_address>
         <run_address>0x7412</run_address>
         <size>0x18</size>
         <input_file_ref idref="fl-de"/>
      </object_component>
      <object_component id="oc-3e4">
         <name>.text:strchr</name>
         <load_address>0x742a</load_address>
         <run_address>0x742a</run_address>
         <size>0x16</size>
         <input_file_ref idref="fl-f4"/>
      </object_component>
      <object_component id="oc-1c7">
         <name>.text:strcpy</name>
         <load_address>0x7440</load_address>
         <run_address>0x7440</run_address>
         <size>0x14</size>
         <input_file_ref idref="fl-df"/>
      </object_component>
      <object_component id="oc-2d9">
         <name>.text:strlen</name>
         <load_address>0x7454</load_address>
         <run_address>0x7454</run_address>
         <size>0x14</size>
         <input_file_ref idref="fl-f5"/>
      </object_component>
      <object_component id="oc-309">
         <name>.text:wcslen</name>
         <load_address>0x7468</load_address>
         <run_address>0x7468</run_address>
         <size>0x12</size>
         <input_file_ref idref="fl-f6"/>
      </object_component>
      <object_component id="oc-1aa">
         <name>.text:IntMasterEnable</name>
         <load_address>0x747a</load_address>
         <run_address>0x747a</run_address>
         <size>0x10</size>
         <input_file_ref idref="fl-fa"/>
      </object_component>
      <object_component id="oc-e0">
         <name>.text:lcd_clear</name>
         <load_address>0x748a</load_address>
         <run_address>0x748a</run_address>
         <size>0x10</size>
         <input_file_ref idref="fl-5"/>
      </object_component>
      <object_component id="oc-1b">
         <name>.text:decompress:none:__TI_decompress_none</name>
         <load_address>0x749a</load_address>
         <run_address>0x749a</run_address>
         <size>0xe</size>
         <input_file_ref idref="fl-db"/>
      </object_component>
      <object_component id="oc-2af">
         <name>.text:CPUcpsie</name>
         <load_address>0x74a8</load_address>
         <run_address>0x74a8</run_address>
         <size>0xc</size>
         <input_file_ref idref="fl-fb"/>
      </object_component>
      <object_component id="oc-50">
         <name>.text:decompress:ZI:__TI_zero_init</name>
         <load_address>0x74b4</load_address>
         <run_address>0x74b4</run_address>
         <size>0xc</size>
         <input_file_ref idref="fl-da"/>
      </object_component>
      <object_component id="oc-2a">
         <name>.text</name>
         <load_address>0x74c0</load_address>
         <run_address>0x74c0</run_address>
         <size>0xc</size>
         <input_file_ref idref="fl-b"/>
      </object_component>
      <object_component id="oc-1f1">
         <name>.text:_outc</name>
         <load_address>0x74cc</load_address>
         <run_address>0x74cc</run_address>
         <size>0xa</size>
         <input_file_ref idref="fl-cd"/>
      </object_component>
      <object_component id="oc-22d">
         <name>.text:__aeabi_errno_addr</name>
         <load_address>0x74d8</load_address>
         <run_address>0x74d8</run_address>
         <size>0x8</size>
         <input_file_ref idref="fl-e2"/>
      </object_component>
      <object_component id="oc-353">
         <name>.text:malloc</name>
         <load_address>0x74e0</load_address>
         <run_address>0x74e0</run_address>
         <size>0x8</size>
         <input_file_ref idref="fl-dd"/>
      </object_component>
      <object_component id="oc-9c">
         <name>.text:_system_pre_init</name>
         <load_address>0x74e8</load_address>
         <run_address>0x74e8</run_address>
         <size>0x4</size>
         <input_file_ref idref="fl-eb"/>
      </object_component>
      <object_component id="oc-164">
         <name>.text:abort:abort</name>
         <load_address>0x74ec</load_address>
         <run_address>0x74ec</run_address>
         <size>0x4</size>
         <input_file_ref idref="fl-ed"/>
      </object_component>
      <object_component id="oc-32f">
         <name>.const:$O1$$</name>
         <load_address>0x74f0</load_address>
         <run_address>0x74f0</run_address>
         <size>0x158</size>
         <input_file_ref idref="fl-e0"/>
      </object_component>
      <object_component id="oc-3b2">
         <name>.const:.string:_ctypes_</name>
         <load_address>0x7648</load_address>
         <run_address>0x7648</run_address>
         <size>0x101</size>
         <input_file_ref idref="fl-f2"/>
      </object_component>
      <object_component id="oc-1cd">
         <name>.const:.string:lineAddress$1</name>
         <load_address>0x7749</load_address>
         <run_address>0x7749</run_address>
         <size>0x4</size>
         <input_file_ref idref="fl-5"/>
      </object_component>
      <object_component id="oc-42d">
         <name>.const:$O1$$</name>
         <load_address>0x7750</load_address>
         <run_address>0x7750</run_address>
         <size>0x98</size>
         <input_file_ref idref="fl-c9"/>
      </object_component>
      <object_component id="oc-dd">
         <name>.const:ir_table</name>
         <load_address>0x77e8</load_address>
         <run_address>0x77e8</run_address>
         <size>0x80</size>
         <input_file_ref idref="fl-6"/>
      </object_component>
      <object_component id="oc-33a">
         <name>.const:xxx</name>
         <load_address>0x7868</load_address>
         <run_address>0x7868</run_address>
         <size>0x80</size>
         <input_file_ref idref="fl-e5"/>
      </object_component>
      <object_component id="oc-269">
         <name>.const:.string:$P$T0$3</name>
         <load_address>0x78e8</load_address>
         <run_address>0x78e8</run_address>
         <size>0xf</size>
         <input_file_ref idref="fl-8"/>
      </object_component>
      <object_component id="oc-1ce">
         <name>.const:.string:lineAddresses$2</name>
         <load_address>0x78f7</load_address>
         <run_address>0x78f7</run_address>
         <size>0x4</size>
         <input_file_ref idref="fl-5"/>
      </object_component>
      <object_component id="oc-4b1">
         <name>.cinit..data.load</name>
         <load_address>0x7900</load_address>
         <run_address>0x7900</run_address>
         <size>0x25</size>
      </object_component>
      <object_component id="oc-4ae">
         <name>__TI_handler_table</name>
         <load_address>0x7928</load_address>
         <run_address>0x7928</run_address>
         <size>0xc</size>
      </object_component>
      <object_component id="oc-4b2">
         <name>.cinit..bss.load</name>
         <load_address>0x7938</load_address>
         <run_address>0x7938</run_address>
         <size>0x8</size>
      </object_component>
      <object_component id="oc-4b0">
         <name>.cinit..vtable.load</name>
         <load_address>0x7940</load_address>
         <run_address>0x7940</run_address>
         <size>0x8</size>
      </object_component>
      <object_component id="oc-4af">
         <name>__TI_cinit_table</name>
         <load_address>0x7948</load_address>
         <run_address>0x7948</run_address>
         <size>0x18</size>
      </object_component>
      <object_component id="oc-2a5">
         <name>.vtable</name>
         <uninitialized>true</uninitialized>
         <run_address>0x20000000</run_address>
         <size>0x26c</size>
         <input_file_ref idref="fl-fa"/>
      </object_component>
      <object_component id="oc-1d8">
         <name>.data</name>
         <load_address>0x200024b5</load_address>
         <run_address>0x200024b5</run_address>
         <size>0x1</size>
         <input_file_ref idref="fl-2"/>
      </object_component>
      <object_component id="oc-110">
         <name>.data</name>
         <load_address>0x2000244c</load_address>
         <run_address>0x2000244c</run_address>
         <size>0x34</size>
         <input_file_ref idref="fl-6"/>
      </object_component>
      <object_component id="oc-15a">
         <name>.data</name>
         <load_address>0x200024a0</load_address>
         <run_address>0x200024a0</run_address>
         <size>0x15</size>
         <input_file_ref idref="fl-7"/>
      </object_component>
      <object_component id="oc-266">
         <name>.data</name>
         <load_address>0x20002480</load_address>
         <run_address>0x20002480</run_address>
         <size>0x20</size>
         <input_file_ref idref="fl-8"/>
      </object_component>
      <object_component id="oc-116">
         <name>.data</name>
         <load_address>0x200024b8</load_address>
         <run_address>0x200024b8</run_address>
         <size>0x9</size>
         <input_file_ref idref="fl-9"/>
      </object_component>
      <object_component id="oc-1b0">
         <name>.data</name>
         <load_address>0x200024d4</load_address>
         <run_address>0x200024d4</run_address>
         <size>0x8</size>
         <input_file_ref idref="fl-c"/>
      </object_component>
      <object_component id="oc-426">
         <name>.data:$O1$$</name>
         <load_address>0x200024cc</load_address>
         <run_address>0x200024cc</run_address>
         <size>0x8</size>
         <input_file_ref idref="fl-dd"/>
      </object_component>
      <object_component id="oc-33f">
         <name>.data</name>
         <load_address>0x200024dc</load_address>
         <run_address>0x200024dc</run_address>
         <size>0x4</size>
         <input_file_ref idref="fl-e2"/>
      </object_component>
      <object_component id="oc-289">
         <name>.data:$O1$$</name>
         <load_address>0x200024c4</load_address>
         <run_address>0x200024c4</run_address>
         <size>0x8</size>
         <input_file_ref idref="fl-ee"/>
      </object_component>
      <object_component id="oc-1cf">
         <name>.bss:lastbuffer$3</name>
         <uninitialized>true</uninitialized>
         <run_address>0x20002360</run_address>
         <size>0x54</size>
         <input_file_ref idref="fl-5"/>
      </object_component>
      <object_component id="oc-26c">
         <name>.bss:firmware$2</name>
         <uninitialized>true</uninitialized>
         <run_address>0x20002424</run_address>
         <size>0x18</size>
         <input_file_ref idref="fl-8"/>
      </object_component>
      <object_component id="oc-1db">
         <name>.common:_timeout_ticks</name>
         <uninitialized>true</uninitialized>
         <run_address>0x2000243c</run_address>
         <size>0x4</size>
      </object_component>
      <object_component id="oc-119">
         <name>.common:irAverage</name>
         <uninitialized>true</uninitialized>
         <run_address>0x20002440</run_address>
         <size>0x4</size>
      </object_component>
      <object_component id="oc-113">
         <name>.common:objArr</name>
         <uninitialized>true</uninitialized>
         <run_address>0x20002270</run_address>
         <size>0xf0</size>
      </object_component>
      <object_component id="oc-134">
         <name>.common:buffer</name>
         <uninitialized>true</uninitialized>
         <run_address>0x20002404</run_address>
         <size>0x20</size>
      </object_component>
      <object_component id="oc-135">
         <name>.common:receivedChar</name>
         <uninitialized>true</uninitialized>
         <run_address>0x20002448</run_address>
         <size>0x1</size>
      </object_component>
      <object_component id="oc-156">
         <name>.common:m</name>
         <uninitialized>true</uninitialized>
         <run_address>0x20002444</run_address>
         <size>0x4</size>
      </object_component>
      <object_component id="oc-157">
         <name>.common:map_x</name>
         <uninitialized>true</uninitialized>
         <run_address>0x200023b4</run_address>
         <size>0x28</size>
      </object_component>
      <object_component id="oc-15d">
         <name>.common:map_y</name>
         <uninitialized>true</uninitialized>
         <run_address>0x200023dc</run_address>
         <size>0x28</size>
      </object_component>
      <object_component id="oc-136">
         <name>.common:returnChar</name>
         <uninitialized>true</uninitialized>
         <run_address>0x20002449</run_address>
         <size>0x1</size>
      </object_component>
      <object_component id="oc-24">
         <name>.sysmem</name>
         <uninitialized>true</uninitialized>
         <run_address>0x20001270</run_address>
         <size>0x10</size>
         <input_file_ref idref="fl-dd"/>
      </object_component>
      <object_component id="oc-4b5">
         <name>.sysmem</name>
         <uninitialized>true</uninitialized>
         <run_address>0x20001270</run_address>
         <size>0x0</size>
      </object_component>
      <object_component id="oc-27">
         <name>.stack</name>
         <uninitialized>true</uninitialized>
         <run_address>0x20000270</run_address>
         <size>0x4</size>
         <input_file_ref idref="fl-e1"/>
      </object_component>
      <object_component id="oc-4b4">
         <name>.stack</name>
         <uninitialized>true</uninitialized>
         <run_address>0x20000270</run_address>
         <size>0x0</size>
      </object_component>
      <object_component id="oc-c5">
         <name>.debug_info</name>
         <load_address>0x0</load_address>
         <run_address>0x0</run_address>
         <size>0x2b9</size>
         <input_file_ref idref="fl-2"/>
      </object_component>
      <object_component id="oc-1d9">
         <name>.debug_info</name>
         <load_address>0x2b9</load_address>
         <run_address>0x2b9</run_address>
         <size>0xc7</size>
         <input_file_ref idref="fl-2"/>
      </object_component>
      <object_component id="oc-f4">
         <name>.debug_info</name>
         <load_address>0x380</load_address>
         <run_address>0x380</run_address>
         <size>0x50f</size>
         <input_file_ref idref="fl-2"/>
      </object_component>
      <object_component id="oc-77">
         <name>.debug_info</name>
         <load_address>0x88f</load_address>
         <run_address>0x88f</run_address>
         <size>0x26b</size>
         <input_file_ref idref="fl-2"/>
      </object_component>
      <object_component id="oc-39">
         <name>.debug_info</name>
         <load_address>0xafa</load_address>
         <run_address>0xafa</run_address>
         <size>0x84</size>
         <input_file_ref idref="fl-2"/>
      </object_component>
      <object_component id="oc-c0">
         <name>.debug_info</name>
         <load_address>0xb7e</load_address>
         <run_address>0xb7e</run_address>
         <size>0x2a4</size>
         <input_file_ref idref="fl-2"/>
      </object_component>
      <object_component id="oc-7c">
         <name>.debug_info</name>
         <load_address>0xe22</load_address>
         <run_address>0xe22</run_address>
         <size>0xbb</size>
         <input_file_ref idref="fl-2"/>
      </object_component>
      <object_component id="oc-102">
         <name>.debug_info</name>
         <load_address>0xedd</load_address>
         <run_address>0xedd</run_address>
         <size>0x148</size>
         <input_file_ref idref="fl-3"/>
      </object_component>
      <object_component id="oc-1d1">
         <name>.debug_info</name>
         <load_address>0x1025</load_address>
         <run_address>0x1025</run_address>
         <size>0x387</size>
         <input_file_ref idref="fl-5"/>
      </object_component>
      <object_component id="oc-e1">
         <name>.debug_info</name>
         <load_address>0x13ac</load_address>
         <run_address>0x13ac</run_address>
         <size>0x11c</size>
         <input_file_ref idref="fl-5"/>
      </object_component>
      <object_component id="oc-e8">
         <name>.debug_info</name>
         <load_address>0x14c8</load_address>
         <run_address>0x14c8</run_address>
         <size>0x8a8</size>
         <input_file_ref idref="fl-5"/>
      </object_component>
      <object_component id="oc-20c">
         <name>.debug_info</name>
         <load_address>0x1d70</load_address>
         <run_address>0x1d70</run_address>
         <size>0xcc</size>
         <input_file_ref idref="fl-5"/>
      </object_component>
      <object_component id="oc-1d2">
         <name>.debug_info</name>
         <load_address>0x1e3c</load_address>
         <run_address>0x1e3c</run_address>
         <size>0x2c</size>
         <input_file_ref idref="fl-5"/>
      </object_component>
      <object_component id="oc-207">
         <name>.debug_info</name>
         <load_address>0x1e68</load_address>
         <run_address>0x1e68</run_address>
         <size>0x35</size>
         <input_file_ref idref="fl-5"/>
      </object_component>
      <object_component id="oc-114">
         <name>.debug_info</name>
         <load_address>0x1e9d</load_address>
         <run_address>0x1e9d</run_address>
         <size>0x73c</size>
         <input_file_ref idref="fl-6"/>
      </object_component>
      <object_component id="oc-111">
         <name>.debug_info</name>
         <load_address>0x25d9</load_address>
         <run_address>0x25d9</run_address>
         <size>0x28a</size>
         <input_file_ref idref="fl-6"/>
      </object_component>
      <object_component id="oc-de">
         <name>.debug_info</name>
         <load_address>0x2863</load_address>
         <run_address>0x2863</run_address>
         <size>0xc5</size>
         <input_file_ref idref="fl-6"/>
      </object_component>
      <object_component id="oc-a3">
         <name>.debug_info</name>
         <load_address>0x2928</load_address>
         <run_address>0x2928</run_address>
         <size>0x893</size>
         <input_file_ref idref="fl-6"/>
      </object_component>
      <object_component id="oc-1fd">
         <name>.debug_info</name>
         <load_address>0x31bb</load_address>
         <run_address>0x31bb</run_address>
         <size>0x51</size>
         <input_file_ref idref="fl-6"/>
      </object_component>
      <object_component id="oc-23d">
         <name>.debug_info</name>
         <load_address>0x320c</load_address>
         <run_address>0x320c</run_address>
         <size>0x63</size>
         <input_file_ref idref="fl-6"/>
      </object_component>
      <object_component id="oc-202">
         <name>.debug_info</name>
         <load_address>0x326f</load_address>
         <run_address>0x326f</run_address>
         <size>0x5aa</size>
         <input_file_ref idref="fl-6"/>
      </object_component>
      <object_component id="oc-15f">
         <name>.debug_info</name>
         <load_address>0x3819</load_address>
         <run_address>0x3819</run_address>
         <size>0xe4</size>
         <input_file_ref idref="fl-6"/>
      </object_component>
      <object_component id="oc-158">
         <name>.debug_info</name>
         <load_address>0x38fd</load_address>
         <run_address>0x38fd</run_address>
         <size>0x457</size>
         <input_file_ref idref="fl-7"/>
      </object_component>
      <object_component id="oc-15b">
         <name>.debug_info</name>
         <load_address>0x3d54</load_address>
         <run_address>0x3d54</run_address>
         <size>0x195</size>
         <input_file_ref idref="fl-7"/>
      </object_component>
      <object_component id="oc-153">
         <name>.debug_info</name>
         <load_address>0x3ee9</load_address>
         <run_address>0x3ee9</run_address>
         <size>0x117d</size>
         <input_file_ref idref="fl-7"/>
      </object_component>
      <object_component id="oc-26e">
         <name>.debug_info</name>
         <load_address>0x5066</load_address>
         <run_address>0x5066</run_address>
         <size>0x404</size>
         <input_file_ref idref="fl-8"/>
      </object_component>
      <object_component id="oc-267">
         <name>.debug_info</name>
         <load_address>0x546a</load_address>
         <run_address>0x546a</run_address>
         <size>0x119</size>
         <input_file_ref idref="fl-8"/>
      </object_component>
      <object_component id="oc-26a">
         <name>.debug_info</name>
         <load_address>0x5583</load_address>
         <run_address>0x5583</run_address>
         <size>0xce</size>
         <input_file_ref idref="fl-8"/>
      </object_component>
      <object_component id="oc-261">
         <name>.debug_info</name>
         <load_address>0x5651</load_address>
         <run_address>0x5651</run_address>
         <size>0x146</size>
         <input_file_ref idref="fl-8"/>
      </object_component>
      <object_component id="oc-14e">
         <name>.debug_info</name>
         <load_address>0x5797</load_address>
         <run_address>0x5797</run_address>
         <size>0x1990</size>
         <input_file_ref idref="fl-8"/>
      </object_component>
      <object_component id="oc-1b4">
         <name>.debug_info</name>
         <load_address>0x7127</load_address>
         <run_address>0x7127</run_address>
         <size>0x8b</size>
         <input_file_ref idref="fl-8"/>
      </object_component>
      <object_component id="oc-213">
         <name>.debug_info</name>
         <load_address>0x71b2</load_address>
         <run_address>0x71b2</run_address>
         <size>0x301</size>
         <input_file_ref idref="fl-9"/>
      </object_component>
      <object_component id="oc-117">
         <name>.debug_info</name>
         <load_address>0x74b3</load_address>
         <run_address>0x74b3</run_address>
         <size>0x11b</size>
         <input_file_ref idref="fl-9"/>
      </object_component>
      <object_component id="oc-fb">
         <name>.debug_info</name>
         <load_address>0x75ce</load_address>
         <run_address>0x75ce</run_address>
         <size>0x310</size>
         <input_file_ref idref="fl-9"/>
      </object_component>
      <object_component id="oc-ee">
         <name>.debug_info</name>
         <load_address>0x78de</load_address>
         <run_address>0x78de</run_address>
         <size>0x232</size>
         <input_file_ref idref="fl-a"/>
      </object_component>
      <object_component id="oc-32">
         <name>.debug_info</name>
         <load_address>0x7b10</load_address>
         <run_address>0x7b10</run_address>
         <size>0x2a3</size>
         <input_file_ref idref="fl-b"/>
      </object_component>
      <object_component id="oc-13">
         <name>.debug_info</name>
         <load_address>0x7db3</load_address>
         <run_address>0x7db3</run_address>
         <size>0xe2</size>
         <input_file_ref idref="fl-b"/>
      </object_component>
      <object_component id="oc-2b">
         <name>.debug_info</name>
         <load_address>0x7e95</load_address>
         <run_address>0x7e95</run_address>
         <size>0x25e</size>
         <input_file_ref idref="fl-b"/>
      </object_component>
      <object_component id="oc-137">
         <name>.debug_info</name>
         <load_address>0x80f3</load_address>
         <run_address>0x80f3</run_address>
         <size>0x34d</size>
         <input_file_ref idref="fl-c"/>
      </object_component>
      <object_component id="oc-1b1">
         <name>.debug_info</name>
         <load_address>0x8440</load_address>
         <run_address>0x8440</run_address>
         <size>0x101</size>
         <input_file_ref idref="fl-c"/>
      </object_component>
      <object_component id="oc-d8">
         <name>.debug_info</name>
         <load_address>0x8541</load_address>
         <run_address>0x8541</run_address>
         <size>0x343</size>
         <input_file_ref idref="fl-c"/>
      </object_component>
      <object_component id="oc-377">
         <name>.debug_info</name>
         <load_address>0x8884</load_address>
         <run_address>0x8884</run_address>
         <size>0x2a9</size>
         <input_file_ref idref="fl-c7"/>
      </object_component>
      <object_component id="oc-27b">
         <name>.debug_info</name>
         <load_address>0x8b2d</load_address>
         <run_address>0x8b2d</run_address>
         <size>0x247</size>
         <input_file_ref idref="fl-c7"/>
      </object_component>
      <object_component id="oc-346">
         <name>.debug_info</name>
         <load_address>0x8d74</load_address>
         <run_address>0x8d74</run_address>
         <size>0x46</size>
         <input_file_ref idref="fl-c7"/>
      </object_component>
      <object_component id="oc-235">
         <name>.debug_info</name>
         <load_address>0x8dba</load_address>
         <run_address>0x8dba</run_address>
         <size>0x39</size>
         <input_file_ref idref="fl-c7"/>
      </object_component>
      <object_component id="oc-36f">
         <name>.debug_info</name>
         <load_address>0x8df3</load_address>
         <run_address>0x8df3</run_address>
         <size>0x2c5</size>
         <input_file_ref idref="fl-c8"/>
      </object_component>
      <object_component id="oc-275">
         <name>.debug_info</name>
         <load_address>0x90b8</load_address>
         <run_address>0x90b8</run_address>
         <size>0x24e</size>
         <input_file_ref idref="fl-c8"/>
      </object_component>
      <object_component id="oc-477">
         <name>.debug_info</name>
         <load_address>0x9306</load_address>
         <run_address>0x9306</run_address>
         <size>0x2f2</size>
         <input_file_ref idref="fl-c9"/>
      </object_component>
      <object_component id="oc-42e">
         <name>.debug_info</name>
         <load_address>0x95f8</load_address>
         <run_address>0x95f8</run_address>
         <size>0x131</size>
         <input_file_ref idref="fl-c9"/>
      </object_component>
      <object_component id="oc-371">
         <name>.debug_info</name>
         <load_address>0x9729</load_address>
         <run_address>0x9729</run_address>
         <size>0x4ac</size>
         <input_file_ref idref="fl-c9"/>
      </object_component>
      <object_component id="oc-24f">
         <name>.debug_info</name>
         <load_address>0x9bd5</load_address>
         <run_address>0x9bd5</run_address>
         <size>0x361</size>
         <input_file_ref idref="fl-ca"/>
      </object_component>
      <object_component id="oc-13b">
         <name>.debug_info</name>
         <load_address>0x9f36</load_address>
         <run_address>0x9f36</run_address>
         <size>0x79b</size>
         <input_file_ref idref="fl-ca"/>
      </object_component>
      <object_component id="oc-252">
         <name>.debug_info</name>
         <load_address>0xa6d1</load_address>
         <run_address>0xa6d1</run_address>
         <size>0x361</size>
         <input_file_ref idref="fl-cb"/>
      </object_component>
      <object_component id="oc-146">
         <name>.debug_info</name>
         <load_address>0xaa32</load_address>
         <run_address>0xaa32</run_address>
         <size>0x7ae</size>
         <input_file_ref idref="fl-cb"/>
      </object_component>
      <object_component id="oc-234">
         <name>.debug_info</name>
         <load_address>0xb1e0</load_address>
         <run_address>0xb1e0</run_address>
         <size>0x36a</size>
         <input_file_ref idref="fl-cc"/>
      </object_component>
      <object_component id="oc-12b">
         <name>.debug_info</name>
         <load_address>0xb54a</load_address>
         <run_address>0xb54a</run_address>
         <size>0x5d4</size>
         <input_file_ref idref="fl-cc"/>
      </object_component>
      <object_component id="oc-1f8">
         <name>.debug_info</name>
         <load_address>0xbb1e</load_address>
         <run_address>0xbb1e</run_address>
         <size>0x333</size>
         <input_file_ref idref="fl-cd"/>
      </object_component>
      <object_component id="oc-10b">
         <name>.debug_info</name>
         <load_address>0xbe51</load_address>
         <run_address>0xbe51</run_address>
         <size>0x1d1</size>
         <input_file_ref idref="fl-cd"/>
      </object_component>
      <object_component id="oc-1ec">
         <name>.debug_info</name>
         <load_address>0xc022</load_address>
         <run_address>0xc022</run_address>
         <size>0x18d</size>
         <input_file_ref idref="fl-cd"/>
      </object_component>
      <object_component id="oc-1f2">
         <name>.debug_info</name>
         <load_address>0xc1af</load_address>
         <run_address>0xc1af</run_address>
         <size>0x16d</size>
         <input_file_ref idref="fl-cd"/>
      </object_component>
      <object_component id="oc-2c6">
         <name>.debug_info</name>
         <load_address>0xc31c</load_address>
         <run_address>0xc31c</run_address>
         <size>0x2c</size>
         <input_file_ref idref="fl-cd"/>
      </object_component>
      <object_component id="oc-2c5">
         <name>.debug_info</name>
         <load_address>0xc348</load_address>
         <run_address>0xc348</run_address>
         <size>0x340</size>
         <input_file_ref idref="fl-ce"/>
      </object_component>
      <object_component id="oc-1bc">
         <name>.debug_info</name>
         <load_address>0xc688</load_address>
         <run_address>0xc688</run_address>
         <size>0x208</size>
         <input_file_ref idref="fl-ce"/>
      </object_component>
      <object_component id="oc-2b9">
         <name>.debug_info</name>
         <load_address>0xc890</load_address>
         <run_address>0xc890</run_address>
         <size>0x1c6</size>
         <input_file_ref idref="fl-ce"/>
      </object_component>
      <object_component id="oc-2bf">
         <name>.debug_info</name>
         <load_address>0xca56</load_address>
         <run_address>0xca56</run_address>
         <size>0x179</size>
         <input_file_ref idref="fl-ce"/>
      </object_component>
      <object_component id="oc-2cb">
         <name>.debug_info</name>
         <load_address>0xcbcf</load_address>
         <run_address>0xcbcf</run_address>
         <size>0x69</size>
         <input_file_ref idref="fl-ce"/>
      </object_component>
      <object_component id="oc-140">
         <name>.debug_info</name>
         <load_address>0xcc38</load_address>
         <run_address>0xcc38</run_address>
         <size>0x14c</size>
         <input_file_ref idref="fl-cf"/>
      </object_component>
      <object_component id="oc-21d">
         <name>.debug_info</name>
         <load_address>0xcd84</load_address>
         <run_address>0xcd84</run_address>
         <size>0x128</size>
         <input_file_ref idref="fl-d0"/>
      </object_component>
      <object_component id="oc-271">
         <name>.debug_info</name>
         <load_address>0xceac</load_address>
         <run_address>0xceac</run_address>
         <size>0x12a</size>
         <input_file_ref idref="fl-d0"/>
      </object_component>
      <object_component id="oc-127">
         <name>.debug_info</name>
         <load_address>0xcfd6</load_address>
         <run_address>0xcfd6</run_address>
         <size>0x13a</size>
         <input_file_ref idref="fl-d1"/>
      </object_component>
      <object_component id="oc-122">
         <name>.debug_info</name>
         <load_address>0xd110</load_address>
         <run_address>0xd110</run_address>
         <size>0x13a</size>
         <input_file_ref idref="fl-d2"/>
      </object_component>
      <object_component id="oc-21a">
         <name>.debug_info</name>
         <load_address>0xd24a</load_address>
         <run_address>0xd24a</run_address>
         <size>0x12e</size>
         <input_file_ref idref="fl-d3"/>
      </object_component>
      <object_component id="oc-130">
         <name>.debug_info</name>
         <load_address>0xd378</load_address>
         <run_address>0xd378</run_address>
         <size>0x13e</size>
         <input_file_ref idref="fl-d4"/>
      </object_component>
      <object_component id="oc-108">
         <name>.debug_info</name>
         <load_address>0xd4b6</load_address>
         <run_address>0xd4b6</run_address>
         <size>0x12c</size>
         <input_file_ref idref="fl-d5"/>
      </object_component>
      <object_component id="oc-11b">
         <name>.debug_info</name>
         <load_address>0xd5e2</load_address>
         <run_address>0xd5e2</run_address>
         <size>0x12c</size>
         <input_file_ref idref="fl-d6"/>
      </object_component>
      <object_component id="oc-3f">
         <name>.debug_info</name>
         <load_address>0xd70e</load_address>
         <run_address>0xd70e</run_address>
         <size>0x119</size>
         <input_file_ref idref="fl-d7"/>
      </object_component>
      <object_component id="oc-1de">
         <name>.debug_info</name>
         <load_address>0xd827</load_address>
         <run_address>0xd827</run_address>
         <size>0x12e</size>
         <input_file_ref idref="fl-d8"/>
      </object_component>
      <object_component id="oc-98">
         <name>.debug_info</name>
         <load_address>0xd955</load_address>
         <run_address>0xd955</run_address>
         <size>0x147</size>
         <input_file_ref idref="fl-d9"/>
      </object_component>
      <object_component id="oc-95">
         <name>.debug_info</name>
         <load_address>0xda9c</load_address>
         <run_address>0xda9c</run_address>
         <size>0x2d4</size>
         <input_file_ref idref="fl-da"/>
      </object_component>
      <object_component id="oc-53">
         <name>.debug_info</name>
         <load_address>0xdd70</load_address>
         <run_address>0xdd70</run_address>
         <size>0x1b5</size>
         <input_file_ref idref="fl-da"/>
      </object_component>
      <object_component id="oc-90">
         <name>.debug_info</name>
         <load_address>0xdf25</load_address>
         <run_address>0xdf25</run_address>
         <size>0x46</size>
         <input_file_ref idref="fl-da"/>
      </object_component>
      <object_component id="oc-ce">
         <name>.debug_info</name>
         <load_address>0xdf6b</load_address>
         <run_address>0xdf6b</run_address>
         <size>0x2c</size>
         <input_file_ref idref="fl-da"/>
      </object_component>
      <object_component id="oc-49">
         <name>.debug_info</name>
         <load_address>0xdf97</load_address>
         <run_address>0xdf97</run_address>
         <size>0x2a8</size>
         <input_file_ref idref="fl-db"/>
      </object_component>
      <object_component id="oc-1c">
         <name>.debug_info</name>
         <load_address>0xe23f</load_address>
         <run_address>0xe23f</run_address>
         <size>0x1ea</size>
         <input_file_ref idref="fl-db"/>
      </object_component>
      <object_component id="oc-44">
         <name>.debug_info</name>
         <load_address>0xe429</load_address>
         <run_address>0xe429</run_address>
         <size>0x46</size>
         <input_file_ref idref="fl-db"/>
      </object_component>
      <object_component id="oc-88">
         <name>.debug_info</name>
         <load_address>0xe46f</load_address>
         <run_address>0xe46f</run_address>
         <size>0x2c</size>
         <input_file_ref idref="fl-db"/>
      </object_component>
      <object_component id="oc-86">
         <name>.debug_info</name>
         <load_address>0xe49b</load_address>
         <run_address>0xe49b</run_address>
         <size>0x29e</size>
         <input_file_ref idref="fl-dc"/>
      </object_component>
      <object_component id="oc-17">
         <name>.debug_info</name>
         <load_address>0xe739</load_address>
         <run_address>0xe739</run_address>
         <size>0x250</size>
         <input_file_ref idref="fl-dc"/>
      </object_component>
      <object_component id="oc-34">
         <name>.debug_info</name>
         <load_address>0xe989</load_address>
         <run_address>0xe989</run_address>
         <size>0x60</size>
         <input_file_ref idref="fl-dc"/>
      </object_component>
      <object_component id="oc-c7">
         <name>.debug_info</name>
         <load_address>0xe9e9</load_address>
         <run_address>0xe9e9</run_address>
         <size>0x46</size>
         <input_file_ref idref="fl-dc"/>
      </object_component>
      <object_component id="oc-81">
         <name>.debug_info</name>
         <load_address>0xea2f</load_address>
         <run_address>0xea2f</run_address>
         <size>0x39</size>
         <input_file_ref idref="fl-dc"/>
      </object_component>
      <object_component id="oc-70">
         <name>.debug_info</name>
         <load_address>0xea68</load_address>
         <run_address>0xea68</run_address>
         <size>0x3b2</size>
         <input_file_ref idref="fl-dd"/>
      </object_component>
      <object_component id="oc-25">
         <name>.debug_info</name>
         <load_address>0xee1a</load_address>
         <run_address>0xee1a</run_address>
         <size>0x10c</size>
         <input_file_ref idref="fl-dd"/>
      </object_component>
      <object_component id="oc-427">
         <name>.debug_info</name>
         <load_address>0xef26</load_address>
         <run_address>0xef26</run_address>
         <size>0x13f</size>
         <input_file_ref idref="fl-dd"/>
      </object_component>
      <object_component id="oc-357">
         <name>.debug_info</name>
         <load_address>0xf065</load_address>
         <run_address>0xf065</run_address>
         <size>0x168</size>
         <input_file_ref idref="fl-dd"/>
      </object_component>
      <object_component id="oc-35e">
         <name>.debug_info</name>
         <load_address>0xf1cd</load_address>
         <run_address>0xf1cd</run_address>
         <size>0x18e</size>
         <input_file_ref idref="fl-dd"/>
      </object_component>
      <object_component id="oc-364">
         <name>.debug_info</name>
         <load_address>0xf35b</load_address>
         <run_address>0xf35b</run_address>
         <size>0x19f</size>
         <input_file_ref idref="fl-dd"/>
      </object_component>
      <object_component id="oc-25d">
         <name>.debug_info</name>
         <load_address>0xf4fa</load_address>
         <run_address>0xf4fa</run_address>
         <size>0x203</size>
         <input_file_ref idref="fl-dd"/>
      </object_component>
      <object_component id="oc-46f">
         <name>.debug_info</name>
         <load_address>0xf6fd</load_address>
         <run_address>0xf6fd</run_address>
         <size>0x1db</size>
         <input_file_ref idref="fl-dd"/>
      </object_component>
      <object_component id="oc-256">
         <name>.debug_info</name>
         <load_address>0xf8d8</load_address>
         <run_address>0xf8d8</run_address>
         <size>0x1a5</size>
         <input_file_ref idref="fl-dd"/>
      </object_component>
      <object_component id="oc-421">
         <name>.debug_info</name>
         <load_address>0xfa7d</load_address>
         <run_address>0xfa7d</run_address>
         <size>0x299</size>
         <input_file_ref idref="fl-dd"/>
      </object_component>
      <object_component id="oc-bb">
         <name>.debug_info</name>
         <load_address>0xfd16</load_address>
         <run_address>0xfd16</run_address>
         <size>0xb2</size>
         <input_file_ref idref="fl-dd"/>
      </object_component>
      <object_component id="oc-b6">
         <name>.debug_info</name>
         <load_address>0xfdc8</load_address>
         <run_address>0xfdc8</run_address>
         <size>0x2c</size>
         <input_file_ref idref="fl-dd"/>
      </object_component>
      <object_component id="oc-2d1">
         <name>.debug_info</name>
         <load_address>0xfdf4</load_address>
         <run_address>0xfdf4</run_address>
         <size>0x28a</size>
         <input_file_ref idref="fl-de"/>
      </object_component>
      <object_component id="oc-1c4">
         <name>.debug_info</name>
         <load_address>0x1007e</load_address>
         <run_address>0x1007e</run_address>
         <size>0x273</size>
         <input_file_ref idref="fl-de"/>
      </object_component>
      <object_component id="oc-2d3">
         <name>.debug_info</name>
         <load_address>0x102f1</load_address>
         <run_address>0x102f1</run_address>
         <size>0x2a4</size>
         <input_file_ref idref="fl-df"/>
      </object_component>
      <object_component id="oc-1c9">
         <name>.debug_info</name>
         <load_address>0x10595</load_address>
         <run_address>0x10595</run_address>
         <size>0x24d</size>
         <input_file_ref idref="fl-df"/>
      </object_component>
      <object_component id="oc-333">
         <name>.debug_info</name>
         <load_address>0x107e2</load_address>
         <run_address>0x107e2</run_address>
         <size>0x3aa</size>
         <input_file_ref idref="fl-e0"/>
      </object_component>
      <object_component id="oc-330">
         <name>.debug_info</name>
         <load_address>0x10b8c</load_address>
         <run_address>0x10b8c</run_address>
         <size>0x13a</size>
         <input_file_ref idref="fl-e0"/>
      </object_component>
      <object_component id="oc-223">
         <name>.debug_info</name>
         <load_address>0x10cc6</load_address>
         <run_address>0x10cc6</run_address>
         <size>0x72f</size>
         <input_file_ref idref="fl-e0"/>
      </object_component>
      <object_component id="oc-40e">
         <name>.debug_info</name>
         <load_address>0x113f5</load_address>
         <run_address>0x113f5</run_address>
         <size>0x39</size>
         <input_file_ref idref="fl-e0"/>
      </object_component>
      <object_component id="oc-335">
         <name>.debug_info</name>
         <load_address>0x1142e</load_address>
         <run_address>0x1142e</run_address>
         <size>0x2c</size>
         <input_file_ref idref="fl-e0"/>
      </object_component>
      <object_component id="oc-28">
         <name>.debug_info</name>
         <load_address>0x1145a</load_address>
         <run_address>0x1145a</run_address>
         <size>0x10b</size>
         <input_file_ref idref="fl-e1"/>
      </object_component>
      <object_component id="oc-5e">
         <name>.debug_info</name>
         <load_address>0x11565</load_address>
         <run_address>0x11565</run_address>
         <size>0x1a9</size>
         <input_file_ref idref="fl-e1"/>
      </object_component>
      <object_component id="oc-343">
         <name>.debug_info</name>
         <load_address>0x1170e</load_address>
         <run_address>0x1170e</run_address>
         <size>0x289</size>
         <input_file_ref idref="fl-e2"/>
      </object_component>
      <object_component id="oc-340">
         <name>.debug_info</name>
         <load_address>0x11997</load_address>
         <run_address>0x11997</run_address>
         <size>0x10e</size>
         <input_file_ref idref="fl-e2"/>
      </object_component>
      <object_component id="oc-22e">
         <name>.debug_info</name>
         <load_address>0x11aa5</load_address>
         <run_address>0x11aa5</run_address>
         <size>0x14e</size>
         <input_file_ref idref="fl-e2"/>
      </object_component>
      <object_component id="oc-34c">
         <name>.debug_info</name>
         <load_address>0x11bf3</load_address>
         <run_address>0x11bf3</run_address>
         <size>0x288</size>
         <input_file_ref idref="fl-e3"/>
      </object_component>
      <object_component id="oc-243">
         <name>.debug_info</name>
         <load_address>0x11e7b</load_address>
         <run_address>0x11e7b</run_address>
         <size>0x327</size>
         <input_file_ref idref="fl-e3"/>
      </object_component>
      <object_component id="oc-34e">
         <name>.debug_info</name>
         <load_address>0x121a2</load_address>
         <run_address>0x121a2</run_address>
         <size>0x28d</size>
         <input_file_ref idref="fl-e4"/>
      </object_component>
      <object_component id="oc-249">
         <name>.debug_info</name>
         <load_address>0x1242f</load_address>
         <run_address>0x1242f</run_address>
         <size>0x380</size>
         <input_file_ref idref="fl-e4"/>
      </object_component>
      <object_component id="oc-33e">
         <name>.debug_info</name>
         <load_address>0x127af</load_address>
         <run_address>0x127af</run_address>
         <size>0x29b</size>
         <input_file_ref idref="fl-e5"/>
      </object_component>
      <object_component id="oc-33b">
         <name>.debug_info</name>
         <load_address>0x12a4a</load_address>
         <run_address>0x12a4a</run_address>
         <size>0xfa</size>
         <input_file_ref idref="fl-e5"/>
      </object_component>
      <object_component id="oc-228">
         <name>.debug_info</name>
         <load_address>0x12b44</load_address>
         <run_address>0x12b44</run_address>
         <size>0x5d3</size>
         <input_file_ref idref="fl-e5"/>
      </object_component>
      <object_component id="oc-409">
         <name>.debug_info</name>
         <load_address>0x13117</load_address>
         <run_address>0x13117</run_address>
         <size>0x28a</size>
         <input_file_ref idref="fl-e6"/>
      </object_component>
      <object_component id="oc-32a">
         <name>.debug_info</name>
         <load_address>0x133a1</load_address>
         <run_address>0x133a1</run_address>
         <size>0x22a</size>
         <input_file_ref idref="fl-e6"/>
      </object_component>
      <object_component id="oc-407">
         <name>.debug_info</name>
         <load_address>0x135cb</load_address>
         <run_address>0x135cb</run_address>
         <size>0x2f8</size>
         <input_file_ref idref="fl-e7"/>
      </object_component>
      <object_component id="oc-324">
         <name>.debug_info</name>
         <load_address>0x138c3</load_address>
         <run_address>0x138c3</run_address>
         <size>0x225</size>
         <input_file_ref idref="fl-e7"/>
      </object_component>
      <object_component id="oc-310">
         <name>.debug_info</name>
         <load_address>0x13ae8</load_address>
         <run_address>0x13ae8</run_address>
         <size>0x590</size>
         <input_file_ref idref="fl-e8"/>
      </object_component>
      <object_component id="oc-2e6">
         <name>.debug_info</name>
         <load_address>0x14078</load_address>
         <run_address>0x14078</run_address>
         <size>0x21e</size>
         <input_file_ref idref="fl-e8"/>
      </object_component>
      <object_component id="oc-3c4">
         <name>.debug_info</name>
         <load_address>0x14296</load_address>
         <run_address>0x14296</run_address>
         <size>0x1b3</size>
         <input_file_ref idref="fl-e8"/>
      </object_component>
      <object_component id="oc-3ca">
         <name>.debug_info</name>
         <load_address>0x14449</load_address>
         <run_address>0x14449</run_address>
         <size>0x21b</size>
         <input_file_ref idref="fl-e8"/>
      </object_component>
      <object_component id="oc-2ec">
         <name>.debug_info</name>
         <load_address>0x14664</load_address>
[...]
      </symbol>
      <symbol id="sm-30f">
         <name>oi_shutoff_init</name>
         <value>0xb51</value>
         <object_component_ref idref="oc-14a"/>
      </symbol>
      <symbol id="sm-310">
         <name>motor_cal_factor_L</name>
         <value>0x20002480</value>
         <object_component_ref idref="oc-266"/>
      </symbol>
      <symbol id="sm-311">
         <name>motor_cal_factor_R</name>
         <value>0x20002484</value>
         <object_component_ref idref="oc-266"/>
      </symbol>
      <symbol id="sm-312">
         <name>oi_parseInt</name>
         <value>0x73fb</value>
         <object_component_ref idref="oc-25f"/>
      </symbol>
      <symbol id="sm-313">
         <name>oi_setMotorCalibration</name>
         <value>0xdb1</value>
         <object_component_ref idref="oc-14a"/>
      </symbol>
      <symbol id="sm-314">
         <name>oi_uartSendStr</name>
         <value>0xa59</value>
         <object_component_ref idref="oc-14a"/>
      </symbol>
      <symbol id="sm-315">
         <name>oi_close</name>
         <value>0x2c7</value>
         <object_component_ref idref="oc-14a"/>
      </symbol>
      <symbol id="sm-316">
         <name>oi_uartSendBuff</name>
         <value>0xa77</value>
         <object_component_ref idref="oc-14a"/>
      </symbol>
      <symbol id="sm-317">
         <name>oi_checkFirmware</name>
         <value>0xaa9</value>
         <object_component_ref idref="oc-14a"/>
      </symbol>
      <symbol id="sm-318">
         <name>oi_init_noupdate</name>
         <value>0x289</value>
         <object_component_ref idref="oc-14a"/>
      </symbol>
      <symbol id="sm-319">
         <name>oi_uartSendChar</name>
         <value>0xa15</value>
         <object_component_ref idref="oc-14a"/>
      </symbol>
      <symbol id="sm-31a">
         <name>oi_alloc</name>
         <value>0x26d</value>
         <object_component_ref idref="oc-14a"/>
      </symbol>
      <symbol id="sm-31b">
         <name>oi_getMotorCalibrationLeft</name>
         <value>0xded</value>
         <object_component_ref idref="oc-14a"/>
      </symbol>
      <symbol id="sm-31c">
         <name>oi_loadSong</name>
         <value>0x915</value>
         <object_component_ref idref="oc-14a"/>
      </symbol>
      <symbol id="sm-31d">
         <name>oi_play_song</name>
         <value>0x96b</value>
         <object_component_ref idref="oc-14a"/>
      </symbol>
      <symbol id="sm-31e">
         <name>oi_parsePacket</name>
         <value>0x32b</value>
         <object_component_ref idref="oc-14a"/>
      </symbol>
      <symbol id="sm-31f">
         <name>oi_setLeds</name>
         <value>0x84b</value>
         <object_component_ref idref="oc-14a"/>
      </symbol>
      <symbol id="sm-320">
         <name>oi_init</name>
         <value>0x2b1</value>
         <object_component_ref idref="oc-14a"/>
      </symbol>
      <symbol id="sm-321">
         <name>oi_update</name>
         <value>0x2d9</value>
         <object_component_ref idref="oc-14a"/>
      </symbol>
      <symbol id="sm-322">
         <name>oi_uartInit</name>
         <value>0x98d</value>
         <object_component_ref idref="oc-14a"/>
      </symbol>
      <symbol id="sm-35c">
         <name>g_end_time</name>
         <value>0x200024bc</value>
         <object_component_ref idref="oc-116"/>
      </symbol>
      <symbol id="sm-35d">
         <name>TIMER3B_Handler</name>
         <value>0x4d99</value>
         <object_component_ref idref="oc-f9"/>
      </symbol>
      <symbol id="sm-35e">
         <name>ping_init</name>
         <value>0x4c39</value>
         <object_component_ref idref="oc-f9"/>
      </symbol>
      <symbol id="sm-35f">
         <name>g_state</name>
         <value>0x200024c0</value>
         <object_component_ref idref="oc-116"/>
      </symbol>
      <symbol id="sm-360">
         <name>g_start_time</name>
         <value>0x200024b8</value>
         <object_component_ref idref="oc-116"/>
      </symbol>
      <symbol id="sm-361">
         <name>ping_getDistance</name>
         <value>0x4dd9</value>
         <object_component_ref idref="oc-f9"/>
      </symbol>
      <symbol id="sm-362">
         <name>ping_trigger</name>
         <value>0x4d09</value>
         <object_component_ref idref="oc-f9"/>
      </symbol>
      <symbol id="sm-382">
         <name>servo_move</name>
         <value>0x5e89</value>
         <object_component_ref idref="oc-ed"/>
      </symbol>
      <symbol id="sm-383">
         <name>servo_init</name>
         <value>0x5dc1</value>
         <object_component_ref idref="oc-ed"/>
      </symbol>
      <symbol id="sm-39f">
         <name>ResetISR</name>
         <value>0x74c1</value>
         <object_component_ref idref="oc-2a"/>
      </symbol>
      <symbol id="sm-3a0">
         <name>g_pfnVectors</name>
         <value>0x0</value>
         <object_component_ref idref="oc-12"/>
      </symbol>
      <symbol id="sm-3df">
         <name>returnChar</name>
         <value>0x20002449</value>
      </symbol>
      <symbol id="sm-3e0">
         <name>UART1_Handler</name>
         <value>0x546f</value>
         <object_component_ref idref="oc-d7"/>
      </symbol>
      <symbol id="sm-3e1">
         <name>command_byte</name>
         <value>0x200024d4</value>
         <object_component_ref idref="oc-1b0"/>
      </symbol>
      <symbol id="sm-3e2">
         <name>uart_sendChar</name>
         <value>0x542d</value>
         <object_component_ref idref="oc-d7"/>
      </symbol>
      <symbol id="sm-3e3">
         <name>uart_interrupt_init</name>
         <value>0x536d</value>
         <object_component_ref idref="oc-d7"/>
      </symbol>
      <symbol id="sm-3e4">
         <name>command_flag</name>
         <value>0x200024d8</value>
         <object_component_ref idref="oc-1b0"/>
      </symbol>
      <symbol id="sm-3e5">
         <name>uart_sendStr</name>
         <value>0x5449</value>
         <object_component_ref idref="oc-d7"/>
      </symbol>
      <symbol id="sm-429">
         <name>atan2</name>
         <value>0x5571</value>
         <object_component_ref idref="oc-27a"/>
      </symbol>
      <symbol id="sm-42a">
         <name>atan2l</name>
         <value>0x5571</value>
         <object_component_ref idref="oc-27a"/>
      </symbol>
      <symbol id="sm-44c">
         <name>sqrtl</name>
         <value>0x5f25</value>
         <object_component_ref idref="oc-274"/>
      </symbol>
      <symbol id="sm-44d">
         <name>sqrt</name>
         <value>0x5f25</value>
         <object_component_ref idref="oc-274"/>
      </symbol>
      <symbol id="sm-483">
         <name>atanl</name>
         <value>0x494d</value>
         <object_component_ref idref="oc-370"/>
      </symbol>
      <symbol id="sm-484">
         <name>atan</name>
         <value>0x494d</value>
         <object_component_ref idref="oc-370"/>
      </symbol>
      <symbol id="sm-4d5">
         <name>cosl</name>
         <value>0x3825</value>
         <object_component_ref idref="oc-139"/>
      </symbol>
      <symbol id="sm-4d6">
         <name>cos</name>
         <value>0x3825</value>
         <object_component_ref idref="oc-139"/>
      </symbol>
      <symbol id="sm-526">
         <name>sin</name>
         <value>0x3245</value>
         <object_component_ref idref="oc-144"/>
      </symbol>
      <symbol id="sm-527">
         <name>sinl</name>
         <value>0x3245</value>
         <object_component_ref idref="oc-144"/>
      </symbol>
      <symbol id="sm-578">
         <name>tanl</name>
         <value>0x3e01</value>
         <object_component_ref idref="oc-129"/>
      </symbol>
      <symbol id="sm-579">
         <name>tan</name>
         <value>0x3e01</value>
         <object_component_ref idref="oc-129"/>
      </symbol>
      <symbol id="sm-5a0">
         <name>sprintf</name>
         <value>0x7139</value>
         <object_component_ref idref="oc-10a"/>
      </symbol>
      <symbol id="sm-5ca">
         <name>vsnprintf</name>
         <value>0x7179</value>
         <object_component_ref idref="oc-1bb"/>
      </symbol>
      <symbol id="sm-5e1">
         <name>__aeabi_dsub</name>
         <value>0x5925</value>
         <object_component_ref idref="oc-13f"/>
      </symbol>
      <symbol id="sm-5e2">
         <name>__aeabi_dadd</name>
         <value>0x592f</value>
         <object_component_ref idref="oc-13f"/>
      </symbol>
      <symbol id="sm-604">
         <name>__aeabi_cdcmpeq</name>
         <value>0x6bc5</value>
         <object_component_ref idref="oc-21c"/>
      </symbol>
      <symbol id="sm-605">
         <name>__aeabi_cdcmple</name>
         <value>0x6bc5</value>
         <object_component_ref idref="oc-21c"/>
      </symbol>
      <symbol id="sm-606">
         <name>__aeabi_cdrcmple</name>
         <value>0x6c4b</value>
         <object_component_ref idref="oc-26f"/>
      </symbol>
      <symbol id="sm-61a">
         <name>__aeabi_ddiv</name>
         <value>0x61b9</value>
         <object_component_ref idref="oc-124"/>
      </symbol>
      <symbol id="sm-625">
         <name>__aeabi_dmul</name>
         <value>0x6625</value>
         <object_component_ref idref="oc-11f"/>
      </symbol>
      <symbol id="sm-62f">
         <name>__aeabi_d2iz</name>
         <value>0x70ad</value>
         <object_component_ref idref="oc-217"/>
      </symbol>
      <symbol id="sm-63b">
         <name>__aeabi_d2f</name>
         <value>0x6e2b</value>
         <object_component_ref idref="oc-12f"/>
      </symbol>
      <symbol id="sm-646">
         <name>__aeabi_f2d</name>
         <value>0x7231</value>
         <object_component_ref idref="oc-105"/>
      </symbol>
      <symbol id="sm-650">
         <name>__aeabi_i2d</name>
         <value>0x7301</value>
         <object_component_ref idref="oc-11a"/>
      </symbol>
      <symbol id="sm-66b">
         <name>memcpy</name>
         <value>0x6a93</value>
         <object_component_ref idref="oc-3e"/>
      </symbol>
      <symbol id="sm-66c">
         <name>__aeabi_memcpy</name>
         <value>0x6a93</value>
         <object_component_ref idref="oc-3e"/>
      </symbol>
      <symbol id="sm-66d">
         <name>__aeabi_memcpy8</name>
         <value>0x6a93</value>
         <object_component_ref idref="oc-3e"/>
      </symbol>
      <symbol id="sm-66e">
         <name>__aeabi_memcpy4</name>
         <value>0x6a93</value>
         <object_component_ref idref="oc-3e"/>
      </symbol>
      <symbol id="sm-678">
         <name>__aeabi_ui2d</name>
         <value>0x7359</value>
         <object_component_ref idref="oc-1dd"/>
      </symbol>
      <symbol id="sm-687">
         <name>__aeabi_memset</name>
         <value>0x6cd3</value>
         <object_component_ref idref="oc-96"/>
      </symbol>
      <symbol id="sm-688">
         <name>memset</name>
         <value>0x6cd9</value>
         <object_component_ref idref="oc-96"/>
      </symbol>
      <symbol id="sm-689">
         <name>__aeabi_memset8</name>
         <value>0x6cd3</value>
         <object_component_ref idref="oc-96"/>
      </symbol>
      <symbol id="sm-68a">
         <name>__aeabi_memset4</name>
         <value>0x6cd3</value>
         <object_component_ref idref="oc-96"/>
      </symbol>
      <symbol id="sm-68b">
         <name>__aeabi_memclr8</name>
         <value>0x6cd1</value>
         <object_component_ref idref="oc-96"/>
      </symbol>
      <symbol id="sm-68c">
         <name>__aeabi_memclr4</name>
         <value>0x6cd1</value>
         <object_component_ref idref="oc-96"/>
      </symbol>
      <symbol id="sm-68d">
         <name>__aeabi_memclr</name>
         <value>0x6cd1</value>
         <object_component_ref idref="oc-96"/>
      </symbol>
      <symbol id="sm-6a4">
         <name>__TI_zero_init</name>
         <value>0x74b5</value>
         <object_component_ref idref="oc-50"/>
      </symbol>
      <symbol id="sm-6bb">
         <name>__TI_decompress_none</name>
         <value>0x749b</value>
         <object_component_ref idref="oc-1b"/>
      </symbol>
      <symbol id="sm-6de">
         <name>__TI_decompress_lzss</name>
         <value>0x6e99</value>
         <object_component_ref idref="oc-15"/>
      </symbol>
      <symbol id="sm-773">
         <name>_sys_memory</name>
         <value>0x20001270</value>
         <object_component_ref idref="oc-24"/>
      </symbol>
      <symbol id="sm-774">
         <name>free</name>
         <value>0x68fd</value>
         <object_component_ref idref="oc-259"/>
      </symbol>
      <symbol id="sm-775">
         <name>memalign</name>
         <value>0x6525</value>
         <object_component_ref idref="oc-41f"/>
      </symbol>
      <symbol id="sm-776">
         <name>calloc</name>
         <value>0x71f9</value>
         <object_component_ref idref="oc-253"/>
      </symbol>
      <symbol id="sm-777">
         <name>malloc</name>
         <value>0x74e1</value>
         <object_component_ref idref="oc-353"/>
      </symbol>
      <symbol id="sm-778">
         <name>aligned_alloc</name>
         <value>0x6525</value>
         <object_component_ref idref="oc-41f"/>
      </symbol>
      <symbol id="sm-787">
         <name>strcmp</name>
         <value>0x7413</value>
         <object_component_ref idref="oc-1c1"/>
      </symbol>
      <symbol id="sm-795">
         <name>strcpy</name>
         <value>0x7441</value>
         <object_component_ref idref="oc-1c7"/>
      </symbol>
      <symbol id="sm-805">
         <name>__kernel_rem_pio2</name>
         <value>0x2b0d</value>
         <object_component_ref idref="oc-221"/>
      </symbol>
      <symbol id="sm-818">
         <name>__stack</name>
         <value>0x20000270</value>
         <object_component_ref idref="oc-27"/>
      </symbol>
      <symbol id="sm-819">
         <name>_c_int00_noargs</name>
         <value>0x729d</value>
         <object_component_ref idref="oc-5c"/>
      </symbol>
      <symbol id="sm-82f">
         <name>__aeabi_errno_addr</name>
         <value>0x74d9</value>
         <object_component_ref idref="oc-22d"/>
      </symbol>
      <symbol id="sm-830">
         <name>errno</name>
         <value>0x200024dc</value>
         <object_component_ref idref="oc-33f"/>
      </symbol>
      <symbol id="sm-846">
         <name>__kernel_cos</name>
         <value>0x5c51</value>
         <object_component_ref idref="oc-242"/>
      </symbol>
      <symbol id="sm-85d">
         <name>__kernel_sin</name>
         <value>0x5add</value>
         <object_component_ref idref="oc-248"/>
      </symbol>
      <symbol id="sm-87c">
         <name>__kernel_tan</name>
         <value>0x4631</value>
         <object_component_ref idref="oc-227"/>
      </symbol>
      <symbol id="sm-899">
         <name>floorl</name>
         <value>0x6721</value>
         <object_component_ref idref="oc-329"/>
      </symbol>
      <symbol id="sm-89a">
         <name>floor</name>
         <value>0x6721</value>
         <object_component_ref idref="oc-329"/>
      </symbol>
      <symbol id="sm-8b7">
         <name>scalbn</name>
         <value>0x6415</value>
         <object_component_ref idref="oc-323"/>
      </symbol>
      <symbol id="sm-8b8">
         <name>scalbnl</name>
         <value>0x6415</value>
         <object_component_ref idref="oc-323"/>
      </symbol>
      <symbol id="sm-8b9">
         <name>ldexpl</name>
         <value>0x6415</value>
         <object_component_ref idref="oc-323"/>
      </symbol>
      <symbol id="sm-8ba">
         <name>ldexp</name>
         <value>0x6415</value>
         <object_component_ref idref="oc-323"/>
      </symbol>
      <symbol id="sm-a1f">
         <name>__TI_printfi</name>
         <value>0xe8d</value>
         <object_component_ref idref="oc-1e5"/>
      </symbol>
      <symbol id="sm-a2c">
         <name>__aeabi_uldivmod</name>
         <value>0x6b2f</value>
         <object_component_ref idref="oc-3b7"/>
      </symbol>
      <symbol id="sm-a54">
         <name>__TI_auto_init_nobinit_nopinit</name>
         <value>0x70f5</value>
         <object_component_ref idref="oc-170"/>
      </symbol>
      <symbol id="sm-a5e">
         <name>_system_pre_init</name>
         <value>0x74e9</value>
         <object_component_ref idref="oc-9c"/>
      </symbol>
      <symbol id="sm-a6a">
         <name>C$$EXIT</name>
         <value>0x74ed</value>
         <object_component_ref idref="oc-164"/>
      </symbol>
      <symbol id="sm-a6b">
         <name>abort</name>
         <value>0x74ed</value>
         <object_component_ref idref="oc-164"/>
      </symbol>
      <symbol id="sm-a80">
         <name>_nop</name>
         <value>0x18db</value>
         <object_component_ref idref="oc-37a"/>
      </symbol>
      <symbol id="sm-a81">
         <name>_lock</name>
         <value>0x200024c4</value>
         <object_component_ref idref="oc-289"/>
      </symbol>
      <symbol id="sm-a82">
         <name>_unlock</name>
         <value>0x200024c8</value>
         <object_component_ref idref="oc-289"/>
      </symbol>
      <symbol id="sm-a91">
         <name>__TI_ltoa</name>
         <value>0x6fbb</value>
         <object_component_ref idref="oc-3bd"/>
      </symbol>
      <symbol id="sm-aa8">
         <name>atoi</name>
         <value>0x7061</value>
         <object_component_ref idref="oc-2df"/>
      </symbol>
      <symbol id="sm-ab3">
         <name>_ctypes_</name>
         <value>0x7648</value>
         <object_component_ref idref="oc-3b2"/>
      </symbol>
      <symbol id="sm-ac3">
         <name>memccpy</name>
         <value>0x7395</value>
         <object_component_ref idref="oc-303"/>
      </symbol>
      <symbol id="sm-ad3">
         <name>strchr</name>
         <value>0x742b</value>
         <object_component_ref idref="oc-3e4"/>
      </symbol>
      <symbol id="sm-ae1">
         <name>strlen</name>
         <value>0x7455</value>
         <object_component_ref idref="oc-2d9"/>
      </symbol>
      <symbol id="sm-afa">
         <name>wcslen</name>
         <value>0x7469</value>
         <object_component_ref idref="oc-309"/>
      </symbol>
      <symbol id="sm-b04">
         <name>copysign</name>
         <value>0x73b1</value>
         <object_component_ref idref="oc-400"/>
      </symbol>
      <symbol id="sm-b05">
         <name>copysignl</name>
         <value>0x73b1</value>
         <object_component_ref idref="oc-400"/>
      </symbol>
      <symbol id="sm-b1b">
         <name>frexpl</name>
         <value>0x6f01</value>
         <object_component_ref idref="oc-3de"/>
      </symbol>
      <symbol id="sm-b1c">
         <name>frexp</name>
         <value>0x6f01</value>
         <object_component_ref idref="oc-3de"/>
      </symbol>
      <symbol id="sm-b26">
         <name>__aeabi_idiv0</name>
         <value>0x5adb</value>
         <object_component_ref idref="oc-449"/>
      </symbol>
      <symbol id="sm-b27">
         <name>__aeabi_ldiv0</name>
         <value>0x5adb</value>
         <object_component_ref idref="oc-449"/>
      </symbol>
      <symbol id="sm-b56">
         <name>IntRegister</name>
         <value>0x7269</value>
         <object_component_ref idref="oc-1a4"/>
      </symbol>
      <symbol id="sm-b57">
         <name>g_pfnRAMVectors</name>
         <value>0x20000000</value>
         <object_component_ref idref="oc-2a5"/>
      </symbol>
      <symbol id="sm-b58">
         <name>IntMasterEnable</name>
         <value>0x747b</value>
         <object_component_ref idref="oc-1aa"/>
      </symbol>
      <symbol id="sm-b62">
         <name>CPUcpsie</name>
         <value>0x74a9</value>
         <object_component_ref idref="oc-2af"/>
      </symbol>
      <symbol id="sm-b63">
         <name>__TI_static_base__</name>
         <value>0x0</value>
      </symbol>
      <symbol id="sm-b66">
         <name>__mpu_init</name>
         <value>0x0</value>
      </symbol>
      <symbol id="sm-b67">
         <name>_system_post_cinit</name>
         <value>0x0</value>
      </symbol>
   </symbol_table>
   <title>Link successful</title>
</link_info>
