******************************************************************************
                  TI ARM Linker PC v20.2.7                     
******************************************************************************
>> Linked Mon Apr 27 17:43:38 2026

OUTPUT FILE NAME:   <288FinalProj.out>
ENTRY POINT SYMBOL: "_c_int00_noargs"  address: 0000751d


MEMORY CONFIGURATION

         name            origin    length      used     unused   attr    fill
----------------------  --------  ---------  --------  --------  ----  --------
  FLASH                 00000000   00040000  00007bdb  00038425  R  X
  SRAM                  20000000   00008000  000024e3  00005b1d  RW X


SEGMENT ALLOCATION MAP

run origin  load origin   length   init length attrs members
----------  ----------- ---------- ----------- ----- -------
00000000    00000000    00007be0   00007be0    r-x
  00000000    00000000    0000026c   0000026c    r-- .intvecs
  0000026c    0000026c    00007504   00007504    r-x .text
  00007770    00007770    0000040b   0000040b    r-- .const
  00007b80    00007b80    00000060   00000060    r-- .cinit
20000000    20000000    000024e8   00000000    rw-
  20000000    20000000    0000026c   00000000    rw- .vtable
  20000270    20000270    00001000   00000000    rw- .stack
  20001270    20001270    00001000   00000000    rw- .sysmem
  20002270    20002270    000001db   00000000    rw- .bss
  2000244c    2000244c    0000009c   00000000    rw- .data


SECTION ALLOCATION MAP

 output                                  attributes/
section   page    origin      length       input sections
--------  ----  ----------  ----------   ----------------
.intvecs   0    00000000    0000026c     
                  00000000    0000026c     tm4c1230h6pm_startup_ccs.obj (.intvecs)

.text      0    0000026c    00007504     
                  0000026c    00000c20     open_interface.obj (.text)
                  00000e8c    00000a4e     rtsv7M4_T_le_v4SPD16_eabi.lib : _printfi.c.obj (.text:__TI_printfi)
                  000018da    00000002                                   : _lock.c.obj (.text:_nop)
                  000018dc    000009f4     main.obj (.text)
                  000022d0    0000093c     movement.obj (.text)
                  00002c0c    00000738     rtsv7M4_T_le_v4SPD16_eabi.lib : k_rem_pio2.c.obj (.text:__kernel_rem_pio2)
                  00003344    000005e0                                   : s_sin.c.obj (.text:sin)
                  00003924    000005dc                                   : s_cos.c.obj (.text:cos)
                  00003f00    00000508                                   : s_tan.c.obj (.text:tan)
                  00004408    00000328     lcd.obj (.text)
                  00004730    0000031c     rtsv7M4_T_le_v4SPD16_eabi.lib : k_tan.c.obj (.text:__kernel_tan)
                  00004a4c    000002ec                                   : s_atan.c.obj (.text:atan)
                  00004d38    000002bc     servo.obj (.text)
                  00004ff4    0000027c     ping_template.obj (.text)
                  00005270    00000270     rtsv7M4_T_le_v4SPD16_eabi.lib : _printfi.c.obj (.text:_pconv_a)
                  000054e0    00000248     Timer.obj (.text)
                  00005728    0000022c     uart-interrupt.obj (.text)
                  00005954    000001e4     rtsv7M4_T_le_v4SPD16_eabi.lib : e_atan2.c.obj (.text:atan2)
                  00005b38    000001d0                                   : _printfi.c.obj (.text:_pconv_g)
                  00005d08    000001b6                                   : fd_add_t2.asm.obj (.text)
                  00005ebe    00000002                                   : div0.asm.obj (.text)
                  00005ec0    00000174                                   : k_sin.c.obj (.text:__kernel_sin)
                  00006034    00000170                                   : k_cos.c.obj (.text:__kernel_cos)
                  000061a4    00000158                                   : e_sqrt.c.obj (.text:sqrt)
                  000062fc    0000013c                                   : _printfi.c.obj (.text:_pconv_e)
                  00006438    00000136                                   : fd_div_t2.asm.obj (.text)
                  0000656e    00000002     --HOLE-- [fill = 0]
                  00006570    00000124                                   : _printfi.c.obj (.text:fcvt)
                  00006694    00000110                                   : s_scalbn.c.obj (.text:scalbn)
                  000067a4    00000100                                   : memory.c.obj (.text:aligned_alloc)
                  000068a4    000000fc                                   : fd_mul_t2.asm.obj (.text)
                  000069a0    000000f8                                   : s_floor.c.obj (.text:floor)
                  00006a98    000000e4     adc.obj (.text)
                  00006b7c    000000e4     rtsv7M4_T_le_v4SPD16_eabi.lib : memory.c.obj (.text:free)
                  00006c60    000000b1                                   : _printfi.c.obj (.text:_ltostr)
                  00006d11    00000001     --HOLE-- [fill = 0]
                  00006d12    0000009c                                   : memcpy_t2.asm.obj (.text)
                  00006dae    00000096                                   : ull_div_t2.asm.obj (.text)
                  00006e44    00000086                                   : fd_cmp_t2.asm.obj (.text:__aeabi_cdcmple)
                  00006eca    00000086                                   : fd_cmp_t2.asm.obj (.text:__aeabi_cdrcmple)
                  00006f50    0000007a                                   : memset_t2.asm.obj (.text)
                  00006fca    00000002     --HOLE-- [fill = 0]
                  00006fcc    00000070                                   : memory.c.obj (.text:split)
                  0000703c    0000006e                                   : _printfi.c.obj (.text:_mcpy)
                  000070aa    0000006e                                   : fd_tos_t2.asm.obj (.text)
                  00007118    00000068                                   : copy_decompress_lzss.c.obj (.text:decompress:lzss:__TI_decompress_lzss)
                  00007180    00000064                                   : s_frexp.c.obj (.text:frexp)
                  000071e4    00000056                                   : _printfi.c.obj (.text:_pconv_f)
                  0000723a    00000054                                   : _ltoa.c.obj (.text:__TI_ltoa)
                  0000728e    00000052                                   : _printfi.c.obj (.text:_ecpy)
                  000072e0    0000004c                                   : atoi.c.obj (.text:atoi)
                  0000732c    00000048                                   : fd_toi_t2.asm.obj (.text)
                  00007374    00000044                                   : autoinit.c.obj (.text:__TI_auto_init_nobinit_nopinit:__TI_auto_init_nobinit_nopinit)
                  000073b8    00000040                                   : sprintf.c.obj (.text:sprintf)
                  000073f8    00000040                                   : vsnprintf.c.obj (.text:vsnprintf)
                  00007438    0000003e                                   : _printfi.c.obj (.text:_fcpy)
                  00007476    00000002     --HOLE-- [fill = 0]
                  00007478    00000038                                   : memory.c.obj (.text:calloc)
                  000074b0    00000038                                   : fs_tod_t2.asm.obj (.text)
                  000074e8    00000034     driverlib.lib : interrupt.obj (.text:IntRegister)
                  0000751c    00000034     rtsv7M4_T_le_v4SPD16_eabi.lib : boot_cortex_m.c.obj (.text:_c_int00_noargs:_c_int00_noargs)
                  00007550    00000030                                   : vsnprintf.c.obj (.text:_outs)
                  00007580    0000002e                                   : i_tofd_t2.asm.obj (.text)
                  000075ae    00000002     --HOLE-- [fill = 0]
                  000075b0    00000028                                   : memory.c.obj (.text:free_list_insert)
                  000075d8    00000020                                   : u_tofd_t2.asm.obj (.text)
                  000075f8    0000001c                                   : memory.c.obj (.text:free_list_remove)
                  00007614    0000001c                                   : memccpy.c.obj (.text:memccpy)
                  00007630    0000001a                                   : s_copysign.c.obj (.text:copysign)
                  0000764a    00000018                                   : vsnprintf.c.obj (.text:_outc)
                  00007662    00000018                                   : sprintf.c.obj (.text:_outs)
                  0000767a    00000018     open_interface.obj (.text:oi_parseInt)
                  00007692    00000018     rtsv7M4_T_le_v4SPD16_eabi.lib : strcmp.c.obj (.text:strcmp)
                  000076aa    00000016                                   : strchr.c.obj (.text:strchr)
                  000076c0    00000014                                   : strcpy.c.obj (.text:strcpy)
                  000076d4    00000014                                   : strlen.c.obj (.text:strlen)
                  000076e8    00000012                                   : wcslen.c.obj (.text:wcslen)
                  000076fa    00000010     driverlib.lib : interrupt.obj (.text:IntMasterEnable)
                  0000770a    00000010     lcd.obj (.text:lcd_clear)
                  0000771a    0000000e     rtsv7M4_T_le_v4SPD16_eabi.lib : copy_decompress_none.c.obj (.text:decompress:none:__TI_decompress_none)
                  00007728    0000000c     driverlib.lib : cpu.obj (.text:CPUcpsie)
                  00007734    0000000c     rtsv7M4_T_le_v4SPD16_eabi.lib : copy_zero_init.c.obj (.text:decompress:ZI:__TI_zero_init)
                  00007740    0000000c     tm4c1230h6pm_startup_ccs.obj (.text)
                  0000774c    0000000a     rtsv7M4_T_le_v4SPD16_eabi.lib : sprintf.c.obj (.text:_outc)
                  00007756    00000002     --HOLE-- [fill = 0]
                  00007758    00000008                                   : errno.c.obj (.text:__aeabi_errno_addr)
                  00007760    00000008                                   : memory.c.obj (.text:malloc)
                  00007768    00000004                                   : pre_init.c.obj (.text:_system_pre_init)
                  0000776c    00000004                                   : exit.c.obj (.text:abort:abort)

.const     0    00007770    0000040b     
                  00007770    00000158     rtsv7M4_T_le_v4SPD16_eabi.lib : k_rem_pio2.c.obj (.const:$O1$$)
                  000078c8    00000101                                   : ctype.c.obj (.const:.string:_ctypes_)
                  000079c9    00000004     lcd.obj (.const:.string:lineAddress$1)
                  000079cd    00000003     --HOLE-- [fill = 0]
                  000079d0    00000098     rtsv7M4_T_le_v4SPD16_eabi.lib : s_atan.c.obj (.const:$O1$$)
                  00007a68    00000080     main.obj (.const:ir_table)
                  00007ae8    00000080     rtsv7M4_T_le_v4SPD16_eabi.lib : k_tan.c.obj (.const:xxx)
                  00007b68    0000000f     open_interface.obj (.const:.string:$P$T0$3)
                  00007b77    00000004     lcd.obj (.const:.string:lineAddresses$2)

.cinit     0    00007b80    00000060     
                  00007b80    0000002c     (.cinit..data.load) [load image, compression = lzss]
                  00007bac    0000000c     (__TI_handler_table)
                  00007bb8    00000008     (.cinit..bss.load) [load image, compression = zero_init]
                  00007bc0    00000008     (.cinit..vtable.load) [load image, compression = zero_init]
                  00007bc8    00000018     (__TI_cinit_table)

.init_array 
*          0    00000000    00000000     UNINITIALIZED

.vtable    0    20000000    0000026c     UNINITIALIZED
                  20000000    0000026c     driverlib.lib : interrupt.obj (.vtable)

.stack     0    20000270    00001000     UNINITIALIZED
                  20000270    00000004     rtsv7M4_T_le_v4SPD16_eabi.lib : boot_cortex_m.c.obj (.stack)
                  20000274    00000ffc     --HOLE--

.sysmem    0    20001270    00001000     UNINITIALIZED
                  20001270    00000010     rtsv7M4_T_le_v4SPD16_eabi.lib : memory.c.obj (.sysmem)
                  20001280    00000ff0     --HOLE--

.bss       0    20002270    000001db     UNINITIALIZED
                  20002270    000000f0     (.common:objArr)
                  20002360    00000054     lcd.obj (.bss:lastbuffer$3)
                  200023b4    00000028     (.common:map_x)
                  200023dc    00000028     (.common:map_y)
                  20002404    00000020     (.common:buffer)
                  20002424    00000018     open_interface.obj (.bss:firmware$2)
                  2000243c    00000004     (.common:_timeout_ticks)
                  20002440    00000004     (.common:irAverage)
                  20002444    00000004     (.common:m)
                  20002448    00000001     (.common:lastChar)
                  20002449    00000001     (.common:receivedChar)
                  2000244a    00000001     (.common:returnChar)

.data      0    2000244c    0000009c     UNINITIALIZED
                  2000244c    00000034     main.obj (.data)
                  20002480    00000020     open_interface.obj (.data)
                  200024a0    00000015     movement.obj (.data)
                  200024b5    00000001     Timer.obj (.data)
                  200024b6    00000002     --HOLE--
                  200024b8    00000009     ping_template.obj (.data)
                  200024c1    00000003     --HOLE--
                  200024c4    00000008     rtsv7M4_T_le_v4SPD16_eabi.lib : _lock.c.obj (.data:$O1$$)
                  200024cc    00000008                                   : memory.c.obj (.data:$O1$$)
                  200024d4    00000008     servo.obj (.data)
                  200024dc    00000008     uart-interrupt.obj (.data)
                  200024e4    00000004     rtsv7M4_T_le_v4SPD16_eabi.lib : errno.c.obj (.data)

__llvm_prf_cnts 
*          0    20000000    00000000     UNINITIALIZED

MODULE SUMMARY

       Module                         code    ro data   rw data
       ------                         ----    -------   -------
    .\
       open_interface.obj             3128    15        56     
       main.obj                       2548    128       334    
       movement.obj                   2364    0         101    
       lcd.obj                        824     8         84     
       servo.obj                      700     0         8      
       ping_template.obj              636     0         9      
       tm4c1230h6pm_startup_ccs.obj   12      620       0      
       Timer.obj                      584     0         5      
       uart-interrupt.obj             556     0         9      
       adc.obj                        228     0         0      
    +--+------------------------------+-------+---------+---------+
       Total:                         11580   771       606    
                                                               
    C:/ti/TivaWare_C_Series-2.2.0.295/driverlib/ccs/Debug/driverlib.lib
       interrupt.obj                  68      0         620    
       cpu.obj                        12      0         0      
    +--+------------------------------+-------+---------+---------+
       Total:                         80      0         620    
                                                               
    C:\ti\ccs1271\ccs\tools\compiler\ti-cgt-arm_20.2.7.LTS\lib\rtsv7M4_T_le_v4SPD16_eabi.lib
       _printfi.c.obj                 4851    0         0      
       k_rem_pio2.c.obj               1848    344       0      
       s_sin.c.obj                    1504    0         0      
       s_cos.c.obj                    1500    0         0      
       s_tan.c.obj                    1288    0         0      
       k_tan.c.obj                    796     128       0      
       s_atan.c.obj                   748     152       0      
       memory.c.obj                   728     0         8      
       e_atan2.c.obj                  484     0         0      
       fd_add_t2.asm.obj              438     0         0      
       k_sin.c.obj                    372     0         0      
       k_cos.c.obj                    368     0         0      
       e_sqrt.c.obj                   344     0         0      
       fd_div_t2.asm.obj              310     0         0      
       s_scalbn.c.obj                 272     0         0      
       fd_cmp_t2.asm.obj              268     0         0      
       ctype.c.obj                    0       257       0      
       fd_mul_t2.asm.obj              252     0         0      
       s_floor.c.obj                  248     0         0      
       memcpy_t2.asm.obj              156     0         0      
       ull_div_t2.asm.obj             150     0         0      
       vsnprintf.c.obj                136     0         0      
       memset_t2.asm.obj              122     0         0      
       fd_tos_t2.asm.obj              110     0         0      
       copy_decompress_lzss.c.obj     104     0         0      
       s_frexp.c.obj                  100     0         0      
       sprintf.c.obj                  98      0         0      
       _ltoa.c.obj                    84      0         0      
       atoi.c.obj                     76      0         0      
       fd_toi_t2.asm.obj              72      0         0      
       autoinit.c.obj                 68      0         0      
       fs_tod_t2.asm.obj              56      0         0      
       boot_cortex_m.c.obj            52      0         0      
       i_tofd_t2.asm.obj              46      0         0      
       u_tofd_t2.asm.obj              32      0         0      
       memccpy.c.obj                  28      0         0      
       s_copysign.c.obj               26      0         0      
       strcmp.c.obj                   24      0         0      
       strchr.c.obj                   22      0         0      
       strcpy.c.obj                   20      0         0      
       strlen.c.obj                   20      0         0      
       wcslen.c.obj                   18      0         0      
       copy_decompress_none.c.obj     14      0         0      
       copy_zero_init.c.obj           12      0         0      
       errno.c.obj                    8       0         4      
       _lock.c.obj                    2       0         8      
       exit.c.obj                     4       0         0      
       pre_init.c.obj                 4       0         0      
       div0.asm.obj                   2       0         0      
    +--+------------------------------+-------+---------+---------+
       Total:                         18285   881       20     
                                                               
       Heap:                          0       0         4096   
       Stack:                         0       0         4096   
       Linker Generated:              0       96        0      
    +--+------------------------------+-------+---------+---------+
       Grand Total:                   29945   1748      9438   


LINKER GENERATED COPY TABLES

__TI_cinit_table @ 00007bc8 records: 3, size/record: 8, table size: 24
	.data: load addr=00007b80, load size=0000002c bytes, run addr=2000244c, run size=0000009c bytes, compression=lzss
	.bss: load addr=00007bb8, load size=00000008 bytes, run addr=20002270, run size=000001db bytes, compression=zero_init
	.vtable: load addr=00007bc0, load size=00000008 bytes, run addr=20000000, run size=0000026c bytes, compression=zero_init


LINKER GENERATED HANDLER TABLE

__TI_handler_table @ 00007bac records: 3, size/record: 4, table size: 12
	index: 0, handler: __TI_zero_init
	index: 1, handler: __TI_decompress_lzss
	index: 2, handler: __TI_decompress_none


GLOBAL SYMBOLS: SORTED ALPHABETICALLY BY Name 

address   name                          
-------   ----                          
0000776d  C$$EXIT                       
00007729  CPUcpsie                      
00000bc3  GPIOF_Handler                 
000076fb  IntMasterEnable               
000074e9  IntRegister                   
00007741  ResetISR                      
00005155  TIMER3B_Handler               
0000582b  UART1_Handler                 
20001270  __STACK_END                   
00001000  __STACK_SIZE                  
20000470  __STACK_TOP                   
00001000  __SYSMEM_SIZE                 
00007bc8  __TI_CINIT_Base               
00007be0  __TI_CINIT_Limit              
00007bac  __TI_Handler_Table_Base       
00007bb8  __TI_Handler_Table_Limit      
00007375  __TI_auto_init_nobinit_nopinit
00007119  __TI_decompress_lzss          
0000771b  __TI_decompress_none          
0000723b  __TI_ltoa                     
ffffffff  __TI_pprof_out_hndl           
00000e8d  __TI_printfi                  
ffffffff  __TI_prof_data_size           
ffffffff  __TI_prof_data_start          
00000000  __TI_static_base__            
00007735  __TI_zero_init                
00006e45  __aeabi_cdcmpeq               
00006e45  __aeabi_cdcmple               
00006ecb  __aeabi_cdrcmple              
000070ab  __aeabi_d2f                   
0000732d  __aeabi_d2iz                  
00005d13  __aeabi_dadd                  
00006439  __aeabi_ddiv                  
000068a5  __aeabi_dmul                  
00005d09  __aeabi_dsub                  
00007759  __aeabi_errno_addr            
000074b1  __aeabi_f2d                   
00007581  __aeabi_i2d                   
00005ebf  __aeabi_idiv0                 
00005ebf  __aeabi_ldiv0                 
00006f51  __aeabi_memclr                
00006f51  __aeabi_memclr4               
00006f51  __aeabi_memclr8               
00006d13  __aeabi_memcpy                
00006d13  __aeabi_memcpy4               
00006d13  __aeabi_memcpy8               
00006f53  __aeabi_memset                
00006f53  __aeabi_memset4               
00006f53  __aeabi_memset8               
000075d9  __aeabi_ui2d                  
00006daf  __aeabi_uldivmod              
ffffffff  __binit__                     
ffffffff  __c_args__                    
00006035  __kernel_cos                  
00002c0d  __kernel_rem_pio2             
00005ec1  __kernel_sin                  
00004731  __kernel_tan                  
UNDEFED   __mpu_init                    
20000270  __stack                       
20000000  __start___llvm_prf_cnts       
20000000  __stop___llvm_prf_cnts        
0000751d  _c_int00_noargs               
000078c8  _ctypes_                      
200024c4  _lock                         
000018db  _nop                          
200024b5  _running                      
20001270  _sys_memory                   
UNDEFED   _system_post_cinit            
00007769  _system_pre_init              
2000243c  _timeout_ticks                
200024c8  _unlock                       
0000776d  abort                         
00006a99  adc_init                      
00006b11  adc_read                      
00001903  adc_to_cm                     
000067a5  aligned_alloc                 
20002474  angleTurnRate                 
00004a4d  atan                          
00005955  atan2                         
00005955  atan2l                        
00004a4d  atanl                         
000072e1  atoi                          
00002935  avoidObjects                  
ffffffff  binit                         
20002404  buffer                        
00007479  calloc                        
2000247c  candidateStartAngle           
200024dc  command_byte                  
200024e0  command_flag                  
00007631  copysign                      
00007631  copysignl                     
00003925  cos                           
00003925  cosl                          
200024b4  current_cmd                   
20002454  endingAngle                   
200024e4  errno                         
20002478  fallCount                     
000069a1  floor                         
000069a1  floorl                        
00006b7d  free                          
00007181  frexp                         
00007181  frexpl                        
200024bc  g_end_time                    
20000000  g_pfnRAMVectors               
00000000  g_pfnVectors                  
200024b8  g_start_time                  
200024c0  g_state                       
0000097f  go_charge                     
20002458  inObject                      
20002464  inObjectCounter               
20002440  irAverage                     
2000244c  irPrev                        
20002448  lastChar                      
0000770b  lcd_clear                     
000045dd  lcd_gotoLine                  
00004445  lcd_init                      
00004643  lcd_printf                    
00004505  lcd_putc                      
0000453d  lcd_puts                      
00004409  lcd_reverseNibble             
0000455b  lcd_sendCommand               
00004599  lcd_sendNibble                
00004605  lcd_setCursorPos              
00006695  ldexp                         
00006695  ldexpl                        
200024d8  left_calibration_value        
20002444  m                             
0000219d  main                          
00007761  malloc                        
200023b4  map_x                         
200023dc  map_y                         
000067a5  memalign                      
00007615  memccpy                       
00006d13  memcpy                        
00006f59  memset                        
2000245c  midAngle                      
20002480  motor_cal_factor_L            
20002484  motor_cal_factor_R            
0000237b  move_backward                 
0000230f  move_forward                  
0000252d  move_forward_two              
00002995  movement_update               
20002460  numObj                        
20002270  objArr                        
200024b0  object_count                  
0000026d  oi_alloc                      
00000aa9  oi_checkFirmware              
000002c7  oi_close                      
00000279  oi_free                       
00000ded  oi_getMotorCalibrationLeft    
00000e01  oi_getMotorCalibrationRight   
000002b1  oi_init                       
00000289  oi_init_noupdate              
00000915  oi_loadSong                   
0000767b  oi_parseInt                   
0000032b  oi_parsePacket                
0000096b  oi_play_song                  
0000084b  oi_setLeds                    
00000db1  oi_setMotorCalibration        
0000088f  oi_setWheels                  
00000b51  oi_shutoff_init               
0000098d  oi_uartInit                   
00000a31  oi_uartReceive                
00000a77  oi_uartSendBuff               
00000a15  oi_uartSendChar               
00000a59  oi_uartSendStr                
000002d9  oi_update                     
2000246c  peakAngle                     
20002468  peakIR                        
00005195  ping_getDistance              
00004ff5  ping_init                     
000050c5  ping_trigger                  
20002449  receivedChar                  
2000244a  returnChar                    
200024d4  right_calibration_value       
20002470  riseCount                     
200024a8  robot_angle                   
200024a0  robot_x                       
200024a4  robot_y                       
00006695  scalbn                        
00006695  scalbnl                       
00001a25  scan_and_map                  
000022d1  sendMovement                  
000018dd  sendString                    
00004e61  servo_calibrate               
00004d39  servo_init                    
00004e01  servo_move                    
00003345  sin                           
00003345  sinl                          
200024ac  smallest_object_num           
000073b9  sprintf                       
000061a5  sqrt                          
000061a5  sqrtl                         
20002450  startingAngle                 
000076ab  strchr                        
00007693  strcmp                        
000076c1  strcpy                        
000076d5  strlen                        
00003f01  tan                           
00003f01  tanl                          
000055ff  timer_getMicros               
000055a7  timer_getMillis               
000054e1  timer_init                    
00005583  timer_pause                   
00005595  timer_resume                  
00005559  timer_stop                    
00005659  timer_waitMicros              
0000568b  timer_waitMillis              
00002401  turn_left                     
0000247d  turn_right                    
00005729  uart_interrupt_init           
000057e9  uart_sendChar                 
00005805  uart_sendStr                  
000073f9  vsnprintf                     
000076e9  wcslen                        


GLOBAL SYMBOLS: SORTED BY Symbol Address 

address   name                          
-------   ----                          
00000000  __TI_static_base__            
00000000  g_pfnVectors                  
0000026d  oi_alloc                      
00000279  oi_free                       
00000289  oi_init_noupdate              
000002b1  oi_init                       
000002c7  oi_close                      
000002d9  oi_update                     
0000032b  oi_parsePacket                
0000084b  oi_setLeds                    
0000088f  oi_setWheels                  
00000915  oi_loadSong                   
0000096b  oi_play_song                  
0000097f  go_charge                     
0000098d  oi_uartInit                   
00000a15  oi_uartSendChar               
00000a31  oi_uartReceive                
00000a59  oi_uartSendStr                
00000a77  oi_uartSendBuff               
00000aa9  oi_checkFirmware              
00000b51  oi_shutoff_init               
00000bc3  GPIOF_Handler                 
00000db1  oi_setMotorCalibration        
00000ded  oi_getMotorCalibrationLeft    
00000e01  oi_getMotorCalibrationRight   
00000e8d  __TI_printfi                  
00001000  __STACK_SIZE                  
00001000  __SYSMEM_SIZE                 
000018db  _nop                          
000018dd  sendString                    
00001903  adc_to_cm                     
00001a25  scan_and_map                  
0000219d  main                          
000022d1  sendMovement                  
0000230f  move_forward                  
0000237b  move_backward                 
00002401  turn_left                     
0000247d  turn_right                    
0000252d  move_forward_two              
00002935  avoidObjects                  
00002995  movement_update               
00002c0d  __kernel_rem_pio2             
00003345  sin                           
00003345  sinl                          
00003925  cos                           
00003925  cosl                          
00003f01  tan                           
00003f01  tanl                          
00004409  lcd_reverseNibble             
00004445  lcd_init                      
00004505  lcd_putc                      
0000453d  lcd_puts                      
0000455b  lcd_sendCommand               
00004599  lcd_sendNibble                
000045dd  lcd_gotoLine                  
00004605  lcd_setCursorPos              
00004643  lcd_printf                    
00004731  __kernel_tan                  
00004a4d  atan                          
00004a4d  atanl                         
00004d39  servo_init                    
00004e01  servo_move                    
00004e61  servo_calibrate               
00004ff5  ping_init                     
000050c5  ping_trigger                  
00005155  TIMER3B_Handler               
00005195  ping_getDistance              
000054e1  timer_init                    
00005559  timer_stop                    
00005583  timer_pause                   
00005595  timer_resume                  
000055a7  timer_getMillis               
000055ff  timer_getMicros               
00005659  timer_waitMicros              
0000568b  timer_waitMillis              
00005729  uart_interrupt_init           
000057e9  uart_sendChar                 
00005805  uart_sendStr                  
0000582b  UART1_Handler                 
00005955  atan2                         
00005955  atan2l                        
00005d09  __aeabi_dsub                  
00005d13  __aeabi_dadd                  
00005ebf  __aeabi_idiv0                 
00005ebf  __aeabi_ldiv0                 
00005ec1  __kernel_sin                  
00006035  __kernel_cos                  
000061a5  sqrt                          
000061a5  sqrtl                         
00006439  __aeabi_ddiv                  
00006695  ldexp                         
00006695  ldexpl                        
00006695  scalbn                        
00006695  scalbnl                       
000067a5  aligned_alloc                 
000067a5  memalign                      
000068a5  __aeabi_dmul                  
000069a1  floor                         
000069a1  floorl                        
00006a99  adc_init                      
00006b11  adc_read                      
00006b7d  free                          
00006d13  __aeabi_memcpy                
00006d13  __aeabi_memcpy4               
00006d13  __aeabi_memcpy8               
00006d13  memcpy                        
00006daf  __aeabi_uldivmod              
00006e45  __aeabi_cdcmpeq               
00006e45  __aeabi_cdcmple               
00006ecb  __aeabi_cdrcmple              
00006f51  __aeabi_memclr                
00006f51  __aeabi_memclr4               
00006f51  __aeabi_memclr8               
00006f53  __aeabi_memset                
00006f53  __aeabi_memset4               
00006f53  __aeabi_memset8               
00006f59  memset                        
000070ab  __aeabi_d2f                   
00007119  __TI_decompress_lzss          
00007181  frexp                         
00007181  frexpl                        
0000723b  __TI_ltoa                     
000072e1  atoi                          
0000732d  __aeabi_d2iz                  
00007375  __TI_auto_init_nobinit_nopinit
000073b9  sprintf                       
000073f9  vsnprintf                     
00007479  calloc                        
000074b1  __aeabi_f2d                   
000074e9  IntRegister                   
0000751d  _c_int00_noargs               
00007581  __aeabi_i2d                   
000075d9  __aeabi_ui2d                  
00007615  memccpy                       
00007631  copysign                      
00007631  copysignl                     
0000767b  oi_parseInt                   
00007693  strcmp                        
000076ab  strchr                        
000076c1  strcpy                        
000076d5  strlen                        
000076e9  wcslen                        
000076fb  IntMasterEnable               
0000770b  lcd_clear                     
0000771b  __TI_decompress_none          
00007729  CPUcpsie                      
00007735  __TI_zero_init                
00007741  ResetISR                      
00007759  __aeabi_errno_addr            
00007761  malloc                        
00007769  _system_pre_init              
0000776d  C$$EXIT                       
0000776d  abort                         
000078c8  _ctypes_                      
00007bac  __TI_Handler_Table_Base       
00007bb8  __TI_Handler_Table_Limit      
00007bc8  __TI_CINIT_Base               
00007be0  __TI_CINIT_Limit              
20000000  __start___llvm_prf_cnts       
20000000  __stop___llvm_prf_cnts        
20000000  g_pfnRAMVectors               
20000270  __stack                       
20000470  __STACK_TOP                   
20001270  __STACK_END                   
20001270  _sys_memory                   
20002270  objArr                        
200023b4  map_x                         
200023dc  map_y                         
20002404  buffer                        
2000243c  _timeout_ticks                
20002440  irAverage                     
20002444  m                             
20002448  lastChar                      
20002449  receivedChar                  
2000244a  returnChar                    
2000244c  irPrev                        
20002450  startingAngle                 
20002454  endingAngle                   
20002458  inObject                      
2000245c  midAngle                      
20002460  numObj                        
20002464  inObjectCounter               
20002468  peakIR                        
2000246c  peakAngle                     
20002470  riseCount                     
20002474  angleTurnRate                 
20002478  fallCount                     
2000247c  candidateStartAngle           
20002480  motor_cal_factor_L            
20002484  motor_cal_factor_R            
200024a0  robot_x                       
200024a4  robot_y                       
200024a8  robot_angle                   
200024ac  smallest_object_num           
200024b0  object_count                  
200024b4  current_cmd                   
200024b5  _running                      
200024b8  g_start_time                  
200024bc  g_end_time                    
200024c0  g_state                       
200024c4  _lock                         
200024c8  _unlock                       
200024d4  right_calibration_value       
200024d8  left_calibration_value        
200024dc  command_byte                  
200024e0  command_flag                  
200024e4  errno                         
ffffffff  __TI_pprof_out_hndl           
ffffffff  __TI_prof_data_size           
ffffffff  __TI_prof_data_start          
ffffffff  __binit__                     
ffffffff  __c_args__                    
ffffffff  binit                         
UNDEFED   __mpu_init                    
UNDEFED   _system_post_cinit            

[215 symbols]
